../Core/Src/main.c:87:6:map	3
../Core/Src/main.c:102:6:update_pwm_duty_cycle	4
../Core/Src/main.c:111:5:main	6
../Core/Src/main.c:208:6:SystemClock_Config	3
../Core/Src/main.c:256:13:MX_I2C1_Init	2
../Core/Src/main.c:290:13:MX_TIM2_Init	7
../Core/Src/main.c:354:13:MX_USART2_UART_Init	2
../Core/Src/main.c:387:13:MX_GPIO_Init	1
../Core/Src/main.c:427:6:HAL_TIM_PeriodElapsedCallback	1
../Core/Src/main.c:437:6:HAL_TIM_PWM_PulseFinishedCallback	1
../Core/Src/main.c:447:6:HAL_TIM_ErrorCallback	1
../Core/Src/main.c:458:6:Error_Handler	1
