../Core/Src/main.c:83:5:main	24	static
../Core/Src/main.c:154:6:SystemClock_Config	88	static
../Core/Src/main.c:202:13:MX_I2C1_Init	8	static
../Core/Src/main.c:236:13:MX_TIM2_Init	64	static
../Core/Src/main.c:300:13:MX_USART2_UART_Init	8	static
../Core/Src/main.c:333:13:MX_GPIO_Init	48	static
../Core/Src/main.c:373:6:HAL_TIM_PeriodElapsedCallback	16	static
../Core/Src/main.c:383:6:HAL_TIM_PWM_PulseFinishedCallback	16	static
../Core/Src/main.c:393:6:HAL_TIM_ErrorCallback	16	static
../Core/Src/main.c:404:6:Error_Handler	4	static,ignoring_inline_asm
