../Core/Src/main.c:99:6:map	3
../Core/Src/main.c:114:6:update_pwm_duty_cycle	4
../Core/Src/main.c:123:5:main	7
../Core/Src/main.c:260:6:SystemClock_Config	3
../Core/Src/main.c:308:13:MX_I2C1_Init	2
../Core/Src/main.c:342:13:MX_TIM2_Init	7
../Core/Src/main.c:406:13:MX_USART2_UART_Init	2
../Core/Src/main.c:439:13:MX_GPIO_Init	1
../Core/Src/main.c:480:6:HAL_TIM_PWM_PulseFinishedCallback	1
../Core/Src/main.c:490:6:HAL_TIM_ErrorCallback	1
../Core/Src/main.c:504:6:StartDefaultTask	1
../Core/Src/main.c:523:6:HAL_TIM_PeriodElapsedCallback	2
../Core/Src/main.c:541:6:Error_Handler	1
