../Core/Src/main.c:89:6:map	32	static
../Core/Src/main.c:104:6:update_pwm_duty_cycle	16	static
../Core/Src/main.c:113:5:main	64	static,ignoring_inline_asm
../Core/Src/main.c:214:6:SystemClock_Config	88	static
../Core/Src/main.c:262:13:MX_I2C1_Init	8	static
../Core/Src/main.c:296:13:MX_TIM2_Init	64	static
../Core/Src/main.c:360:13:MX_USART2_UART_Init	8	static
../Core/Src/main.c:393:13:MX_GPIO_Init	48	static
../Core/Src/main.c:433:6:HAL_TIM_PeriodElapsedCallback	16	static
../Core/Src/main.c:443:6:HAL_TIM_PWM_PulseFinishedCallback	16	static
../Core/Src/main.c:453:6:HAL_TIM_ErrorCallback	16	static
../Core/Src/main.c:464:6:Error_Handler	4	static,ignoring_inline_asm
