../Core/Src/main.c:89:6:map	3
../Core/Src/main.c:104:6:update_pwm_duty_cycle	4
../Core/Src/main.c:113:5:main	7
../Core/Src/main.c:214:6:SystemClock_Config	3
../Core/Src/main.c:262:13:MX_I2C1_Init	2
../Core/Src/main.c:296:13:MX_TIM2_Init	7
../Core/Src/main.c:360:13:MX_USART2_UART_Init	2
../Core/Src/main.c:393:13:MX_GPIO_Init	1
../Core/Src/main.c:433:6:HAL_TIM_PeriodElapsedCallback	1
../Core/Src/main.c:443:6:HAL_TIM_PWM_PulseFinishedCallback	1
../Core/Src/main.c:453:6:HAL_TIM_ErrorCallback	1
../Core/Src/main.c:464:6:Error_Handler	1
