2025-12-09 21:50:17,908 [INFO] Activator:176 - 


2025-12-09 21:50:17,919 [INFO] Activator:177 - !SESSION log4j initialized
2025-12-09 21:50:30,861 [INFO] LogOutputStream:77 - [STDOUT_REDIRECT] 
2025-12-09 21:50:34,523 [INFO] ApplicationProperties:184 - Using Application install path: F:\Knowledge_Update\STM32CubeIDE_1.19.0\STM32CubeIDE\plugins\com.st.stm32cube.common.mx_6.15.0.202507011659
2025-12-09 21:50:34,554 [INFO] DbMcusXml:78 - Set database path to: F:\Knowledge_Update\STM32CubeIDE_1.19.0\STM32CubeIDE\plugins\com.st.stm32cube.common.mx_6.15.0.202507011659\\db\/mcu/
2025-12-09 21:50:34,554 [INFO] ApiDb:274 - Set plugin database path to: F:\Knowledge_Update\STM32CubeIDE_1.19.0\STM32CubeIDE\plugins\com.st.stm32cube.common.mx_6.15.0.202507011659\\db\/plugins/boardmanager/
2025-12-09 21:50:34,555 [WARN] ApiDb:259 - Overriding images path with different value:  => F:\Knowledge_Update\STM32CubeIDE_1.19.0\STM32CubeIDE\plugins\com.st.stm32cube.common.mx_6.15.0.202507011659\\db\/plugins/mcufinder/images/
2025-12-09 21:50:34,565 [INFO] ApiDb:250 - Set database path to: C:\Users\hp\.stmcufinder\plugins\mcufinder//mcu/
2025-12-09 21:50:34,566 [INFO] DbMcusAds:125 - Set database path to: C:\Users\hp\.stmcufinder\plugins\mcufinder//mcu/
2025-12-09 21:50:34,570 [INFO] CrossReferenceDbSqlite:203 - Set database path to: C:\Users\hp\.stmcufinder\plugins\mcufinder//mcu/cs/
2025-12-09 21:50:34,788 [INFO] RulesReader:64 - Compatibility file has been processed (317 Rules)
2025-12-09 21:50:34,969 [INFO] DbMcusXml:78 - Set database path to: F:\Knowledge_Update\STM32CubeIDE_1.19.0\STM32CubeIDE\plugins\com.st.stm32cube.common.mx_6.15.0.202507011659\\db\/mcu/
2025-12-09 21:50:34,969 [INFO] ApiDb:274 - Set plugin database path to: F:\Knowledge_Update\STM32CubeIDE_1.19.0\STM32CubeIDE\plugins\com.st.stm32cube.common.mx_6.15.0.202507011659\\db\/plugins/boardmanager/
2025-12-09 21:50:34,969 [INFO] ApiDb:261 - Set plugin images path to: F:\Knowledge_Update\STM32CubeIDE_1.19.0\STM32CubeIDE\plugins\com.st.stm32cube.common.mx_6.15.0.202507011659\\db\/plugins/mcufinder/images/
2025-12-09 21:50:34,970 [WARN] DbFile:41 - Overriding database path with different value: C:\Users\hp\.stmcufinder\plugins\mcufinder/ => C:\Users\hp\.stmcufinder\plugins\mcufinder
2025-12-09 21:50:34,970 [INFO] ApiDb:250 - Set database path to: C:\Users\hp\.stmcufinder\plugins\mcufinder//mcu/
2025-12-09 21:50:34,970 [WARN] DbFile:41 - Overriding database path with different value: C:\Users\hp\.stmcufinder\plugins\mcufinder/ => C:\Users\hp\.stmcufinder\plugins\mcufinder
2025-12-09 21:50:34,970 [INFO] DbMcusAds:125 - Set database path to: C:\Users\hp\.stmcufinder\plugins\mcufinder//mcu/
2025-12-09 21:50:34,971 [WARN] DbFile:41 - Overriding database path with different value: C:\Users\hp\.stmcufinder\plugins\mcufinder/ => C:\Users\hp\.stmcufinder\plugins\mcufinder
2025-12-09 21:50:34,971 [WARN] DbFile:41 - Overriding database path with different value: C:\Users\hp\.stmcufinder\plugins\mcufinder/ => C:\Users\hp\.stmcufinder\plugins\mcufinder
2025-12-09 21:50:34,971 [INFO] CrossReferenceDbSqlite:203 - Set database path to: C:\Users\hp\.stmcufinder\plugins\mcufinder//mcu/cs/
2025-12-09 21:50:35,124 [INFO] MainPanel:274 - HeapMemory: 268435456
2025-12-09 21:50:35,367 [INFO] DbMcusXml:78 - Set database path to: F:\Knowledge_Update\STM32CubeIDE_1.19.0\STM32CubeIDE\plugins\com.st.stm32cube.common.mx_6.15.0.202507011659\\db\/mcu/
2025-12-09 21:50:35,368 [INFO] ApiDb:274 - Set plugin database path to: F:\Knowledge_Update\STM32CubeIDE_1.19.0\STM32CubeIDE\plugins\com.st.stm32cube.common.mx_6.15.0.202507011659\\db\/plugins/boardmanager/
2025-12-09 21:50:35,368 [INFO] ApiDb:261 - Set plugin images path to: F:\Knowledge_Update\STM32CubeIDE_1.19.0\STM32CubeIDE\plugins\com.st.stm32cube.common.mx_6.15.0.202507011659\\db\/plugins/mcufinder/images/
2025-12-09 21:50:35,369 [WARN] DbFile:41 - Overriding database path with different value: C:\Users\hp\.stmcufinder\plugins\mcufinder/ => C:\Users\hp\.stmcufinder\plugins\mcufinder
2025-12-09 21:50:35,369 [INFO] ApiDb:250 - Set database path to: C:\Users\hp\.stmcufinder\plugins\mcufinder//mcu/
2025-12-09 21:50:35,369 [WARN] DbFile:41 - Overriding database path with different value: C:\Users\hp\.stmcufinder\plugins\mcufinder/ => C:\Users\hp\.stmcufinder\plugins\mcufinder
2025-12-09 21:50:35,370 [INFO] DbMcusAds:125 - Set database path to: C:\Users\hp\.stmcufinder\plugins\mcufinder//mcu/
2025-12-09 21:50:35,371 [WARN] DbFile:41 - Overriding database path with different value: C:\Users\hp\.stmcufinder\plugins\mcufinder/ => C:\Users\hp\.stmcufinder\plugins\mcufinder
2025-12-09 21:50:35,371 [WARN] DbFile:41 - Overriding database path with different value: C:\Users\hp\.stmcufinder\plugins\mcufinder/ => C:\Users\hp\.stmcufinder\plugins\mcufinder
2025-12-09 21:50:35,372 [INFO] CrossReferenceDbSqlite:203 - Set database path to: C:\Users\hp\.stmcufinder\plugins\mcufinder//mcu/cs/
2025-12-09 21:50:35,425 [INFO] ApplicationProperties:184 - Using Application install path: F:\Knowledge_Update\STM32CubeIDE_1.19.0\STM32CubeIDE\plugins\com.st.stm32cube.common.mx_6.15.0.202507011659
2025-12-09 21:50:35,428 [INFO] PluginManage:196 - Search for loadable plugins [exclusion list=, ]
2025-12-09 21:50:35,431 [INFO] PluginManage:310 - Check plugin analytics
2025-12-09 21:50:35,847 [INFO] AnalyticsPlugin:253 - Accepted Software Licenses: STM32CubeMX.6.15.0
2025-12-09 21:50:35,847 [INFO] AnalyticsPlugin:255 - Accepted CMSIS Pack Licenses: 
2025-12-09 21:50:35,848 [INFO] AnalyticsPlugin:257 - Accepted Firmware Licenses: FW.F4.1.28.0
2025-12-09 21:50:35,852 [INFO] PluginManage:359 - Loaded plugin analytics (category:tool,tabindex:-1)
2025-12-09 21:50:35,852 [INFO] PluginManage:310 - Check plugin cadmodel
2025-12-09 21:50:35,865 [INFO] CADModel:105 - Init CAD model plugin
2025-12-09 21:50:35,865 [INFO] PluginManage:359 - Loaded plugin cadmodel (category:power,tabindex:5)
2025-12-09 21:50:35,865 [INFO] PluginManage:310 - Check plugin clock
2025-12-09 21:50:35,886 [INFO] PluginManage:359 - Loaded plugin clock (category:base,tabindex:2)
2025-12-09 21:50:35,886 [INFO] PluginManage:310 - Check plugin ddr
2025-12-09 21:50:35,890 [INFO] PluginManage:359 - Loaded plugin ddr (category:tool,tabindex:6)
2025-12-09 21:50:35,890 [INFO] PluginManage:310 - Check plugin filemanager
2025-12-09 21:50:36,320 [INFO] PluginManage:359 - Loaded plugin filemanager (category:base,tabindex:10)
2025-12-09 21:50:36,320 [INFO] PluginManage:310 - Check plugin ipmanager
2025-12-09 21:50:36,341 [INFO] PluginManage:359 - Loaded plugin ipmanager (category:base,tabindex:5)
2025-12-09 21:50:36,342 [INFO] PluginManage:310 - Check plugin lpbam
2025-12-09 21:50:36,446 [INFO] PluginManage:359 - Loaded plugin lpbam (category:base,tabindex:0)
2025-12-09 21:50:36,447 [INFO] PluginManage:310 - Check plugin memorymap
2025-12-09 21:50:36,546 [INFO] PluginManage:359 - Loaded plugin memorymap (category:base,tabindex:4)
2025-12-09 21:50:36,547 [INFO] PluginManage:310 - Check plugin pinoutandconfiguration
2025-12-09 21:50:36,573 [INFO] PluginManage:359 - Loaded plugin pinoutandconfiguration (category:base,tabindex:1)
2025-12-09 21:50:36,573 [INFO] PluginManage:310 - Check plugin pinoutconfig
2025-12-09 21:50:37,157 [WARN] SupportedApi:132 - Cannot load RTOS API schema: s4s-elt-must-match.1: The content of 'definitions' must match (annotation?, (simpleType | complexType)?, (unique | key | keyref)*)). A problem was found starting at: attribute.
2025-12-09 21:50:37,504 [INFO] PluginManage:359 - Loaded plugin pinoutconfig (category:base,tabindex:0)
2025-12-09 21:50:37,505 [INFO] PluginManage:310 - Check plugin power
2025-12-09 21:50:37,535 [INFO] PluginManage:359 - Loaded plugin power (category:power,tabindex:4)
2025-12-09 21:50:37,536 [INFO] PluginManage:310 - Check plugin projectmanager
2025-12-09 21:50:37,580 [INFO] PluginManage:359 - Loaded plugin projectmanager (category:projectmanager,tabindex:4)
2025-12-09 21:50:37,580 [INFO] PluginManage:310 - Check plugin rif
2025-12-09 21:50:37,834 [INFO] PluginManage:359 - Loaded plugin rif (category:base,tabindex:3)
2025-12-09 21:50:37,834 [INFO] PluginManage:310 - Check plugin thirdparty
2025-12-09 21:50:38,149 [WARN] IntegrityCheckThread:84 - waiting for thirdparty lock release [integrity check]
2025-12-09 21:50:38,150 [INFO] IntegrityCheckThread:86 - entering critical section [integrity check]
2025-12-09 21:50:38,150 [INFO] PluginManage:359 - Loaded plugin thirdparty (category:base,tabindex:-1)
2025-12-09 21:50:38,150 [INFO] PluginManage:310 - Check plugin tools
2025-12-09 21:50:38,151 [INFO] ThirdPartyUpdaterWithRetryManager:70 - Updater plugin not ready yet. [1/15]
2025-12-09 21:50:38,157 [INFO] PluginManage:359 - Loaded plugin tools (category:base,tabindex:7)
2025-12-09 21:50:38,157 [INFO] PluginManage:310 - Check plugin tutovideos
2025-12-09 21:50:38,760 [INFO] PluginManage:359 - Loaded plugin tutovideos (category:base,tabindex:-1)
2025-12-09 21:50:38,760 [INFO] PluginManage:310 - Check plugin updater
2025-12-09 21:50:38,825 [INFO] PluginManage:359 - Loaded plugin updater (category:base,tabindex:12)
2025-12-09 21:50:38,825 [INFO] PluginManage:310 - Check plugin userauth
2025-12-09 21:50:38,835 [INFO] UserAuth:118 - Init User Auth plugin
2025-12-09 21:50:38,841 [INFO] PluginManage:359 - Loaded plugin userauth (category:base,tabindex:14)
2025-12-09 21:50:38,843 [INFO] PluginManage:283 - PluginManage : Loaded plugins [18]
2025-12-09 21:50:39,420 [INFO] PinOutPanel:1589 - setPackage(No Configuration,No Configuration)
2025-12-09 21:50:39,881 [INFO] CADModel:165 - CPN selected for project level
2025-12-09 21:50:39,881 [INFO] CADModel:114 - Register for checkConnection events
2025-12-09 21:50:40,089 [INFO] IPUIPlugin:80 - create IPUIPlugin
2025-12-09 21:50:40,089 [INFO] PluginManager:220 - loadIPPluginJar : add adc
2025-12-09 21:50:40,103 [INFO] IPUIPlugin:80 - create IPUIPlugin
2025-12-09 21:50:40,104 [INFO] PluginManager:220 - loadIPPluginJar : add aes
2025-12-09 21:50:40,124 [INFO] IPUIPlugin:80 - create IPUIPlugin
2025-12-09 21:50:40,124 [INFO] PluginManager:220 - loadIPPluginJar : add can
2025-12-09 21:50:40,135 [INFO] IPUIPlugin:80 - create IPUIPlugin
2025-12-09 21:50:40,135 [INFO] PluginManager:220 - loadIPPluginJar : add comp
2025-12-09 21:50:40,148 [INFO] IPUIPlugin:80 - create IPUIPlugin
2025-12-09 21:50:40,148 [INFO] PluginManager:220 - loadIPPluginJar : add cryp
2025-12-09 21:50:40,155 [INFO] IPUIPlugin:80 - create IPUIPlugin
2025-12-09 21:50:40,155 [INFO] PluginManager:220 - loadIPPluginJar : add ddr_ctrl_phy
2025-12-09 21:50:40,161 [INFO] IPUIPlugin:80 - create IPUIPlugin
2025-12-09 21:50:40,162 [INFO] PluginManager:220 - loadIPPluginJar : add dfsdm
2025-12-09 21:50:40,201 [INFO] IPUIPlugin:80 - create IPUIPlugin
2025-12-09 21:50:40,202 [INFO] PluginManager:220 - loadIPPluginJar : add dma
2025-12-09 21:50:40,210 [INFO] IPUIPlugin:80 - create IPUIPlugin
2025-12-09 21:50:40,210 [INFO] PluginManager:220 - loadIPPluginJar : add dma3
2025-12-09 21:50:40,220 [INFO] IPUIPlugin:80 - create IPUIPlugin
2025-12-09 21:50:40,221 [INFO] PluginManager:220 - loadIPPluginJar : add extmemmanager
2025-12-09 21:50:40,225 [INFO] IPUIPlugin:80 - create IPUIPlugin
2025-12-09 21:50:40,225 [INFO] PluginManager:220 - loadIPPluginJar : add fatfs
2025-12-09 21:50:40,240 [INFO] IPUIPlugin:80 - create IPUIPlugin
2025-12-09 21:50:40,240 [INFO] PluginManager:220 - loadIPPluginJar : add fmc
2025-12-09 21:50:40,345 [INFO] IPUIPlugin:80 - create IPUIPlugin
2025-12-09 21:50:40,346 [INFO] PluginManager:220 - loadIPPluginJar : add freertos
2025-12-09 21:50:40,353 [INFO] IPUIPlugin:80 - create IPUIPlugin
2025-12-09 21:50:40,353 [INFO] PluginManager:220 - loadIPPluginJar : add genericplugin
2025-12-09 21:50:40,369 [INFO] IPUIPlugin:80 - create IPUIPlugin
2025-12-09 21:50:40,369 [INFO] PluginManager:220 - loadIPPluginJar : add gfxmmu
2025-12-09 21:50:40,398 [INFO] IPUIPlugin:80 - create IPUIPlugin
2025-12-09 21:50:40,399 [INFO] PluginManager:220 - loadIPPluginJar : add gic
2025-12-09 21:50:40,442 [INFO] IPUIPlugin:80 - create IPUIPlugin
2025-12-09 21:50:40,442 [INFO] PluginManager:220 - loadIPPluginJar : add gpio
2025-12-09 21:50:40,518 [INFO] IPUIPlugin:80 - create IPUIPlugin
2025-12-09 21:50:40,519 [INFO] PluginManager:220 - loadIPPluginJar : add gtzc
2025-12-09 21:50:40,530 [INFO] IPUIPlugin:80 - create IPUIPlugin
2025-12-09 21:50:40,531 [INFO] PluginManager:220 - loadIPPluginJar : add hash
2025-12-09 21:50:40,544 [INFO] IPUIPlugin:80 - create IPUIPlugin
2025-12-09 21:50:40,545 [INFO] PluginManager:220 - loadIPPluginJar : add i2c
2025-12-09 21:50:40,555 [INFO] IPUIPlugin:80 - create IPUIPlugin
2025-12-09 21:50:40,556 [INFO] PluginManager:220 - loadIPPluginJar : add i2s
2025-12-09 21:50:40,568 [INFO] IPUIPlugin:80 - create IPUIPlugin
2025-12-09 21:50:40,568 [INFO] PluginManager:220 - loadIPPluginJar : add i3c
2025-12-09 21:50:40,583 [INFO] IPUIPlugin:80 - create IPUIPlugin
2025-12-09 21:50:40,584 [INFO] PluginManager:220 - loadIPPluginJar : add ipddr
2025-12-09 21:50:40,605 [INFO] IPUIPlugin:80 - create IPUIPlugin
2025-12-09 21:50:40,606 [INFO] PluginManager:220 - loadIPPluginJar : add linkedlist
2025-12-09 21:50:40,616 [INFO] IPUIPlugin:80 - create IPUIPlugin
2025-12-09 21:50:40,616 [INFO] PluginManager:220 - loadIPPluginJar : add lorawan
2025-12-09 21:50:40,623 [INFO] IPUIPlugin:80 - create IPUIPlugin
2025-12-09 21:50:40,623 [INFO] PluginManager:220 - loadIPPluginJar : add ltdc
2025-12-09 21:50:40,655 [INFO] IPUIPlugin:80 - create IPUIPlugin
2025-12-09 21:50:40,655 [INFO] PluginManager:220 - loadIPPluginJar : add mdma
2025-12-09 21:50:40,682 [INFO] IPUIPlugin:80 - create IPUIPlugin
2025-12-09 21:50:40,683 [INFO] PluginManager:220 - loadIPPluginJar : add nvic
2025-12-09 21:50:40,691 [INFO] IPUIPlugin:80 - create IPUIPlugin
2025-12-09 21:50:40,691 [INFO] PluginManager:220 - loadIPPluginJar : add opamp
2025-12-09 21:50:40,702 [INFO] IPUIPlugin:80 - create IPUIPlugin
2025-12-09 21:50:40,702 [INFO] PluginManager:220 - loadIPPluginJar : add openamp
2025-12-09 21:50:40,711 [INFO] IPUIPlugin:80 - create IPUIPlugin
2025-12-09 21:50:40,711 [INFO] PluginManager:220 - loadIPPluginJar : add pdm2pcm
2025-12-09 21:50:40,739 [INFO] IPUIPlugin:80 - create IPUIPlugin
2025-12-09 21:50:40,746 [INFO] PluginManager:220 - loadIPPluginJar : add plateformsettings
2025-12-09 21:50:40,753 [INFO] IPUIPlugin:80 - create IPUIPlugin
2025-12-09 21:50:40,753 [INFO] PluginManager:220 - loadIPPluginJar : add quadspi
2025-12-09 21:50:40,763 [INFO] IPUIPlugin:80 - create IPUIPlugin
2025-12-09 21:50:40,765 [INFO] PluginManager:220 - loadIPPluginJar : add radio
2025-12-09 21:50:40,874 [INFO] IPUIPlugin:80 - create IPUIPlugin
2025-12-09 21:50:40,874 [INFO] PluginManager:220 - loadIPPluginJar : add resmgrutility
2025-12-09 21:50:40,886 [INFO] IPUIPlugin:80 - create IPUIPlugin
2025-12-09 21:50:40,887 [INFO] PluginManager:220 - loadIPPluginJar : add sai
2025-12-09 21:50:40,894 [INFO] IPUIPlugin:80 - create IPUIPlugin
2025-12-09 21:50:40,894 [INFO] PluginManager:220 - loadIPPluginJar : add spi
2025-12-09 21:50:40,910 [INFO] IPUIPlugin:80 - create IPUIPlugin
2025-12-09 21:50:40,910 [INFO] PluginManager:220 - loadIPPluginJar : add stm32_wpan
2025-12-09 21:50:40,916 [INFO] IPUIPlugin:80 - create IPUIPlugin
2025-12-09 21:50:40,916 [INFO] PluginManager:220 - loadIPPluginJar : add tim
2025-12-09 21:50:40,928 [INFO] IPUIPlugin:80 - create IPUIPlugin
2025-12-09 21:50:40,928 [INFO] PluginManager:220 - loadIPPluginJar : add touchsensing
2025-12-09 21:50:40,934 [INFO] IPUIPlugin:80 - create IPUIPlugin
2025-12-09 21:50:40,935 [INFO] PluginManager:220 - loadIPPluginJar : add tracer_emb
2025-12-09 21:50:40,941 [INFO] IPUIPlugin:80 - create IPUIPlugin
2025-12-09 21:50:40,942 [INFO] PluginManager:220 - loadIPPluginJar : add ts
2025-12-09 21:50:40,948 [INFO] IPUIPlugin:80 - create IPUIPlugin
2025-12-09 21:50:40,948 [INFO] PluginManager:220 - loadIPPluginJar : add tsc
2025-12-09 21:50:40,955 [INFO] IPUIPlugin:80 - create IPUIPlugin
2025-12-09 21:50:40,955 [INFO] PluginManager:220 - loadIPPluginJar : add ucpd
2025-12-09 21:50:40,966 [INFO] IPUIPlugin:80 - create IPUIPlugin
2025-12-09 21:50:40,966 [INFO] PluginManager:220 - loadIPPluginJar : add usart
2025-12-09 21:50:40,977 [INFO] IPUIPlugin:80 - create IPUIPlugin
2025-12-09 21:50:40,978 [INFO] PluginManager:220 - loadIPPluginJar : add usbx
2025-12-09 21:50:41,153 [INFO] ThirdPartyUpdaterWithRetryManager:70 - Updater plugin not ready yet. [2/15]
2025-12-09 21:50:41,231 [FATAL] Updater:351 - Updater called before beeing initialized
2025-12-09 21:50:41,303 [INFO] RulesReader:64 - Compatibility file has been processed (317 Rules)
2025-12-09 21:50:41,336 [INFO] RulesReader:64 - Compatibility file has been processed (317 Rules)
2025-12-09 21:50:41,355 [INFO] CADModel:165 - CPN selected for project level
2025-12-09 21:50:41,355 [INFO] CADModel:114 - Register for checkConnection events
2025-12-09 21:50:41,355 [FATAL] Updater:351 - Updater called before beeing initialized
2025-12-09 21:50:41,356 [ERROR] CADModel:125 - Updater not yet initialized, retry later 
2025-12-09 21:50:41,772 [FATAL] Updater:351 - Updater called before beeing initialized
2025-12-09 21:50:41,775 [INFO] CADModel:165 - CPN selected for project level
2025-12-09 21:50:41,776 [INFO] CADModel:114 - Register for checkConnection events
2025-12-09 21:50:41,776 [FATAL] Updater:351 - Updater called before beeing initialized
2025-12-09 21:50:41,776 [ERROR] CADModel:125 - Updater not yet initialized, retry later 
2025-12-09 21:50:41,782 [FATAL] Updater:351 - Updater called before beeing initialized
2025-12-09 21:50:42,137 [FATAL] Updater:351 - Updater called before beeing initialized
2025-12-09 21:50:42,146 [INFO] DbMcusAds:53 - JSON generation date=Tue Nov 25 15:08:32 CET 2025 (1764079712287)
2025-12-09 21:50:42,146 [FATAL] Updater:351 - Updater called before beeing initialized
2025-12-09 21:50:42,273 [WARN] DetailPanel:346 - Failed to get advertising image, set to default
2025-12-09 21:50:42,582 [FATAL] Updater:351 - Updater called before beeing initialized
2025-12-09 21:50:42,585 [FATAL] Updater:351 - Updater called before beeing initialized
2025-12-09 21:50:42,585 [FATAL] Updater:351 - Updater called before beeing initialized
2025-12-09 21:50:42,585 [WARN] DetailPanel:346 - Failed to get advertising image, set to default
2025-12-09 21:50:42,587 [FATAL] Updater:351 - Updater called before beeing initialized
2025-12-09 21:50:42,778 [ERROR] Updater:1198 - MainUpdater not yet initialized. External WinMGr cannot be set.
2025-12-09 21:50:42,785 [INFO] Updater:1134 - Updater Version found : 6.15.0
2025-12-09 21:50:42,815 [INFO] ApplicationProperties:184 - Using Application install path: F:\Knowledge_Update\STM32CubeIDE_1.19.0\STM32CubeIDE\plugins\com.st.stm32cube.common.mx_6.15.0.202507011659
2025-12-09 21:50:44,155 [FATAL] Updater:351 - Updater called before beeing initialized
2025-12-09 21:50:44,156 [ERROR] IntegrityCheckThread:130 - Cannot retrieve database content from updater: error 21
2025-12-09 21:50:44,156 [INFO] ThirdParty:978 - Integrity check success = false
2025-12-09 21:50:44,156 [INFO] IntegrityCheckThread:100 - exiting critical section [integrity check]
2025-12-09 21:50:44,157 [INFO] IntegrityCheckThread:103 - End integrity checks thread
2025-12-09 21:50:44,429 [ERROR] LogOutputStream:75 - [STDERR_REDIRECT] Dec 09, 2025 9:50:44 PM java.util.prefs.WindowsPreferences <init>
2025-12-09 21:50:44,436 [ERROR] LogOutputStream:75 - [STDERR_REDIRECT] WARNING: Could not open/create prefs root node Software\JavaSoft\Prefs at root 0xffffffff80000002. Windows RegCreateKeyEx(...) returned error code 5.
2025-12-09 21:50:44,437 [ERROR] LogOutputStream:75 - [STDERR_REDIRECT] 
2025-12-09 21:50:46,754 [INFO] MainUpdater:2872 - connection check result : 10
2025-12-09 21:50:46,755 [INFO] MainUpdater:289 - Updater Check For Update Now.
2025-12-09 21:50:46,756 [INFO] MicroXplorer:498 - Change Database Version : DB.6.0.150
2025-12-09 21:50:46,768 [INFO] McuFinderGlobals:63 - Set McuFinder mode to 2 (CubeIDE integrated)
2025-12-09 21:50:46,769 [INFO] UserAuth:171 - activating auth plugin
2025-12-09 21:50:46,774 [INFO] UserAuth:487 - Internet connection configuration mode: 1
2025-12-09 21:50:46,814 [INFO] JxBrowserEngine:152 - Initiate JxBrowser Engine with user profile folder
2025-12-09 21:50:47,140 [INFO] CheckServerUpdateThread:120 - End of CheckServer Thread
2025-12-09 21:50:53,761 [INFO] WebApp:169 - Instantiating new browser for Auth
2025-12-09 21:50:55,751 [INFO] WebApp:463 - Apply proxy settings
2025-12-09 21:50:55,751 [INFO] WebApp:548 - Chromium requires no authentication
2025-12-09 21:50:55,772 [INFO] WebApp:491 - Direct internet connection detected
2025-12-09 21:50:55,814 [INFO] WebApp:900 - Register for checkConnection events
2025-12-09 21:50:55,814 [INFO] WebApp:463 - Apply proxy settings
2025-12-09 21:50:55,815 [INFO] WebApp:548 - Chromium requires no authentication
2025-12-09 21:50:55,815 [INFO] WebApp:491 - Direct internet connection detected
2025-12-09 21:50:56,246 [INFO] WebApp:191 - Connection restablished
2025-12-09 21:50:56,273 [INFO] WebApp:225 - Starting web application
2025-12-09 21:50:56,273 [INFO] WebApp:593 - Web application path used F:\Knowledge_Update\STM32CubeIDE_1.19.0\STM32CubeIDE\plugins\com.st.stm32cube.common.mx_6.15.0.202507011659\db\plugins\mcufinder\reactClient1\index.html
