2025-11-18 09:13:19,694 [INFO] Activator:176 - 


2025-11-18 09:13:19,705 [INFO] Activator:177 - !SESSION log4j initialized
2025-11-18 09:13:33,805 [INFO] LogOutputStream:77 - [STDOUT_REDIRECT] 
2025-11-18 09:13:37,306 [INFO] ApplicationProperties:184 - Using Application install path: F:\Knowledge_Update\STM32CubeIDE_1.19.0\STM32CubeIDE\plugins\com.st.stm32cube.common.mx_6.15.0.202507011659
2025-11-18 09:13:37,344 [INFO] DbMcusXml:78 - Set database path to: F:\Knowledge_Update\STM32CubeIDE_1.19.0\STM32CubeIDE\plugins\com.st.stm32cube.common.mx_6.15.0.202507011659\\db\/mcu/
2025-11-18 09:13:37,345 [INFO] ApiDb:274 - Set plugin database path to: F:\Knowledge_Update\STM32CubeIDE_1.19.0\STM32CubeIDE\plugins\com.st.stm32cube.common.mx_6.15.0.202507011659\\db\/plugins/boardmanager/
2025-11-18 09:13:37,346 [WARN] ApiDb:259 - Overriding images path with different value:  => F:\Knowledge_Update\STM32CubeIDE_1.19.0\STM32CubeIDE\plugins\com.st.stm32cube.common.mx_6.15.0.202507011659\\db\/plugins/mcufinder/images/
2025-11-18 09:13:37,365 [INFO] ApiDb:250 - Set database path to: C:\Users\hp\.stmcufinder\plugins\mcufinder//mcu/
2025-11-18 09:13:37,368 [INFO] DbMcusAds:125 - Set database path to: C:\Users\hp\.stmcufinder\plugins\mcufinder//mcu/
2025-11-18 09:13:37,373 [INFO] CrossReferenceDbSqlite:203 - Set database path to: C:\Users\hp\.stmcufinder\plugins\mcufinder//mcu/cs/
2025-11-18 09:13:37,605 [INFO] RulesReader:64 - Compatibility file has been processed (317 Rules)
2025-11-18 09:13:37,796 [INFO] DbMcusXml:78 - Set database path to: F:\Knowledge_Update\STM32CubeIDE_1.19.0\STM32CubeIDE\plugins\com.st.stm32cube.common.mx_6.15.0.202507011659\\db\/mcu/
2025-11-18 09:13:37,796 [INFO] ApiDb:274 - Set plugin database path to: F:\Knowledge_Update\STM32CubeIDE_1.19.0\STM32CubeIDE\plugins\com.st.stm32cube.common.mx_6.15.0.202507011659\\db\/plugins/boardmanager/
2025-11-18 09:13:37,796 [INFO] ApiDb:261 - Set plugin images path to: F:\Knowledge_Update\STM32CubeIDE_1.19.0\STM32CubeIDE\plugins\com.st.stm32cube.common.mx_6.15.0.202507011659\\db\/plugins/mcufinder/images/
2025-11-18 09:13:37,797 [WARN] DbFile:41 - Overriding database path with different value: C:\Users\hp\.stmcufinder\plugins\mcufinder/ => C:\Users\hp\.stmcufinder\plugins\mcufinder
2025-11-18 09:13:37,797 [INFO] ApiDb:250 - Set database path to: C:\Users\hp\.stmcufinder\plugins\mcufinder//mcu/
2025-11-18 09:13:37,797 [WARN] DbFile:41 - Overriding database path with different value: C:\Users\hp\.stmcufinder\plugins\mcufinder/ => C:\Users\hp\.stmcufinder\plugins\mcufinder
2025-11-18 09:13:37,797 [INFO] DbMcusAds:125 - Set database path to: C:\Users\hp\.stmcufinder\plugins\mcufinder//mcu/
2025-11-18 09:13:37,798 [WARN] DbFile:41 - Overriding database path with different value: C:\Users\hp\.stmcufinder\plugins\mcufinder/ => C:\Users\hp\.stmcufinder\plugins\mcufinder
2025-11-18 09:13:37,798 [WARN] DbFile:41 - Overriding database path with different value: C:\Users\hp\.stmcufinder\plugins\mcufinder/ => C:\Users\hp\.stmcufinder\plugins\mcufinder
2025-11-18 09:13:37,798 [INFO] CrossReferenceDbSqlite:203 - Set database path to: C:\Users\hp\.stmcufinder\plugins\mcufinder//mcu/cs/
2025-11-18 09:13:37,962 [INFO] MainPanel:274 - HeapMemory: 268435456
2025-11-18 09:13:38,142 [INFO] DbMcusXml:78 - Set database path to: F:\Knowledge_Update\STM32CubeIDE_1.19.0\STM32CubeIDE\plugins\com.st.stm32cube.common.mx_6.15.0.202507011659\\db\/mcu/
2025-11-18 09:13:38,143 [INFO] ApiDb:274 - Set plugin database path to: F:\Knowledge_Update\STM32CubeIDE_1.19.0\STM32CubeIDE\plugins\com.st.stm32cube.common.mx_6.15.0.202507011659\\db\/plugins/boardmanager/
2025-11-18 09:13:38,143 [INFO] ApiDb:261 - Set plugin images path to: F:\Knowledge_Update\STM32CubeIDE_1.19.0\STM32CubeIDE\plugins\com.st.stm32cube.common.mx_6.15.0.202507011659\\db\/plugins/mcufinder/images/
2025-11-18 09:13:38,144 [WARN] DbFile:41 - Overriding database path with different value: C:\Users\hp\.stmcufinder\plugins\mcufinder/ => C:\Users\hp\.stmcufinder\plugins\mcufinder
2025-11-18 09:13:38,144 [INFO] ApiDb:250 - Set database path to: C:\Users\hp\.stmcufinder\plugins\mcufinder//mcu/
2025-11-18 09:13:38,145 [WARN] DbFile:41 - Overriding database path with different value: C:\Users\hp\.stmcufinder\plugins\mcufinder/ => C:\Users\hp\.stmcufinder\plugins\mcufinder
2025-11-18 09:13:38,145 [INFO] DbMcusAds:125 - Set database path to: C:\Users\hp\.stmcufinder\plugins\mcufinder//mcu/
2025-11-18 09:13:38,145 [WARN] DbFile:41 - Overriding database path with different value: C:\Users\hp\.stmcufinder\plugins\mcufinder/ => C:\Users\hp\.stmcufinder\plugins\mcufinder
2025-11-18 09:13:38,145 [WARN] DbFile:41 - Overriding database path with different value: C:\Users\hp\.stmcufinder\plugins\mcufinder/ => C:\Users\hp\.stmcufinder\plugins\mcufinder
2025-11-18 09:13:38,145 [INFO] CrossReferenceDbSqlite:203 - Set database path to: C:\Users\hp\.stmcufinder\plugins\mcufinder//mcu/cs/
2025-11-18 09:13:38,175 [INFO] ApplicationProperties:184 - Using Application install path: F:\Knowledge_Update\STM32CubeIDE_1.19.0\STM32CubeIDE\plugins\com.st.stm32cube.common.mx_6.15.0.202507011659
2025-11-18 09:13:38,178 [INFO] PluginManage:196 - Search for loadable plugins [exclusion list=, ]
2025-11-18 09:13:38,181 [INFO] PluginManage:310 - Check plugin analytics
2025-11-18 09:13:38,582 [INFO] AnalyticsPlugin:253 - Accepted Software Licenses: STM32CubeMX.6.15.0
2025-11-18 09:13:38,582 [INFO] AnalyticsPlugin:255 - Accepted CMSIS Pack Licenses: 
2025-11-18 09:13:38,583 [INFO] AnalyticsPlugin:257 - Accepted Firmware Licenses: FW.F4.1.28.0
2025-11-18 09:13:38,588 [INFO] PluginManage:359 - Loaded plugin analytics (category:tool,tabindex:-1)
2025-11-18 09:13:38,588 [INFO] PluginManage:310 - Check plugin cadmodel
2025-11-18 09:13:38,601 [INFO] CADModel:105 - Init CAD model plugin
2025-11-18 09:13:38,602 [INFO] PluginManage:359 - Loaded plugin cadmodel (category:power,tabindex:5)
2025-11-18 09:13:38,602 [INFO] PluginManage:310 - Check plugin clock
2025-11-18 09:13:38,629 [INFO] PluginManage:359 - Loaded plugin clock (category:base,tabindex:2)
2025-11-18 09:13:38,630 [INFO] PluginManage:310 - Check plugin ddr
2025-11-18 09:13:38,638 [INFO] PluginManage:359 - Loaded plugin ddr (category:tool,tabindex:6)
2025-11-18 09:13:38,639 [INFO] PluginManage:310 - Check plugin filemanager
2025-11-18 09:13:38,899 [INFO] PluginManage:359 - Loaded plugin filemanager (category:base,tabindex:10)
2025-11-18 09:13:38,900 [INFO] PluginManage:310 - Check plugin ipmanager
2025-11-18 09:13:38,917 [INFO] PluginManage:359 - Loaded plugin ipmanager (category:base,tabindex:5)
2025-11-18 09:13:38,917 [INFO] PluginManage:310 - Check plugin lpbam
2025-11-18 09:13:38,996 [INFO] PluginManage:359 - Loaded plugin lpbam (category:base,tabindex:0)
2025-11-18 09:13:38,997 [INFO] PluginManage:310 - Check plugin memorymap
2025-11-18 09:13:39,071 [INFO] PluginManage:359 - Loaded plugin memorymap (category:base,tabindex:4)
2025-11-18 09:13:39,071 [INFO] PluginManage:310 - Check plugin pinoutandconfiguration
2025-11-18 09:13:39,097 [INFO] PluginManage:359 - Loaded plugin pinoutandconfiguration (category:base,tabindex:1)
2025-11-18 09:13:39,097 [INFO] PluginManage:310 - Check plugin pinoutconfig
2025-11-18 09:13:39,359 [WARN] SupportedApi:132 - Cannot load RTOS API schema: s4s-elt-must-match.1: The content of 'definitions' must match (annotation?, (simpleType | complexType)?, (unique | key | keyref)*)). A problem was found starting at: attribute.
2025-11-18 09:13:39,656 [INFO] PluginManage:359 - Loaded plugin pinoutconfig (category:base,tabindex:0)
2025-11-18 09:13:39,656 [INFO] PluginManage:310 - Check plugin power
2025-11-18 09:13:39,675 [INFO] PluginManage:359 - Loaded plugin power (category:power,tabindex:4)
2025-11-18 09:13:39,676 [INFO] PluginManage:310 - Check plugin projectmanager
2025-11-18 09:13:39,705 [INFO] PluginManage:359 - Loaded plugin projectmanager (category:projectmanager,tabindex:4)
2025-11-18 09:13:39,705 [INFO] PluginManage:310 - Check plugin rif
2025-11-18 09:13:40,051 [INFO] PluginManage:359 - Loaded plugin rif (category:base,tabindex:3)
2025-11-18 09:13:40,051 [INFO] PluginManage:310 - Check plugin thirdparty
2025-11-18 09:13:40,361 [INFO] PluginManage:359 - Loaded plugin thirdparty (category:base,tabindex:-1)
2025-11-18 09:13:40,361 [WARN] IntegrityCheckThread:84 - waiting for thirdparty lock release [integrity check]
2025-11-18 09:13:40,361 [INFO] PluginManage:310 - Check plugin tools
2025-11-18 09:13:40,361 [INFO] IntegrityCheckThread:86 - entering critical section [integrity check]
2025-11-18 09:13:40,362 [INFO] ThirdPartyUpdaterWithRetryManager:70 - Updater plugin not ready yet. [1/15]
2025-11-18 09:13:40,368 [INFO] PluginManage:359 - Loaded plugin tools (category:base,tabindex:7)
2025-11-18 09:13:40,368 [INFO] PluginManage:310 - Check plugin tutovideos
2025-11-18 09:13:40,838 [INFO] PluginManage:359 - Loaded plugin tutovideos (category:base,tabindex:-1)
2025-11-18 09:13:40,838 [INFO] PluginManage:310 - Check plugin updater
2025-11-18 09:13:40,890 [INFO] PluginManage:359 - Loaded plugin updater (category:base,tabindex:12)
2025-11-18 09:13:40,890 [INFO] PluginManage:310 - Check plugin userauth
2025-11-18 09:13:40,898 [INFO] UserAuth:118 - Init User Auth plugin
2025-11-18 09:13:40,899 [INFO] PluginManage:359 - Loaded plugin userauth (category:base,tabindex:14)
2025-11-18 09:13:40,900 [INFO] PluginManage:283 - PluginManage : Loaded plugins [18]
2025-11-18 09:13:41,331 [INFO] PinOutPanel:1589 - setPackage(No Configuration,No Configuration)
2025-11-18 09:13:41,670 [INFO] CADModel:165 - CPN selected for project level
2025-11-18 09:13:41,672 [INFO] CADModel:114 - Register for checkConnection events
2025-11-18 09:13:41,728 [INFO] IPUIPlugin:80 - create IPUIPlugin
2025-11-18 09:13:41,728 [INFO] PluginManager:220 - loadIPPluginJar : add adc
2025-11-18 09:13:41,735 [INFO] IPUIPlugin:80 - create IPUIPlugin
2025-11-18 09:13:41,735 [INFO] PluginManager:220 - loadIPPluginJar : add aes
2025-11-18 09:13:41,743 [INFO] IPUIPlugin:80 - create IPUIPlugin
2025-11-18 09:13:41,743 [INFO] PluginManager:220 - loadIPPluginJar : add can
2025-11-18 09:13:41,748 [INFO] IPUIPlugin:80 - create IPUIPlugin
2025-11-18 09:13:41,748 [INFO] PluginManager:220 - loadIPPluginJar : add comp
2025-11-18 09:13:41,755 [INFO] IPUIPlugin:80 - create IPUIPlugin
2025-11-18 09:13:41,756 [INFO] PluginManager:220 - loadIPPluginJar : add cryp
2025-11-18 09:13:41,763 [INFO] IPUIPlugin:80 - create IPUIPlugin
2025-11-18 09:13:41,763 [INFO] PluginManager:220 - loadIPPluginJar : add ddr_ctrl_phy
2025-11-18 09:13:41,767 [INFO] IPUIPlugin:80 - create IPUIPlugin
2025-11-18 09:13:41,767 [INFO] PluginManager:220 - loadIPPluginJar : add dfsdm
2025-11-18 09:13:41,784 [INFO] IPUIPlugin:80 - create IPUIPlugin
2025-11-18 09:13:41,785 [INFO] PluginManager:220 - loadIPPluginJar : add dma
2025-11-18 09:13:41,791 [INFO] IPUIPlugin:80 - create IPUIPlugin
2025-11-18 09:13:41,792 [INFO] PluginManager:220 - loadIPPluginJar : add dma3
2025-11-18 09:13:41,801 [INFO] IPUIPlugin:80 - create IPUIPlugin
2025-11-18 09:13:41,802 [INFO] PluginManager:220 - loadIPPluginJar : add extmemmanager
2025-11-18 09:13:41,806 [INFO] IPUIPlugin:80 - create IPUIPlugin
2025-11-18 09:13:41,806 [INFO] PluginManager:220 - loadIPPluginJar : add fatfs
2025-11-18 09:13:41,818 [INFO] IPUIPlugin:80 - create IPUIPlugin
2025-11-18 09:13:41,818 [INFO] PluginManager:220 - loadIPPluginJar : add fmc
2025-11-18 09:13:41,911 [INFO] IPUIPlugin:80 - create IPUIPlugin
2025-11-18 09:13:41,911 [INFO] PluginManager:220 - loadIPPluginJar : add freertos
2025-11-18 09:13:41,915 [INFO] IPUIPlugin:80 - create IPUIPlugin
2025-11-18 09:13:41,915 [INFO] PluginManager:220 - loadIPPluginJar : add genericplugin
2025-11-18 09:13:41,930 [INFO] IPUIPlugin:80 - create IPUIPlugin
2025-11-18 09:13:41,930 [INFO] PluginManager:220 - loadIPPluginJar : add gfxmmu
2025-11-18 09:13:41,950 [INFO] IPUIPlugin:80 - create IPUIPlugin
2025-11-18 09:13:41,950 [INFO] PluginManager:220 - loadIPPluginJar : add gic
2025-11-18 09:13:41,980 [INFO] IPUIPlugin:80 - create IPUIPlugin
2025-11-18 09:13:41,980 [INFO] PluginManager:220 - loadIPPluginJar : add gpio
2025-11-18 09:13:41,994 [INFO] IPUIPlugin:80 - create IPUIPlugin
2025-11-18 09:13:41,994 [INFO] PluginManager:220 - loadIPPluginJar : add gtzc
2025-11-18 09:13:42,000 [INFO] IPUIPlugin:80 - create IPUIPlugin
2025-11-18 09:13:42,000 [INFO] PluginManager:220 - loadIPPluginJar : add hash
2025-11-18 09:13:42,010 [INFO] IPUIPlugin:80 - create IPUIPlugin
2025-11-18 09:13:42,010 [INFO] PluginManager:220 - loadIPPluginJar : add i2c
2025-11-18 09:13:42,020 [INFO] IPUIPlugin:80 - create IPUIPlugin
2025-11-18 09:13:42,020 [INFO] PluginManager:220 - loadIPPluginJar : add i2s
2025-11-18 09:13:42,030 [INFO] IPUIPlugin:80 - create IPUIPlugin
2025-11-18 09:13:42,031 [INFO] PluginManager:220 - loadIPPluginJar : add i3c
2025-11-18 09:13:42,043 [INFO] IPUIPlugin:80 - create IPUIPlugin
2025-11-18 09:13:42,043 [INFO] PluginManager:220 - loadIPPluginJar : add ipddr
2025-11-18 09:13:42,058 [INFO] IPUIPlugin:80 - create IPUIPlugin
2025-11-18 09:13:42,058 [INFO] PluginManager:220 - loadIPPluginJar : add linkedlist
2025-11-18 09:13:42,066 [INFO] IPUIPlugin:80 - create IPUIPlugin
2025-11-18 09:13:42,066 [INFO] PluginManager:220 - loadIPPluginJar : add lorawan
2025-11-18 09:13:42,072 [INFO] IPUIPlugin:80 - create IPUIPlugin
2025-11-18 09:13:42,072 [INFO] PluginManager:220 - loadIPPluginJar : add ltdc
2025-11-18 09:13:42,103 [INFO] IPUIPlugin:80 - create IPUIPlugin
2025-11-18 09:13:42,104 [INFO] PluginManager:220 - loadIPPluginJar : add mdma
2025-11-18 09:13:42,129 [INFO] IPUIPlugin:80 - create IPUIPlugin
2025-11-18 09:13:42,130 [INFO] PluginManager:220 - loadIPPluginJar : add nvic
2025-11-18 09:13:42,140 [INFO] IPUIPlugin:80 - create IPUIPlugin
2025-11-18 09:13:42,140 [INFO] PluginManager:220 - loadIPPluginJar : add opamp
2025-11-18 09:13:42,150 [INFO] IPUIPlugin:80 - create IPUIPlugin
2025-11-18 09:13:42,150 [INFO] PluginManager:220 - loadIPPluginJar : add openamp
2025-11-18 09:13:42,157 [INFO] IPUIPlugin:80 - create IPUIPlugin
2025-11-18 09:13:42,158 [INFO] PluginManager:220 - loadIPPluginJar : add pdm2pcm
2025-11-18 09:13:42,181 [INFO] IPUIPlugin:80 - create IPUIPlugin
2025-11-18 09:13:42,184 [INFO] PluginManager:220 - loadIPPluginJar : add plateformsettings
2025-11-18 09:13:42,188 [INFO] IPUIPlugin:80 - create IPUIPlugin
2025-11-18 09:13:42,188 [INFO] PluginManager:220 - loadIPPluginJar : add quadspi
2025-11-18 09:13:42,193 [INFO] IPUIPlugin:80 - create IPUIPlugin
2025-11-18 09:13:42,194 [INFO] PluginManager:220 - loadIPPluginJar : add radio
2025-11-18 09:13:42,284 [INFO] IPUIPlugin:80 - create IPUIPlugin
2025-11-18 09:13:42,285 [INFO] PluginManager:220 - loadIPPluginJar : add resmgrutility
2025-11-18 09:13:42,298 [INFO] IPUIPlugin:80 - create IPUIPlugin
2025-11-18 09:13:42,298 [INFO] PluginManager:220 - loadIPPluginJar : add sai
2025-11-18 09:13:42,309 [INFO] IPUIPlugin:80 - create IPUIPlugin
2025-11-18 09:13:42,310 [INFO] PluginManager:220 - loadIPPluginJar : add spi
2025-11-18 09:13:42,330 [INFO] IPUIPlugin:80 - create IPUIPlugin
2025-11-18 09:13:42,330 [INFO] PluginManager:220 - loadIPPluginJar : add stm32_wpan
2025-11-18 09:13:42,336 [INFO] IPUIPlugin:80 - create IPUIPlugin
2025-11-18 09:13:42,336 [INFO] PluginManager:220 - loadIPPluginJar : add tim
2025-11-18 09:13:42,350 [INFO] IPUIPlugin:80 - create IPUIPlugin
2025-11-18 09:13:42,351 [INFO] PluginManager:220 - loadIPPluginJar : add touchsensing
2025-11-18 09:13:42,358 [INFO] IPUIPlugin:80 - create IPUIPlugin
2025-11-18 09:13:42,359 [INFO] PluginManager:220 - loadIPPluginJar : add tracer_emb
2025-11-18 09:13:42,365 [INFO] IPUIPlugin:80 - create IPUIPlugin
2025-11-18 09:13:42,365 [INFO] PluginManager:220 - loadIPPluginJar : add ts
2025-11-18 09:13:42,372 [INFO] IPUIPlugin:80 - create IPUIPlugin
2025-11-18 09:13:42,373 [INFO] PluginManager:220 - loadIPPluginJar : add tsc
2025-11-18 09:13:42,379 [INFO] IPUIPlugin:80 - create IPUIPlugin
2025-11-18 09:13:42,379 [INFO] PluginManager:220 - loadIPPluginJar : add ucpd
2025-11-18 09:13:42,388 [INFO] IPUIPlugin:80 - create IPUIPlugin
2025-11-18 09:13:42,388 [INFO] PluginManager:220 - loadIPPluginJar : add usart
2025-11-18 09:13:42,401 [INFO] IPUIPlugin:80 - create IPUIPlugin
2025-11-18 09:13:42,402 [INFO] PluginManager:220 - loadIPPluginJar : add usbx
2025-11-18 09:13:42,615 [FATAL] Updater:351 - Updater called before beeing initialized
2025-11-18 09:13:42,685 [INFO] RulesReader:64 - Compatibility file has been processed (317 Rules)
2025-11-18 09:13:42,701 [INFO] RulesReader:64 - Compatibility file has been processed (317 Rules)
2025-11-18 09:13:42,712 [INFO] CADModel:165 - CPN selected for project level
2025-11-18 09:13:42,712 [INFO] CADModel:114 - Register for checkConnection events
2025-11-18 09:13:42,712 [FATAL] Updater:351 - Updater called before beeing initialized
2025-11-18 09:13:42,712 [ERROR] CADModel:125 - Updater not yet initialized, retry later 
2025-11-18 09:13:42,969 [FATAL] Updater:351 - Updater called before beeing initialized
2025-11-18 09:13:42,971 [INFO] CADModel:165 - CPN selected for project level
2025-11-18 09:13:42,972 [INFO] CADModel:114 - Register for checkConnection events
2025-11-18 09:13:42,972 [FATAL] Updater:351 - Updater called before beeing initialized
2025-11-18 09:13:42,972 [ERROR] CADModel:125 - Updater not yet initialized, retry later 
2025-11-18 09:13:42,976 [FATAL] Updater:351 - Updater called before beeing initialized
2025-11-18 09:13:43,178 [FATAL] Updater:351 - Updater called before beeing initialized
2025-11-18 09:13:43,183 [INFO] DbMcusAds:53 - JSON generation date=Mon Nov 10 11:43:01 CET 2025 (1762771381096)
2025-11-18 09:13:43,184 [FATAL] Updater:351 - Updater called before beeing initialized
2025-11-18 09:13:43,255 [WARN] DetailPanel:346 - Failed to get advertising image, set to default
2025-11-18 09:13:43,363 [INFO] ThirdPartyUpdaterWithRetryManager:70 - Updater plugin not ready yet. [2/15]
2025-11-18 09:13:43,400 [FATAL] Updater:351 - Updater called before beeing initialized
2025-11-18 09:13:43,402 [FATAL] Updater:351 - Updater called before beeing initialized
2025-11-18 09:13:43,403 [FATAL] Updater:351 - Updater called before beeing initialized
2025-11-18 09:13:43,403 [WARN] DetailPanel:346 - Failed to get advertising image, set to default
2025-11-18 09:13:43,404 [FATAL] Updater:351 - Updater called before beeing initialized
2025-11-18 09:13:43,504 [ERROR] Updater:1198 - MainUpdater not yet initialized. External WinMGr cannot be set.
2025-11-18 09:13:43,510 [INFO] Updater:1134 - Updater Version found : 6.15.0
2025-11-18 09:13:43,533 [INFO] ApplicationProperties:184 - Using Application install path: F:\Knowledge_Update\STM32CubeIDE_1.19.0\STM32CubeIDE\plugins\com.st.stm32cube.common.mx_6.15.0.202507011659
2025-11-18 09:13:45,122 [ERROR] LogOutputStream:75 - [STDERR_REDIRECT] Nov 18, 2025 9:13:45 AM java.util.prefs.WindowsPreferences <init>
2025-11-18 09:13:45,128 [ERROR] LogOutputStream:75 - [STDERR_REDIRECT] WARNING: Could not open/create prefs root node Software\JavaSoft\Prefs at root 0xffffffff80000002. Windows RegCreateKeyEx(...) returned error code 5.
2025-11-18 09:13:45,128 [ERROR] LogOutputStream:75 - [STDERR_REDIRECT] 
2025-11-18 09:13:45,624 [INFO] MainUpdater:2872 - connection check result : 10
2025-11-18 09:13:45,626 [INFO] MainUpdater:289 - Updater Check For Update Now.
2025-11-18 09:13:45,626 [INFO] MicroXplorer:498 - Change Database Version : DB.6.0.150
2025-11-18 09:13:45,648 [INFO] McuFinderGlobals:63 - Set McuFinder mode to 2 (CubeIDE integrated)
2025-11-18 09:13:45,649 [INFO] UserAuth:171 - activating auth plugin
2025-11-18 09:13:45,671 [INFO] UserAuth:487 - Internet connection configuration mode: 1
2025-11-18 09:13:45,714 [INFO] JxBrowserEngine:152 - Initiate JxBrowser Engine with user profile folder
2025-11-18 09:13:46,024 [INFO] CheckServerUpdateThread:120 - End of CheckServer Thread
2025-11-18 09:13:48,253 [WARN] PackLoader:240 - Cannot read IP mode file for STMicroelectronics.FP-SNS-MOTENVWB1.1.4.0
2025-11-18 09:13:48,270 [WARN] PackLoader:240 - Cannot read IP mode file for STMicroelectronics.FP-ATR-ASTRA1.2.0.2
2025-11-18 09:13:48,291 [WARN] PackLoader:240 - Cannot read IP mode file for STMicroelectronics.X-CUBE-SMBUS.2.1.0
2025-11-18 09:13:48,302 [WARN] PackLoader:240 - Cannot read IP mode file for STMicroelectronics.X-CUBE-ST60.1.0.0
2025-11-18 09:13:49,038 [WARN] PackLoader:240 - Cannot read IP mode file for STMicroelectronics.X-CUBE-AZRTOS-F7.1.1.0
2025-11-18 09:13:49,062 [WARN] PackLoader:240 - Cannot read IP mode file for STMicroelectronics.FP-SNS-MOTENV1.5.1.0
2025-11-18 09:13:49,100 [WARN] PackLoader:240 - Cannot read IP mode file for WES.I-CUBE-Cesium.1.4.0
2025-11-18 09:13:49,252 [WARN] PackLoader:240 - Cannot read IP mode file for Infineon.AIROC-Wi-Fi-Bluetooth-STM32.1.7.1
2025-11-18 09:13:49,348 [WARN] PackLoader:240 - Cannot read IP mode file for STMicroelectronics.X-CUBE-AZRTOS-H7.3.4.0
2025-11-18 09:13:49,376 [WARN] PackLoader:240 - Cannot read IP mode file for STMicroelectronics.X-CUBE-DISPLAY.3.0.0
2025-11-18 09:13:49,412 [WARN] PackLoader:240 - Cannot read IP mode file for STMicroelectronics.X-CUBE-NFC10.1.0.0
2025-11-18 09:13:49,924 [WARN] PackLoader:240 - Cannot read IP mode file for STMicroelectronics.X-CUBE-ST60.1.1.0
2025-11-18 09:13:49,942 [WARN] PackLoader:240 - Cannot read IP mode file for emotas.I-CUBE-CANOPEN.1.3.0
2025-11-18 09:13:49,954 [WARN] PackLoader:240 - Cannot read IP mode file for STMicroelectronics.X-CUBE-GNSS1.7.1.0
2025-11-18 09:13:49,977 [WARN] PackLoader:240 - Cannot read IP mode file for STMicroelectronics.FP-SNS-STBOX1.2.1.0
2025-11-18 09:13:49,993 [WARN] PackLoader:240 - Cannot read IP mode file for STMicroelectronics.FP-SNS-SMARTAG2.1.2.0
2025-11-18 09:13:50,004 [WARN] PackLoader:240 - Cannot read IP mode file for STMicroelectronics.FP-SNS-FLIGHT1.5.1.0
2025-11-18 09:13:50,034 [INFO] LogOutputStream:77 - [STDOUT_REDIRECT] 1 : Invalid condition id : UX_CORESTACK_Condition cause : null
2025-11-18 09:13:50,035 [INFO] LogOutputStream:77 - [STDOUT_REDIRECT] 1 : Invalid condition id : UX_CORESTACK_Condition cause : null
2025-11-18 09:13:50,038 [INFO] LogOutputStream:77 - [STDOUT_REDIRECT] 1 : Invalid condition id : UX_CORESTACK_Condition cause : null
2025-11-18 09:13:50,042 [INFO] LogOutputStream:77 - [STDOUT_REDIRECT] 1 : Invalid condition id : UX_CORESTACK_Condition cause : null
2025-11-18 09:13:50,045 [INFO] LogOutputStream:77 - [STDOUT_REDIRECT] 1 : Invalid condition id : UX_CORESTACK_Condition cause : null
2025-11-18 09:13:50,054 [WARN] PackLoader:240 - Cannot read IP mode file for STMicroelectronics.X-CUBE-AZRTOS-WL.2.0.0
2025-11-18 09:13:50,066 [WARN] PackLoader:240 - Cannot read IP mode file for STMicroelectronics.FP-SNS-MOTENV1.5.0.0
2025-11-18 09:13:50,081 [WARN] PackLoader:240 - Cannot read IP mode file for WES.I-CUBE-Cesium.1.3.0
2025-11-18 09:13:50,093 [WARN] PackLoader:240 - Cannot read IP mode file for STMicroelectronics.X-CUBE-BLE2.3.3.0
2025-11-18 09:13:50,497 [WARN] PackLoader:240 - Cannot read IP mode file for STMicroelectronics.X-CUBE-NFC9.1.0.0
2025-11-18 09:13:50,516 [WARN] PackLoader:240 - Cannot read IP mode file for wolfSSL.I-CUBE-wolfSSL.5.8.2
2025-11-18 09:13:50,528 [WARN] PackLoader:240 - Cannot read IP mode file for STMicroelectronics.X-CUBE-BLE1.7.1.0
2025-11-18 09:13:50,547 [WARN] PackLoader:240 - Cannot read IP mode file for wolfSSL.I-CUBE-wolfMQTT.1.19.2
2025-11-18 09:13:50,562 [WARN] PackLoader:240 - Cannot read IP mode file for STMicroelectronics.X-CUBE-EEPRMA1.5.2.0
2025-11-18 09:13:50,600 [INFO] WebApp:169 - Instantiating new browser for Auth
2025-11-18 09:13:50,618 [WARN] PackLoader:240 - Cannot read IP mode file for STMicroelectronics.X-CUBE-ST67W61.1.1.0
2025-11-18 09:13:50,665 [WARN] PackLoader:240 - Cannot read IP mode file for STMicroelectronics.X-CUBE-AZRTOS-G0.1.1.0
2025-11-18 09:13:50,685 [WARN] PackLoader:240 - Cannot read IP mode file for STMicroelectronics.X-CUBE-SAFEA1.1.2.2
2025-11-18 09:13:50,700 [WARN] PackLoader:240 - Cannot read IP mode file for STMicroelectronics.X-CUBE-NFC4.3.0.0
2025-11-18 09:13:50,739 [WARN] PackLoader:240 - Cannot read IP mode file for EmbeddedOffice.I-CUBE-FS-RTOS.1.0.1
2025-11-18 09:13:50,754 [WARN] PackLoader:240 - Cannot read IP mode file for STMicroelectronics.X-CUBE-WB05N.2.0.0
2025-11-18 09:13:50,764 [WARN] PackLoader:240 - Cannot read IP mode file for wolfSSL.I-CUBE-wolfTPM.3.8.0
2025-11-18 09:13:50,776 [WARN] PackLoader:240 - Cannot read IP mode file for STMicroelectronics.X-CUBE-TCPP.4.2.0
2025-11-18 09:13:50,792 [WARN] PackLoader:240 - Cannot read IP mode file for RealThread.X-CUBE-RT-Thread_Nano.4.1.1
2025-11-18 09:13:50,802 [WARN] PackLoader:240 - Cannot read IP mode file for STMicroelectronics.FP-ATR-SIGFOX1.3.2.0
2025-11-18 09:13:50,818 [WARN] PackLoader:240 - Cannot read IP mode file for ITTIA_DB.I-CUBE-ITTIADB.8.9.0
2025-11-18 09:13:50,830 [WARN] PackLoader:240 - Cannot read IP mode file for STMicroelectronics.X-CUBE-ST67W61.1.0.0
2025-11-18 09:13:50,947 [WARN] PackLoader:240 - Cannot read IP mode file for STMicroelectronics.X-CUBE-AI.10.2.0
2025-11-18 09:13:51,140 [WARN] PackLoader:240 - Cannot read IP mode file for SEGGER.I-CUBE-embOS.1.3.1
2025-11-18 09:13:51,365 [WARN] PackLoader:240 - Cannot read IP mode file for STMicroelectronics.X-CUBE-ALGOBUILD.1.4.0
2025-11-18 09:13:52,316 [WARN] PackLoader:240 - Cannot read IP mode file for STMicroelectronics.X-CUBE-MEMS1.11.3.0
2025-11-18 09:13:53,129 [WARN] PackLoader:240 - Cannot read IP mode file for STMicroelectronics.X-CUBE-PM33A1.1.0.0
2025-11-18 09:13:53,258 [WARN] PackLoader:240 - Cannot read IP mode file for STMicroelectronics.X-CUBE-AZRTOS-F4.1.1.0
2025-11-18 09:13:53,272 [WARN] PackLoader:240 - Cannot read IP mode file for Avnet-IotConnect.X-CUBE-IoTC-DA16k-PMOD.1.0.0
2025-11-18 09:13:53,281 [WARN] PackLoader:240 - Cannot read IP mode file for STMicroelectronics.X-CUBE-ISPU.2.1.0
2025-11-18 09:13:53,340 [WARN] PackLoader:240 - Cannot read IP mode file for STMicroelectronics.X-CUBE-IPS.3.2.0
2025-11-18 09:13:53,368 [WARN] PackLoader:240 - Cannot read IP mode file for STMicroelectronics.X-CUBE-NFC12.1.0.0
2025-11-18 09:13:53,409 [WARN] PackLoader:240 - Cannot read IP mode file for STMicroelectronics.X-CUBE-AZRTOS-L5.2.0.0
2025-11-18 09:13:53,453 [WARN] PackLoader:240 - Cannot read IP mode file for STMicroelectronics.X-CUBE-NFC6.3.1.0
2025-11-18 09:13:53,470 [WARN] PackLoader:240 - Cannot read IP mode file for STMicroelectronics.X-CUBE-FREERTOS.1.3.1
2025-11-18 09:13:53,484 [WARN] PackLoader:240 - Cannot read IP mode file for STMicroelectronics.X-CUBE-TOUCHGFX.4.26.0
2025-11-18 09:13:53,497 [WARN] PackLoader:240 - Cannot read IP mode file for STMicroelectronics.FP-SNS-STAIOTCFT.1.0.0
2025-11-18 09:13:53,511 [WARN] PackLoader:240 - Cannot read IP mode file for STMicroelectronics.X-CUBE-DPower.1.3.0
2025-11-18 09:13:53,563 [WARN] ConditionMgr:438 - getConditionDescription Invalid condition id : LAN8742 Phy interface Condition cause : null
2025-11-18 09:13:53,564 [WARN] PackLoader:240 - Cannot read IP mode file for STMicroelectronics.X-CUBE-AZRTOS-L4.2.0.0
2025-11-18 09:13:53,568 [WARN] ConditionMgr:1044 - genDependencies : Invalid condition id : LAN8742 Phy interface Condition cause : null
2025-11-18 09:13:53,568 [WARN] ConditionMgr:1044 - genDependencies : Invalid condition id : LAN8742 Phy interface Condition cause : null
2025-11-18 09:13:53,570 [WARN] ConditionMgr:1044 - genDependencies : Invalid condition id : LAN8742 Phy interface Condition cause : null
2025-11-18 09:13:54,608 [WARN] PackLoader:240 - Cannot read IP mode file for STMicroelectronics.X-CUBE-SFXS2LP1.4.0.0
2025-11-18 09:13:54,637 [WARN] PackLoader:240 - Cannot read IP mode file for STMicroelectronics.X-CUBE-BLEMGR.4.1.0
2025-11-18 09:13:54,685 [WARN] ConditionMgr:438 - getConditionDescription Invalid condition id : UX DEVICE CLASS RTOS Condition cause : null
2025-11-18 09:13:54,690 [WARN] ConditionMgr:438 - getConditionDescription Invalid condition id : UX DEVICE CLASS RTOS Condition cause : null
2025-11-18 09:13:54,700 [WARN] PackLoader:240 - Cannot read IP mode file for STMicroelectronics.X-CUBE-AZRTOS-WB.2.0.0
2025-11-18 09:13:54,704 [WARN] ConditionMgr:1044 - genDependencies : Invalid condition id : UX DEVICE CLASS RTOS Condition cause : null
2025-11-18 09:13:54,704 [WARN] ConditionMgr:1044 - genDependencies : Invalid condition id : UX DEVICE CLASS RTOS Condition cause : null
2025-11-18 09:13:54,706 [WARN] ConditionMgr:1044 - genDependencies : Invalid condition id : UX DEVICE CLASS RTOS Condition cause : null
2025-11-18 09:13:54,706 [WARN] ConditionMgr:1044 - genDependencies : Invalid condition id : UX DEVICE CLASS RTOS Condition cause : null
2025-11-18 09:13:54,707 [WARN] ConditionMgr:1044 - genDependencies : Invalid condition id : UX DEVICE CLASS RTOS Condition cause : null
2025-11-18 09:13:54,731 [WARN] PackLoader:240 - Cannot read IP mode file for STMicroelectronics.X-CUBE-GNSS1.7.0.1
2025-11-18 09:13:54,741 [WARN] PackLoader:240 - Cannot read IP mode file for STMicroelectronics.X-CUBE-TOUCHGFX.4.25.0
2025-11-18 09:13:54,751 [WARN] ConditionMgr:438 - getConditionDescription Invalid condition id : Cortex-A Device cause : null
2025-11-18 09:13:54,899 [WARN] ConditionMgr:1044 - genDependencies : Invalid condition id : Cortex-A Device cause : null
2025-11-18 09:13:54,899 [WARN] ConditionMgr:1044 - genDependencies : Invalid condition id : Cortex-A Device cause : null
2025-11-18 09:13:54,900 [WARN] ConditionMgr:1044 - genDependencies : Invalid condition id : Cortex-A Device cause : null
2025-11-18 09:13:54,928 [WARN] PackLoader:240 - Cannot read IP mode file for STMicroelectronics.X-CUBE-SUBG2.5.0.0
2025-11-18 09:13:54,994 [WARN] PackLoader:240 - Cannot read IP mode file for STMicroelectronics.X-CUBE-AZRTOS-H7RS.1.1.0
2025-11-18 09:13:55,008 [WARN] PackLoader:240 - Cannot read IP mode file for Cesanta.I-CUBE-Mongoose.7.13.0
2025-11-18 09:13:55,040 [WARN] PackLoader:240 - Cannot read IP mode file for STMicroelectronics.X-CUBE-AZRTOS-G4.2.0.0
2025-11-18 09:13:55,051 [WARN] PackLoader:240 - Cannot read IP mode file for wolfSSL.I-CUBE-wolfSSH.1.4.20
2025-11-18 09:13:55,061 [WARN] PackLoader:240 - Cannot read IP mode file for STMicroelectronics.X-CUBE-NFC7.2.0.0
2025-11-18 09:13:55,087 [WARN] PackLoader:240 - Cannot read IP mode file for STMicroelectronics.X-CUBE-IPS.3.1.0
2025-11-18 09:13:55,105 [WARN] PackLoader:240 - Cannot read IP mode file for STMicroelectronics.X-CUBE-ALS.1.0.2
2025-11-18 09:13:55,118 [WARN] PackLoader:240 - Cannot read IP mode file for STMicroelectronics.X-CUBE-STSE01.1.0.0
2025-11-18 09:13:55,131 [WARN] PackLoader:240 - Cannot read IP mode file for portGmbH.I-Cube-SoM-uGOAL.1.1.0
2025-11-18 09:13:55,152 [WARN] PackLoader:240 - Cannot read IP mode file for STMicroelectronics.X-CUBE-TOF1.3.4.3
2025-11-18 09:13:55,178 [INFO] ThirdParty:978 - Integrity check success = true
2025-11-18 09:13:55,179 [INFO] IntegrityCheckThread:100 - exiting critical section [integrity check]
2025-11-18 09:13:55,179 [INFO] IntegrityCheckThread:103 - End integrity checks thread
2025-11-18 09:13:56,100 [INFO] WebApp:463 - Apply proxy settings
2025-11-18 09:13:56,105 [INFO] WebApp:548 - Chromium requires no authentication
2025-11-18 09:13:56,132 [INFO] WebApp:491 - Direct internet connection detected
2025-11-18 09:13:56,188 [INFO] WebApp:900 - Register for checkConnection events
2025-11-18 09:13:56,189 [INFO] WebApp:463 - Apply proxy settings
2025-11-18 09:13:56,189 [INFO] WebApp:548 - Chromium requires no authentication
2025-11-18 09:13:56,190 [INFO] WebApp:491 - Direct internet connection detected
2025-11-18 09:13:57,584 [INFO] WebApp:191 - Connection restablished
2025-11-18 09:13:57,844 [INFO] WebApp:225 - Starting web application
2025-11-18 09:13:57,844 [INFO] WebApp:593 - Web application path used F:\Knowledge_Update\STM32CubeIDE_1.19.0\STM32CubeIDE\plugins\com.st.stm32cube.common.mx_6.15.0.202507011659\db\plugins\mcufinder\reactClient1\index.html
2025-11-18 09:56:51,060 [ERROR] LogOutputStream:75 - [STDERR_REDIRECT] 
