2026-02-14 09:37:33,686 [INFO] WebApp:194 - Connection lost
2026-02-14 09:37:38,901 [INFO] WebApp:191 - Connection restablished
2026-02-14 09:37:38,917 [INFO] WebApp:194 - Connection lost
2026-02-14 09:37:39,119 [INFO] WebApp:191 - Connection restablished
2026-02-14 09:37:39,883 [INFO] WebApp:194 - Connection lost
2026-02-14 09:37:41,013 [INFO] WebApp:191 - Connection restablished
2026-02-14 09:38:10,635 [INFO] WebApp:194 - Connection lost
2026-02-14 09:38:10,782 [INFO] WebApp:191 - Connection restablished
2026-02-14 09:45:36,565 [INFO] WebApp:194 - Connection lost
2026-02-14 09:52:10,658 [INFO] WebApp:191 - Connection restablished
2026-02-14 09:52:10,712 [INFO] WebApp:194 - Connection lost
2026-02-14 09:52:10,729 [INFO] WebApp:191 - Connection restablished
2026-02-14 09:52:17,104 [INFO] WebApp:194 - Connection lost
2026-02-14 09:52:17,417 [INFO] WebApp:191 - Connection restablished
2026-02-14 10:07:42,616 [INFO] WebApp:194 - Connection lost
2026-02-14 10:07:42,831 [INFO] WebApp:191 - Connection restablished
2026-02-14 10:13:02,645 [INFO] WebApp:194 - Connection lost
2026-02-14 10:13:02,797 [INFO] WebApp:191 - Connection restablished
2026-02-14 16:14:44,527 [INFO] WebApp:194 - Connection lost
2026-02-14 16:14:46,942 [INFO] WebApp:191 - Connection restablished
2026-02-14 16:56:35,572 [INFO] MainUpdater:2872 - connection check result : 10
2026-02-14 16:56:35,612 [INFO] MainUpdater:2872 - connection check result : 10
2026-02-14 16:56:37,251 [INFO] MicroXplorer:468 - Change Database Path : 
2026-02-14 16:56:37,253 [INFO] MicroXplorer:498 - Change Database Version : DB.6.0.150
2026-02-14 16:56:37,672 [ERROR] ProjectManagerView:395 - 
java.lang.NullPointerException: Cannot invoke "javax.swing.JTextField.getText()" because the return value of "java.util.List.get(int)" is null
	at com.st.microxplorer.plugins.projectmanager.gui.ProjectChoiceTab$9.caretUpdate(ProjectChoiceTab.java:2706) ~[filemanager.jar:?]
	at javax.swing.text.JTextComponent.fireCaretUpdate(JTextComponent.java:408) ~[?:?]
	at javax.swing.text.JTextComponent$MutableCaretEvent.fire(JTextComponent.java:4484) ~[?:?]
	at javax.swing.text.JTextComponent$MutableCaretEvent.stateChanged(JTextComponent.java:4506) ~[?:?]
	at javax.swing.text.DefaultCaret.fireStateChanged(DefaultCaret.java:857) ~[?:?]
	at javax.swing.text.DefaultCaret.changeCaretPosition(DefaultCaret.java:1343) ~[?:?]
	at javax.swing.text.DefaultCaret.handleSetDot(DefaultCaret.java:1242) ~[?:?]
	at javax.swing.text.DefaultCaret.setDot(DefaultCaret.java:1223) ~[?:?]
	at javax.swing.text.DefaultCaret$Handler.insertUpdate(DefaultCaret.java:1819) ~[?:?]
	at javax.swing.text.AbstractDocument.fireInsertUpdate(AbstractDocument.java:227) ~[?:?]
	at javax.swing.text.AbstractDocument.handleInsertString(AbstractDocument.java:781) ~[?:?]
	at javax.swing.text.AbstractDocument.insertString(AbstractDocument.java:740) ~[?:?]
	at javax.swing.text.PlainDocument.insertString(PlainDocument.java:131) ~[?:?]
	at javax.swing.text.AbstractDocument.replace(AbstractDocument.java:699) ~[?:?]
	at javax.swing.text.JTextComponent.setText(JTextComponent.java:1725) ~[?:?]
	at com.st.microxplorer.plugins.projectmanager.gui.ProjectChoiceTab.createHeapStackFields(ProjectChoiceTab.java:993) ~[filemanager.jar:?]
	at com.st.microxplorer.plugins.projectmanager.gui.ProjectChoiceTab.buildLinkSettingsPanel(ProjectChoiceTab.java:3813) ~[filemanager.jar:?]
	at com.st.microxplorer.plugins.projectmanager.gui.ProjectChoiceTab.defineWindowsFields(ProjectChoiceTab.java:1987) ~[filemanager.jar:?]
	at com.st.microxplorer.plugins.projectmanager.gui.ProjectChoiceTab.updateSettings(ProjectChoiceTab.java:558) ~[filemanager.jar:?]
	at com.st.microxplorer.plugins.projectmanager.gui.ProjectSettingsPanel.UpdateDialog(ProjectSettingsPanel.java:247) ~[filemanager.jar:?]
	at com.st.microxplorer.plugins.projectmanager.ProjectManagerView.propertyChange(ProjectManagerView.java:392) ~[filemanager.jar:?]
	at java.beans.PropertyChangeSupport.fire(PropertyChangeSupport.java:343) ~[?:?]
	at java.beans.PropertyChangeSupport.firePropertyChange(PropertyChangeSupport.java:335) ~[?:?]
	at java.beans.PropertyChangeSupport.firePropertyChange(PropertyChangeSupport.java:268) ~[?:?]
	at com.st.microxplorer.util.MXPropertyChangeSupport.firePropertyChange(MXPropertyChangeSupport.java:54) ~[STM32CubeMX.jar:?]
	at com.st.microxplorer.mxsystem.MxSystem.closeConfig(MxSystem.java:899) ~[STM32CubeMX.jar:?]
	at com.st.microxplorer.maingui.MainPanel.closeConfig(MainPanel.java:792) ~[STM32CubeMX.jar:?]
	at com.st.microxplorer.plugins.filemanager.engine.OpenFileManager.loadConfigurationFile(OpenFileManager.java:288) ~[filemanager.jar:?]
	at com.st.microxplorer.plugins.filemanager.engine.MainFileManager.userLoadConfig(MainFileManager.java:364) ~[filemanager.jar:?]
	at com.st.microxplorer.plugins.filemanager.engine.MainFileManager.userLoadConfig(MainFileManager.java:342) ~[filemanager.jar:?]
	at com.st.microxplorer.plugins.filemanager.FileManagerView.getSpecificTask(FileManagerView.java:264) ~[filemanager.jar:?]
	at com.st.stm32cube.common.mx.editor.CubeMxEditor.getMxTabbedPaneInstance(CubeMxEditor.java:1198) ~[com.st.stm32cube.common.mx_6.15.0.202507011659/:?]
	at com.st.stm32cube.common.mx.editor.CubeMxEditor$12$1.createSwingComponent(CubeMxEditor.java:1068) ~[com.st.stm32cube.common.mx_6.15.0.202507011659/:?]
	at com.st.stm32cube.common.mx.oss.core.awtswtbridge.EmbeddedSwingComposite.doComponentCreation(EmbeddedSwingComposite.java:492) ~[com.st.stm32cube.common.mx.oss_6.15.0.202507011659/:?]
	at com.st.stm32cube.common.mx.oss.core.awtswtbridge.EmbeddedSwingComposite$4.run(EmbeddedSwingComposite.java:291) ~[com.st.stm32cube.common.mx.oss_6.15.0.202507011659/:?]
	at com.st.stm32cube.common.mx.oss.core.awtswtbridge.AwtEnvironment$2.run(AwtEnvironment.java:166) ~[com.st.stm32cube.common.mx.oss_6.15.0.202507011659/:?]
	at java.awt.event.InvocationEvent.dispatch(InvocationEvent.java:318) ~[?:?]
	at java.awt.EventQueue.dispatchEventImpl(EventQueue.java:773) ~[?:?]
	at java.awt.EventQueue$4.run(EventQueue.java:720) ~[?:?]
	at java.awt.EventQueue$4.run(EventQueue.java:714) ~[?:?]
	at java.security.AccessController.doPrivileged(AccessController.java:400) ~[?:?]
	at java.security.ProtectionDomain$JavaSecurityAccessImpl.doIntersectionPrivilege(ProtectionDomain.java:87) ~[?:?]
	at java.awt.EventQueue.dispatchEvent(EventQueue.java:742) ~[?:?]
	at java.awt.EventDispatchThread.pumpOneEventForFilters(EventDispatchThread.java:203) ~[?:?]
	at java.awt.EventDispatchThread.pumpEventsForFilter(EventDispatchThread.java:124) ~[?:?]
	at java.awt.EventDispatchThread.pumpEventsForHierarchy(EventDispatchThread.java:113) ~[?:?]
	at java.awt.EventDispatchThread.pumpEvents(EventDispatchThread.java:109) ~[?:?]
	at java.awt.EventDispatchThread.pumpEvents(EventDispatchThread.java:101) ~[?:?]
	at java.awt.EventDispatchThread.run(EventDispatchThread.java:90) ~[?:?]
2026-02-14 16:56:38,082 [WARN] ThirdParty:871 - waiting for thirdparty lock release [close project]
2026-02-14 16:56:38,082 [INFO] ThirdParty:873 - entering critical section [close project]
2026-02-14 16:56:38,085 [INFO] ThirdParty:883 - exiting critical section [close project]
2026-02-14 16:56:38,120 [INFO] PinOutPanel:1589 - setPackage(No Configuration,No Configuration)
2026-02-14 16:56:38,949 [WARN] IpParametersView:155 - Warning: This peripheral hasn't parameters
2026-02-14 16:56:39,166 [WARN] MainPanel:289 - <html><b><center>Warning: This peripheral has no parameters to be configured<br></b></html>
2026-02-14 16:56:39,594 [INFO] UtilMem:75 - Begin LoadConfig() Used Memory: 953289560 Bytes (1073741824)
2026-02-14 16:56:39,609 [INFO] MicroXplorer:468 - Change Database Path : 
2026-02-14 16:56:39,609 [INFO] MicroXplorer:498 - Change Database Version : DB.6.0.150
2026-02-14 16:56:39,610 [INFO] OpenFileManager:355 - Change cursor
2026-02-14 16:56:39,849 [INFO] RulesReader:64 - Compatibility file has been processed (317 Rules)
2026-02-14 16:56:39,909 [INFO] Mcu:2029 - Initializing MCU STM32F446R(C-E)Tx STM32F446RETx STM32F446RET6
2026-02-14 16:56:46,939 [INFO] Context:786 - Trying to add GPIOservice into a context  which must be forbidden
2026-02-14 16:56:48,679 [INFO] ImportTextPane:234 - (OptionalMessage_ERROR) Pin18 (VP_RIF_VS_RIF1) cannot be retrieved for this MCU
2026-02-14 16:56:48,974 [INFO] RtosManager:558 - Registered RTOS mode: class=CMSIS, group=RTOS, mode=CMSIS_V1, owner=FREERTOS
2026-02-14 16:56:48,975 [INFO] RtosManager:558 - Registered RTOS mode: class=CMSIS, group=RTOS2, mode=CMSIS_V2, owner=FREERTOS
2026-02-14 16:56:48,975 [INFO] RtosManager:558 - Registered RTOS mode: class=RTOS, group=Core, mode=CMSIS_V1, owner=FREERTOS
2026-02-14 16:56:48,975 [INFO] RtosManager:558 - Registered RTOS mode: class=RTOS, group=Core, mode=CMSIS_V2, owner=FREERTOS
2026-02-14 16:56:48,976 [WARN] ModelIntegratedComponent:184 - Missing modes for component STMicroelectronics:FreeRTOS:0.0.1:STMicroelectronics:RTOS:FreeRTOS:Core:::10.2.0:
2026-02-14 16:56:49,005 [WARN] ModelIntegratedComponent:63 - No mode defined for component null
2026-02-14 16:56:49,005 [WARN] ModelIntegratedComponent:63 - No mode defined for component null
2026-02-14 16:56:49,005 [WARN] ModelIntegratedComponent:63 - No mode defined for component null
2026-02-14 16:56:49,005 [WARN] ModelIntegratedComponent:63 - No mode defined for component null
2026-02-14 16:56:49,006 [WARN] ModelIntegratedComponent:63 - No mode defined for component null
2026-02-14 16:56:49,006 [WARN] ModelIntegratedComponent:63 - No mode defined for component null
2026-02-14 16:56:49,006 [WARN] ModelIntegratedComponent:63 - No mode defined for component null
2026-02-14 16:56:49,006 [WARN] ModelIntegratedComponent:63 - No mode defined for component null
2026-02-14 16:56:49,006 [WARN] ModelIntegratedComponent:63 - No mode defined for component null
2026-02-14 16:56:49,006 [WARN] ModelIntegratedComponent:63 - No mode defined for component null
2026-02-14 16:56:49,007 [WARN] ModelIntegratedComponent:63 - No mode defined for component null
2026-02-14 16:56:49,007 [WARN] ModelIntegratedComponent:63 - No mode defined for component null
2026-02-14 16:56:49,007 [WARN] ModelIntegratedComponent:63 - No mode defined for component null
2026-02-14 16:56:49,007 [WARN] ModelIntegratedComponent:63 - No mode defined for component null
2026-02-14 16:56:49,007 [WARN] ModelIntegratedComponent:63 - No mode defined for component null
2026-02-14 16:56:49,007 [WARN] ModelIntegratedComponent:63 - No mode defined for component null
2026-02-14 16:56:49,007 [WARN] ModelIntegratedComponent:63 - No mode defined for component null
2026-02-14 16:56:49,007 [WARN] ModelIntegratedComponent:63 - No mode defined for component null
2026-02-14 16:56:49,007 [WARN] ModelIntegratedComponent:63 - No mode defined for component null
2026-02-14 16:56:49,007 [WARN] ModelIntegratedComponent:63 - No mode defined for component null
2026-02-14 16:56:49,007 [WARN] ModelIntegratedComponent:63 - No mode defined for component null
2026-02-14 16:56:49,007 [WARN] ModelIntegratedComponent:63 - No mode defined for component null
2026-02-14 16:56:49,007 [WARN] ModelIntegratedComponent:63 - No mode defined for component null
2026-02-14 16:56:49,008 [WARN] ModelIntegratedComponent:63 - No mode defined for component null
2026-02-14 16:56:49,008 [WARN] ModelIntegratedComponent:63 - No mode defined for component null
2026-02-14 16:56:49,008 [WARN] ModelIntegratedComponent:63 - No mode defined for component null
2026-02-14 16:56:49,008 [WARN] ModelIntegratedComponent:63 - No mode defined for component null
2026-02-14 16:56:49,008 [WARN] ModelIntegratedComponent:63 - No mode defined for component null
2026-02-14 16:56:49,008 [WARN] ModelIntegratedComponent:63 - No mode defined for component null
2026-02-14 16:56:49,008 [WARN] ModelIntegratedComponent:63 - No mode defined for component null
2026-02-14 16:56:49,008 [WARN] ModelIntegratedComponent:63 - No mode defined for component null
2026-02-14 16:56:49,009 [WARN] ModelIntegratedComponent:63 - No mode defined for component null
2026-02-14 16:56:49,009 [WARN] ModelIntegratedComponent:63 - No mode defined for component null
2026-02-14 16:56:49,009 [WARN] ModelIntegratedComponent:63 - No mode defined for component null
2026-02-14 16:56:49,009 [WARN] ModelIntegratedComponent:63 - No mode defined for component null
2026-02-14 16:56:49,010 [WARN] ModelPack:524 - Component already loaded: STMicroelectronics:HAL Drivers:0.0.0:STMicroelectronics:Device:STMicro_Driver:XSPI:HAL::0.0.1:HAL_XSPI
2026-02-14 16:56:49,565 [INFO] ThirdPartyModel:298 - Start build external matchings
2026-02-14 16:56:50,791 [INFO] ThirdPartyModel:316 - End build external matchings
2026-02-14 16:56:50,832 [INFO] RtosManager:1018 - Current active RTOS is FREERTOS [Cortex-M4NS]
2026-02-14 16:56:50,927 [INFO] ImportTextPane:234 - (OptionalMessage_ERROR) IP (RCC) : Invalid parameter (48MHZClocksFreq_Value)
2026-02-14 16:56:50,929 [INFO] ImportTextPane:234 - (OptionalMessage_ERROR) IP (RCC) : Invalid parameter (EthernetFreq_Value)
2026-02-14 16:56:50,931 [INFO] ImportTextPane:234 - (OptionalMessage_ERROR) IP (RCC) : Parameter (FLatency) has Id (AdvancedSettings) currently not set
2026-02-14 16:56:50,931 [INFO] ImportTextPane:234 - (OptionalMessage_ERROR) IP (RCC) : Invalid parameter (FamilyName)
2026-02-14 16:56:50,931 [INFO] ImportTextPane:234 - (OptionalMessage_ERROR) IP (RCC) : Invalid parameter (I2SClocksFreq_Value)
2026-02-14 16:56:50,932 [INFO] ImportTextPane:234 - (OptionalMessage_ERROR) IP (RCC) : Parameter (SDIOFreq_Value) has invalid value (168000000)
2026-02-14 16:56:50,932 [INFO] ImportTextPane:234 - (OptionalMessage_ERROR) IP (RCC) : Parameter (USBFreq_Value) has invalid value (168000000)
2026-02-14 16:56:50,933 [INFO] ImportTextPane:234 - (OptionalMessage_ERROR) IP (RCC) : Invalid parameter (VCOInputMFreq_Value)
2026-02-14 16:56:50,933 [INFO] ImportTextPane:234 - (OptionalMessage_ERROR) IP (RCC) : Invalid parameter (VcooutputI2S)
2026-02-14 16:56:51,975 [INFO] UtilMem:75 - End LoadConfig() Used Memory: 885393944 Bytes (1073741824)
2026-02-14 16:56:52,088 [WARN] ThirdParty:833 - waiting for thirdparty lock release [change project]
2026-02-14 16:56:52,097 [INFO] ThirdParty:835 - entering critical section [change project]
2026-02-14 16:56:52,097 [INFO] ThirdParty:1030 - CMSIS Pack Vendor :STMicroelectronics X-CUBE-PM33A1 1.0.0
2026-02-14 16:56:52,097 [INFO] ThirdParty:1030 - CMSIS Pack Vendor :STMicroelectronics USBPD 4.1
2026-02-14 16:56:52,097 [INFO] ThirdParty:1030 - CMSIS Pack Vendor :STMicroelectronics USB_HOST 2.0.0
2026-02-14 16:56:52,097 [INFO] ThirdParty:1030 - CMSIS Pack Vendor :STMicroelectronics FP-SNS-MOTENVWB1 1.4.0
2026-02-14 16:56:52,097 [INFO] ThirdParty:1030 - CMSIS Pack Vendor :STMicroelectronics X-CUBE-AZRTOS-F4 1.1.0
2026-02-14 16:56:52,097 [INFO] ThirdParty:1030 - CMSIS Pack Vendor :STMicroelectronics LIBJPEG 8.0.0
2026-02-14 16:56:52,097 [INFO] ThirdParty:1030 - CMSIS Pack Vendor :STMicroelectronics FP-ATR-ASTRA1 2.0.2
2026-02-14 16:56:52,097 [INFO] ThirdParty:1030 - CMSIS Pack Vendor :Avnet-IotConnect X-CUBE-IoTC-DA16k-PMOD 1.0.0
2026-02-14 16:56:52,097 [INFO] ThirdParty:1030 - CMSIS Pack Vendor :STMicroelectronics X-CUBE-SMBUS 2.1.0
2026-02-14 16:56:52,098 [INFO] ThirdParty:1030 - CMSIS Pack Vendor :STMicroelectronics X-CUBE-ISPU 2.1.0
2026-02-14 16:56:52,098 [INFO] ThirdParty:1030 - CMSIS Pack Vendor :STMicroelectronics X-CUBE-IPS 3.2.0
2026-02-14 16:56:52,098 [INFO] ThirdParty:1030 - CMSIS Pack Vendor :STMicroelectronics X-CUBE-ST60 1.0.0
2026-02-14 16:56:52,098 [INFO] ThirdParty:1030 - CMSIS Pack Vendor :STMicroelectronics X-CUBE-NFC12 1.0.0
2026-02-14 16:56:52,098 [INFO] ThirdParty:1030 - CMSIS Pack Vendor :STMicroelectronics X-CUBE-AZRTOS-F7 1.1.0
2026-02-14 16:56:52,098 [INFO] ThirdParty:1030 - CMSIS Pack Vendor :STMicroelectronics X-CUBE-AZRTOS-L5 2.0.0
2026-02-14 16:56:52,098 [INFO] ThirdParty:1030 - CMSIS Pack Vendor :STMicroelectronics USB_DEVICE 2.0.0
2026-02-14 16:56:52,098 [INFO] ThirdParty:1030 - CMSIS Pack Vendor :STMicroelectronics X-CUBE-NFC6 3.1.0
2026-02-14 16:56:52,098 [INFO] ThirdParty:1030 - CMSIS Pack Vendor :STMicroelectronics FP-SNS-MOTENV1 5.1.0
2026-02-14 16:56:52,098 [INFO] ThirdParty:1030 - CMSIS Pack Vendor :STMicroelectronics FreeRTOS 0.0.1
2026-02-14 16:56:52,099 [INFO] ThirdParty:1030 - CMSIS Pack Vendor :WES I-CUBE-Cesium 1.4.0
2026-02-14 16:56:52,099 [INFO] ThirdParty:1030 - CMSIS Pack Vendor :Infineon AIROC-Wi-Fi-Bluetooth-STM32 1.7.1
2026-02-14 16:56:52,100 [INFO] ThirdParty:1030 - CMSIS Pack Vendor :STMicroelectronics PDM2PCM 3.3.0
2026-02-14 16:56:52,100 [INFO] ThirdParty:1030 - CMSIS Pack Vendor :STMicroelectronics X-CUBE-AZRTOS-H7 3.4.0
2026-02-14 16:56:52,100 [INFO] ThirdParty:1030 - CMSIS Pack Vendor :STMicroelectronics X-CUBE-DISPLAY 3.0.0
2026-02-14 16:56:52,100 [INFO] ThirdParty:1030 - CMSIS Pack Vendor :STMicroelectronics X-CUBE-NFC10 1.0.0
2026-02-14 16:56:52,100 [INFO] ThirdParty:1030 - CMSIS Pack Vendor :STMicroelectronics X-CUBE-FREERTOS 1.3.1
2026-02-14 16:56:52,100 [INFO] ThirdParty:1030 - CMSIS Pack Vendor :STMicroelectronics HAL Drivers 0.0.0
2026-02-14 16:56:52,100 [INFO] ThirdParty:1030 - CMSIS Pack Vendor :STMicroelectronics X-CUBE-ST60 1.1.0
2026-02-14 16:56:52,100 [INFO] ThirdParty:1030 - CMSIS Pack Vendor :emotas I-CUBE-CANOPEN 1.3.0
2026-02-14 16:56:52,100 [INFO] ThirdParty:1030 - CMSIS Pack Vendor :STMicroelectronics MBEDTLS 2.14.1
2026-02-14 16:56:52,100 [INFO] ThirdParty:1030 - CMSIS Pack Vendor :STMicroelectronics X-CUBE-GNSS1 7.1.0
2026-02-14 16:56:52,100 [INFO] ThirdParty:1030 - CMSIS Pack Vendor :STMicroelectronics X-CUBE-TOUCHGFX 4.26.0
2026-02-14 16:56:52,100 [INFO] ThirdParty:1030 - CMSIS Pack Vendor :STMicroelectronics FP-SNS-STBOX1 2.1.0
2026-02-14 16:56:52,100 [INFO] ThirdParty:1030 - CMSIS Pack Vendor :STMicroelectronics FP-SNS-STAIOTCFT 1.0.0
2026-02-14 16:56:52,100 [INFO] ThirdParty:1030 - CMSIS Pack Vendor :STMicroelectronics FP-SNS-SMARTAG2 1.2.0
2026-02-14 16:56:52,100 [INFO] ThirdParty:1030 - CMSIS Pack Vendor :STMicroelectronics FP-SNS-FLIGHT1 5.1.0
2026-02-14 16:56:52,101 [INFO] ThirdParty:1030 - CMSIS Pack Vendor :STMicroelectronics X-CUBE-AZRTOS-WL 2.0.0
2026-02-14 16:56:52,101 [INFO] ThirdParty:1030 - CMSIS Pack Vendor :STMicroelectronics X-CUBE-DPower 1.3.0
2026-02-14 16:56:52,101 [INFO] ThirdParty:1030 - CMSIS Pack Vendor :STMicroelectronics FP-SNS-MOTENV1 5.0.0
2026-02-14 16:56:52,101 [INFO] ThirdParty:1030 - CMSIS Pack Vendor :STMicroelectronics USB_DEVICE 1.0.0
2026-02-14 16:56:52,101 [INFO] ThirdParty:1030 - CMSIS Pack Vendor :STMicroelectronics X-CUBE-AZRTOS-H7RS 1.2.0
2026-02-14 16:56:52,101 [INFO] ThirdParty:1030 - CMSIS Pack Vendor :STMicroelectronics X-CUBE-AZRTOS-L4 2.0.0
2026-02-14 16:56:52,101 [INFO] ThirdParty:1030 - CMSIS Pack Vendor :STMicroelectronics ThreadX 0.0.2
2026-02-14 16:56:52,101 [INFO] ThirdParty:1030 - CMSIS Pack Vendor :WES I-CUBE-Cesium 1.3.0
2026-02-14 16:56:52,101 [INFO] ThirdParty:1030 - CMSIS Pack Vendor :STMicroelectronics lwIP 2.1.2
2026-02-14 16:56:52,101 [INFO] ThirdParty:1030 - CMSIS Pack Vendor :STMicroelectronics X-CUBE-SFXS2LP1 4.0.0
2026-02-14 16:56:52,102 [INFO] ThirdParty:1030 - CMSIS Pack Vendor :STMicroelectronics X-CUBE-BLE2 3.3.0
2026-02-14 16:56:52,102 [INFO] ThirdParty:1030 - CMSIS Pack Vendor :Avnet-IOTCONNECT X-CUBE-iotc-st67-sdk 1.0.0
2026-02-14 16:56:52,102 [INFO] ThirdParty:1030 - CMSIS Pack Vendor :STMicroelectronics PDM2PCM 3.2.0
2026-02-14 16:56:52,102 [INFO] ThirdParty:1030 - CMSIS Pack Vendor :STMicroelectronics X-CUBE-ST67W61 1.2.0
2026-02-14 16:56:52,102 [INFO] ThirdParty:1030 - CMSIS Pack Vendor :STMicroelectronics X-CUBE-NFC9 1.0.0
2026-02-14 16:56:52,102 [INFO] ThirdParty:1030 - CMSIS Pack Vendor :wolfSSL I-CUBE-wolfSSL 5.8.2
2026-02-14 16:56:52,102 [INFO] ThirdParty:1030 - CMSIS Pack Vendor :STMicroelectronics X-CUBE-BLE1 7.1.0
2026-02-14 16:56:52,102 [INFO] ThirdParty:1030 - CMSIS Pack Vendor :wolfSSL I-CUBE-wolfMQTT 1.19.2
2026-02-14 16:56:52,102 [INFO] ThirdParty:1030 - CMSIS Pack Vendor :STMicroelectronics USB_DEVICE 3.0.0
2026-02-14 16:56:52,102 [INFO] ThirdParty:1030 - CMSIS Pack Vendor :STMicroelectronics X-CUBE-FREERTOS 1.4.0
2026-02-14 16:56:52,102 [INFO] ThirdParty:1030 - CMSIS Pack Vendor :STMicroelectronics X-CUBE-EEPRMA1 5.2.0
2026-02-14 16:56:52,103 [INFO] ThirdParty:1030 - CMSIS Pack Vendor :STMicroelectronics X-CUBE-BLEMGR 4.1.0
2026-02-14 16:56:52,103 [INFO] ThirdParty:1030 - CMSIS Pack Vendor :STMicroelectronics X-CUBE-AZRTOS-WB 2.0.0
2026-02-14 16:56:52,103 [INFO] ThirdParty:1030 - CMSIS Pack Vendor :STMicroelectronics X-CUBE-GNSS1 7.0.1
2026-02-14 16:56:52,103 [INFO] ThirdParty:1030 - CMSIS Pack Vendor :STMicroelectronics X-CUBE-TOUCHGFX 4.25.0
2026-02-14 16:56:52,103 [INFO] ThirdParty:1030 - CMSIS Pack Vendor :STMicroelectronics X-CUBE-ST67W61 1.1.0
2026-02-14 16:56:52,103 [INFO] ThirdParty:1030 - CMSIS Pack Vendor :quantropi X-CUBE-qispace-sdk-base 2.1.0
2026-02-14 16:56:52,103 [INFO] ThirdParty:1030 - CMSIS Pack Vendor :STMicroelectronics X-CUBE-MEMS1 12.0.0
2026-02-14 16:56:52,103 [INFO] ThirdParty:1030 - CMSIS Pack Vendor :STMicroelectronics X-CUBE-STSE01 2.0.0
2026-02-14 16:56:52,103 [INFO] ThirdParty:1030 - CMSIS Pack Vendor :STMicroelectronics X-CUBE-AZRTOS-G0 1.1.0
2026-02-14 16:56:52,104 [INFO] ThirdParty:1030 - CMSIS Pack Vendor :STMicroelectronics X-CUBE-SAFEA1 1.2.2
2026-02-14 16:56:52,104 [INFO] ThirdParty:1030 - CMSIS Pack Vendor :STMicroelectronics X-CUBE-NFC4 3.0.0
2026-02-14 16:56:52,104 [INFO] ThirdParty:1030 - CMSIS Pack Vendor :STMicroelectronics X-CUBE-SUBG2 5.0.0
2026-02-14 16:56:52,104 [INFO] ThirdParty:1030 - CMSIS Pack Vendor :STMicroelectronics X-CUBE-AZRTOS-H7RS 1.1.0
2026-02-14 16:56:52,104 [INFO] ThirdParty:1030 - CMSIS Pack Vendor :STMicroelectronics STM32_WPAN 1.0.0
2026-02-14 16:56:52,104 [INFO] ThirdParty:1030 - CMSIS Pack Vendor :EmbeddedOffice I-CUBE-FS-RTOS 1.0.1
2026-02-14 16:56:52,104 [INFO] ThirdParty:1030 - CMSIS Pack Vendor :STMicroelectronics lwIP 2.0.3
2026-02-14 16:56:52,104 [INFO] ThirdParty:1030 - CMSIS Pack Vendor :Cesanta I-CUBE-Mongoose 7.13.0
2026-02-14 16:56:52,104 [INFO] ThirdParty:1030 - CMSIS Pack Vendor :STMicroelectronics USB_HOST 1.0.0
2026-02-14 16:56:52,104 [INFO] ThirdParty:1030 - CMSIS Pack Vendor :STMicroelectronics X-CUBE-AZRTOS-G4 2.0.0
2026-02-14 16:56:52,104 [INFO] ThirdParty:1030 - CMSIS Pack Vendor :STMicroelectronics X-CUBE-WB05N 2.0.0
2026-02-14 16:56:52,104 [INFO] ThirdParty:1030 - CMSIS Pack Vendor :STMicroelectronics PDM2PCM 3.1.0
2026-02-14 16:56:52,105 [INFO] ThirdParty:1030 - CMSIS Pack Vendor :wolfSSL I-CUBE-wolfTPM 3.8.0
2026-02-14 16:56:52,105 [INFO] ThirdParty:1030 - CMSIS Pack Vendor :wolfSSL I-CUBE-wolfSSH 1.4.20
2026-02-14 16:56:52,105 [INFO] ThirdParty:1030 - CMSIS Pack Vendor :STMicroelectronics X-CUBE-NFC7 2.0.0
2026-02-14 16:56:52,105 [INFO] ThirdParty:1030 - CMSIS Pack Vendor :STMicroelectronics X-CUBE-TCPP 4.2.0
2026-02-14 16:56:52,105 [INFO] ThirdParty:1030 - CMSIS Pack Vendor :RealThread X-CUBE-RT-Thread_Nano 4.1.1
2026-02-14 16:56:52,105 [INFO] ThirdParty:1030 - CMSIS Pack Vendor :STMicroelectronics FP-ATR-SIGFOX1 3.2.0
2026-02-14 16:56:52,105 [INFO] ThirdParty:1030 - CMSIS Pack Vendor :STMicroelectronics MBEDTLS 2.16.2
2026-02-14 16:56:52,105 [INFO] ThirdParty:1030 - CMSIS Pack Vendor :STMicroelectronics X-CUBE-IPS 3.1.0
2026-02-14 16:56:52,105 [INFO] ThirdParty:1030 - CMSIS Pack Vendor :STMicroelectronics X-CUBE-ALS 1.0.2
2026-02-14 16:56:52,105 [INFO] ThirdParty:1030 - CMSIS Pack Vendor :ITTIA_DB I-CUBE-ITTIADB 8.9.0
2026-02-14 16:56:52,105 [INFO] ThirdParty:1030 - CMSIS Pack Vendor :STMicroelectronics X-CUBE-STSE01 1.0.0
2026-02-14 16:56:52,105 [INFO] ThirdParty:1030 - CMSIS Pack Vendor :portGmbH I-Cube-SoM-uGOAL 1.1.0
2026-02-14 16:56:52,105 [INFO] ThirdParty:1030 - CMSIS Pack Vendor :STMicroelectronics X-CUBE-NFC6 3.2.0
2026-02-14 16:56:52,106 [INFO] ThirdParty:1030 - CMSIS Pack Vendor :STMicroelectronics X-CUBE-ST67W61 1.0.0
2026-02-14 16:56:52,106 [INFO] ThirdParty:1030 - CMSIS Pack Vendor :STMicroelectronics X-CUBE-AI 10.2.0
2026-02-14 16:56:52,106 [INFO] ThirdParty:1030 - CMSIS Pack Vendor :STMicroelectronics ThreadX 1.0.0
2026-02-14 16:56:52,106 [INFO] ThirdParty:1030 - CMSIS Pack Vendor :SEGGER I-CUBE-embOS 1.3.1
2026-02-14 16:56:52,106 [INFO] ThirdParty:1030 - CMSIS Pack Vendor :STMicroelectronics X-CUBE-ALGOBUILD 1.4.0
2026-02-14 16:56:52,106 [INFO] ThirdParty:1030 - CMSIS Pack Vendor :STMicroelectronics X-CUBE-MEMS1 11.3.0
2026-02-14 16:56:52,106 [INFO] ThirdParty:1030 - CMSIS Pack Vendor :STMicroelectronics X-CUBE-TOF1 3.4.3
2026-02-14 16:56:52,106 [INFO] ThirdParty:841 - exiting critical section [change project]
2026-02-14 16:56:53,194 [INFO] PinOutPanel:1589 - setPackage(No Configuration,No Configuration)
2026-02-14 16:56:53,204 [INFO] PinOutPanel:1589 - setPackage(STM32F446RETx,LQFP64)
2026-02-14 16:56:54,207 [INFO] UtilMem:75 - Before build in PCC Used Memory: 943613352 Bytes (1073741824)
2026-02-14 16:56:58,364 [INFO] UtilMem:75 - After build in PCC Used Memory: 830898904 Bytes (1073741824)
2026-02-14 16:56:58,512 [INFO] ApiDbMcu:532 - Load IP Config File for FREERTOS
2026-02-14 16:56:58,657 [INFO] IPUIPlugin:80 - create IPUIPlugin
2026-02-14 16:56:58,658 [INFO] IPUIPlugin:80 - create IPUIPlugin
2026-02-14 16:56:58,659 [INFO] IPUIPlugin:80 - create IPUIPlugin
2026-02-14 16:56:58,662 [INFO] IPUIPlugin:80 - create IPUIPlugin
2026-02-14 16:56:58,662 [INFO] IPUIPlugin:80 - create IPUIPlugin
2026-02-14 16:56:58,668 [INFO] IPUIPlugin:80 - create IPUIPlugin
2026-02-14 16:56:58,669 [INFO] IPUIPlugin:80 - create IPUIPlugin
2026-02-14 16:56:58,669 [INFO] IPUIPlugin:80 - create IPUIPlugin
2026-02-14 16:56:58,673 [INFO] IPUIPlugin:80 - create IPUIPlugin
2026-02-14 16:56:58,678 [INFO] IPUIPlugin:80 - create IPUIPlugin
2026-02-14 16:56:58,684 [INFO] IPUIPlugin:80 - create IPUIPlugin
2026-02-14 16:56:58,691 [INFO] IPUIPlugin:80 - create IPUIPlugin
2026-02-14 16:56:58,695 [INFO] IPUIPlugin:80 - create IPUIPlugin
2026-02-14 16:56:58,696 [INFO] IPUIPlugin:80 - create IPUIPlugin
2026-02-14 16:56:58,696 [INFO] IPUIPlugin:80 - create IPUIPlugin
2026-02-14 16:56:58,696 [INFO] IPUIPlugin:80 - create IPUIPlugin
2026-02-14 16:56:58,697 [INFO] IPUIPlugin:80 - create IPUIPlugin
2026-02-14 16:56:58,700 [INFO] IPUIPlugin:80 - create IPUIPlugin
2026-02-14 16:56:58,700 [INFO] IPUIPlugin:80 - create IPUIPlugin
2026-02-14 16:56:58,701 [INFO] IPUIPlugin:80 - create IPUIPlugin
2026-02-14 16:56:58,702 [INFO] IPUIPlugin:80 - create IPUIPlugin
2026-02-14 16:56:58,702 [INFO] IPUIPlugin:80 - create IPUIPlugin
2026-02-14 16:56:58,703 [INFO] IPUIPlugin:80 - create IPUIPlugin
2026-02-14 16:56:58,704 [INFO] IPUIPlugin:80 - create IPUIPlugin
2026-02-14 16:56:58,709 [INFO] IPUIPlugin:80 - create IPUIPlugin
2026-02-14 16:56:58,711 [INFO] IPUIPlugin:80 - create IPUIPlugin
2026-02-14 16:56:58,712 [INFO] IPUIPlugin:80 - create IPUIPlugin
2026-02-14 16:56:58,712 [INFO] IPUIPlugin:80 - create IPUIPlugin
2026-02-14 16:56:58,714 [INFO] IPUIPlugin:80 - create IPUIPlugin
2026-02-14 16:56:58,714 [INFO] IPUIPlugin:80 - create IPUIPlugin
2026-02-14 16:56:58,715 [INFO] IPUIPlugin:80 - create IPUIPlugin
2026-02-14 16:56:58,720 [INFO] IPUIPlugin:80 - create IPUIPlugin
2026-02-14 16:56:58,720 [INFO] IPUIPlugin:80 - create IPUIPlugin
2026-02-14 16:56:58,721 [INFO] IPUIPlugin:80 - create IPUIPlugin
2026-02-14 16:56:58,721 [INFO] IPUIPlugin:80 - create IPUIPlugin
2026-02-14 16:56:58,723 [INFO] IPUIPlugin:80 - create IPUIPlugin
2026-02-14 16:56:58,725 [INFO] IPUIPlugin:80 - create IPUIPlugin
2026-02-14 16:56:58,726 [INFO] IPUIPlugin:80 - create IPUIPlugin
2026-02-14 16:56:58,726 [INFO] IPUIPlugin:80 - create IPUIPlugin
2026-02-14 16:56:58,727 [INFO] IPUIPlugin:80 - create IPUIPlugin
2026-02-14 16:56:58,727 [INFO] IPUIPlugin:80 - create IPUIPlugin
2026-02-14 16:56:58,729 [INFO] IPUIPlugin:80 - create IPUIPlugin
2026-02-14 16:56:58,731 [INFO] IPUIPlugin:80 - create IPUIPlugin
2026-02-14 16:56:58,732 [INFO] IPUIPlugin:80 - create IPUIPlugin
2026-02-14 16:56:58,733 [INFO] IPUIPlugin:80 - create IPUIPlugin
2026-02-14 16:56:58,734 [INFO] IPUIPlugin:80 - create IPUIPlugin
2026-02-14 16:56:58,735 [INFO] IPUIPlugin:80 - create IPUIPlugin
2026-02-14 16:56:58,736 [INFO] IPUIPlugin:80 - create IPUIPlugin
2026-02-14 16:56:58,736 [INFO] IPUIPlugin:80 - create IPUIPlugin
2026-02-14 16:56:58,740 [INFO] IPUIPlugin:80 - create IPUIPlugin
2026-02-14 16:56:58,742 [INFO] IPUIPlugin:80 - create IPUIPlugin
2026-02-14 16:56:58,743 [INFO] IPUIPlugin:80 - create IPUIPlugin
2026-02-14 16:56:58,744 [INFO] IPUIPlugin:80 - create IPUIPlugin
2026-02-14 16:56:58,744 [INFO] IPUIPlugin:80 - create IPUIPlugin
2026-02-14 16:56:58,745 [INFO] IPUIPlugin:80 - create IPUIPlugin
2026-02-14 16:56:58,746 [INFO] IPUIPlugin:80 - create IPUIPlugin
2026-02-14 16:56:58,747 [INFO] IPUIPlugin:80 - create IPUIPlugin
2026-02-14 16:56:58,748 [INFO] IPUIPlugin:80 - create IPUIPlugin
2026-02-14 16:56:58,749 [INFO] IPUIPlugin:80 - create IPUIPlugin
2026-02-14 16:56:58,750 [INFO] IPUIPlugin:80 - create IPUIPlugin
2026-02-14 16:56:58,829 [INFO] ApiDbMcu:532 - Load IP Config File for PDM2PCM
2026-02-14 16:56:58,858 [WARN] IP:2250 - I2C_Coeff_DF not found: check if there is a RefParameter without a condition.
2026-02-14 16:56:58,859 [WARN] IP:2250 - Analog_Filter not found: check if there is a RefParameter without a condition.
2026-02-14 16:56:58,886 [WARN] FreeRTOS:1023 - Null or empty value: should not occur! (nothing added to the table)
2026-02-14 16:56:59,128 [INFO] CADModel:165 - CPN selected for project levelSTM32F446RET6
2026-02-14 16:56:59,130 [INFO] CADModel:114 - Register for checkConnection events
2026-02-14 16:56:59,150 [INFO] RtosManager:728 - Active RTOS found at IOC load: FREERTOS [Cortex-M4NS]
2026-02-14 16:56:59,239 [INFO] OpenFileManager:386 - Restore cursor
2026-02-14 16:57:00,478 [WARN] IP:2250 - I2C_Coeff_DF not found: check if there is a RefParameter without a condition.
2026-02-14 16:57:00,482 [WARN] IP:2250 - Analog_Filter not found: check if there is a RefParameter without a condition.
2026-02-14 16:57:00,483 [WARN] IP:2250 - I2C_Coeff_DF not found: check if there is a RefParameter without a condition.
2026-02-14 16:57:00,483 [WARN] IP:2250 - Analog_Filter not found: check if there is a RefParameter without a condition.
2026-02-14 16:57:14,579 [ERROR] RtosPanel:558 - Can not restore the selected Tab for FREERTOS(A reason can be that the tab is no more available.)
2026-02-14 16:57:17,438 [INFO] TasksAndQueuesTab:757 - Dynamic
2026-02-14 16:57:17,438 [WARN] TasksAndQueuesTab:763 - 128 128
2026-02-14 16:57:17,438 [WARN] TasksAndQueuesTab:775 - max value is: 3840.0
2026-02-14 16:57:17,438 [INFO] TasksAndQueuesTab:757 - Dynamic
2026-02-14 16:57:17,438 [WARN] TasksAndQueuesTab:763 - 128 128
2026-02-14 16:57:17,438 [WARN] TasksAndQueuesTab:775 - max value is: 3840.0
2026-02-14 16:57:17,438 [INFO] TasksAndQueuesTab:757 - Dynamic
2026-02-14 16:57:17,438 [WARN] TasksAndQueuesTab:763 - 128 128
2026-02-14 16:57:17,439 [WARN] TasksAndQueuesTab:775 - max value is: 3840.0
2026-02-14 17:09:48,760 [INFO] WebApp:194 - Connection lost
2026-02-14 17:09:49,393 [INFO] WebApp:191 - Connection restablished
2026-02-14 17:10:20,987 [INFO] WebApp:194 - Connection lost
2026-02-14 17:10:21,190 [INFO] WebApp:191 - Connection restablished
2026-02-14 17:11:06,775 [INFO] WebApp:194 - Connection lost
2026-02-14 17:11:07,818 [INFO] WebApp:191 - Connection restablished
2026-02-14 17:13:57,976 [INFO] WebApp:194 - Connection lost
2026-02-14 17:13:58,195 [INFO] WebApp:191 - Connection restablished
2026-02-14 17:14:30,945 [INFO] WebApp:194 - Connection lost
2026-02-14 17:14:31,112 [INFO] WebApp:191 - Connection restablished
2026-02-14 18:21:37,333 [INFO] WebApp:194 - Connection lost
2026-02-14 18:21:38,338 [INFO] WebApp:191 - Connection restablished
2026-02-14 18:21:39,055 [INFO] WebApp:194 - Connection lost
2026-02-14 18:21:39,365 [INFO] WebApp:191 - Connection restablished
2026-02-14 18:21:44,517 [INFO] WebApp:194 - Connection lost
2026-02-14 18:21:44,672 [INFO] WebApp:191 - Connection restablished
2026-02-14 18:39:41,545 [INFO] WebApp:194 - Connection lost
2026-02-14 18:39:42,650 [INFO] WebApp:191 - Connection restablished
2026-02-14 21:21:08,518 [INFO] WebApp:194 - Connection lost
2026-02-14 21:21:11,117 [INFO] WebApp:191 - Connection restablished
2026-02-14 21:35:16,102 [INFO] WebApp:194 - Connection lost
2026-02-14 21:35:17,324 [INFO] WebApp:191 - Connection restablished
2026-02-14 21:50:10,745 [INFO] WebApp:194 - Connection lost
2026-02-14 21:50:11,811 [INFO] WebApp:191 - Connection restablished
2026-02-14 22:48:46,769 [INFO] WebApp:194 - Connection lost
2026-02-14 22:48:47,095 [INFO] WebApp:191 - Connection restablished
2026-02-14 22:48:48,061 [INFO] WebApp:194 - Connection lost
2026-02-14 22:48:48,463 [INFO] WebApp:191 - Connection restablished
2026-02-14 22:48:54,732 [INFO] WebApp:194 - Connection lost
2026-02-14 22:48:55,562 [INFO] WebApp:191 - Connection restablished
2026-02-14 22:49:56,969 [INFO] WebApp:194 - Connection lost
2026-02-14 22:49:57,119 [INFO] WebApp:191 - Connection restablished
