2025-12-28 15:36:53,367 [INFO] Activator:176 - 


2025-12-28 15:36:53,377 [INFO] Activator:177 - !SESSION log4j initialized
2025-12-28 15:37:05,493 [INFO] LogOutputStream:77 - [STDOUT_REDIRECT] 
2025-12-28 15:37:10,215 [INFO] ApplicationProperties:184 - Using Application install path: F:\Knowledge_Update\STM32CubeIDE_1.19.0\STM32CubeIDE\plugins\com.st.stm32cube.common.mx_6.15.0.202507011659
2025-12-28 15:37:10,241 [INFO] DbMcusXml:78 - Set database path to: F:\Knowledge_Update\STM32CubeIDE_1.19.0\STM32CubeIDE\plugins\com.st.stm32cube.common.mx_6.15.0.202507011659\\db\/mcu/
2025-12-28 15:37:10,241 [INFO] ApiDb:274 - Set plugin database path to: F:\Knowledge_Update\STM32CubeIDE_1.19.0\STM32CubeIDE\plugins\com.st.stm32cube.common.mx_6.15.0.202507011659\\db\/plugins/boardmanager/
2025-12-28 15:37:10,243 [WARN] ApiDb:259 - Overriding images path with different value:  => F:\Knowledge_Update\STM32CubeIDE_1.19.0\STM32CubeIDE\plugins\com.st.stm32cube.common.mx_6.15.0.202507011659\\db\/plugins/mcufinder/images/
2025-12-28 15:37:10,264 [INFO] ApiDb:250 - Set database path to: C:\Users\hp\.stmcufinder\plugins\mcufinder//mcu/
2025-12-28 15:37:10,267 [INFO] DbMcusAds:125 - Set database path to: C:\Users\hp\.stmcufinder\plugins\mcufinder//mcu/
2025-12-28 15:37:10,270 [INFO] CrossReferenceDbSqlite:203 - Set database path to: C:\Users\hp\.stmcufinder\plugins\mcufinder//mcu/cs/
2025-12-28 15:37:10,474 [INFO] RulesReader:64 - Compatibility file has been processed (317 Rules)
2025-12-28 15:37:10,680 [INFO] DbMcusXml:78 - Set database path to: F:\Knowledge_Update\STM32CubeIDE_1.19.0\STM32CubeIDE\plugins\com.st.stm32cube.common.mx_6.15.0.202507011659\\db\/mcu/
2025-12-28 15:37:10,681 [INFO] ApiDb:274 - Set plugin database path to: F:\Knowledge_Update\STM32CubeIDE_1.19.0\STM32CubeIDE\plugins\com.st.stm32cube.common.mx_6.15.0.202507011659\\db\/plugins/boardmanager/
2025-12-28 15:37:10,682 [INFO] ApiDb:261 - Set plugin images path to: F:\Knowledge_Update\STM32CubeIDE_1.19.0\STM32CubeIDE\plugins\com.st.stm32cube.common.mx_6.15.0.202507011659\\db\/plugins/mcufinder/images/
2025-12-28 15:37:10,683 [WARN] DbFile:41 - Overriding database path with different value: C:\Users\hp\.stmcufinder\plugins\mcufinder/ => C:\Users\hp\.stmcufinder\plugins\mcufinder
2025-12-28 15:37:10,683 [INFO] ApiDb:250 - Set database path to: C:\Users\hp\.stmcufinder\plugins\mcufinder//mcu/
2025-12-28 15:37:10,683 [WARN] DbFile:41 - Overriding database path with different value: C:\Users\hp\.stmcufinder\plugins\mcufinder/ => C:\Users\hp\.stmcufinder\plugins\mcufinder
2025-12-28 15:37:10,684 [INFO] DbMcusAds:125 - Set database path to: C:\Users\hp\.stmcufinder\plugins\mcufinder//mcu/
2025-12-28 15:37:10,684 [WARN] DbFile:41 - Overriding database path with different value: C:\Users\hp\.stmcufinder\plugins\mcufinder/ => C:\Users\hp\.stmcufinder\plugins\mcufinder
2025-12-28 15:37:10,684 [WARN] DbFile:41 - Overriding database path with different value: C:\Users\hp\.stmcufinder\plugins\mcufinder/ => C:\Users\hp\.stmcufinder\plugins\mcufinder
2025-12-28 15:37:10,685 [INFO] CrossReferenceDbSqlite:203 - Set database path to: C:\Users\hp\.stmcufinder\plugins\mcufinder//mcu/cs/
2025-12-28 15:37:10,849 [INFO] MainPanel:274 - HeapMemory: 268435456
2025-12-28 15:37:11,022 [INFO] DbMcusXml:78 - Set database path to: F:\Knowledge_Update\STM32CubeIDE_1.19.0\STM32CubeIDE\plugins\com.st.stm32cube.common.mx_6.15.0.202507011659\\db\/mcu/
2025-12-28 15:37:11,022 [INFO] ApiDb:274 - Set plugin database path to: F:\Knowledge_Update\STM32CubeIDE_1.19.0\STM32CubeIDE\plugins\com.st.stm32cube.common.mx_6.15.0.202507011659\\db\/plugins/boardmanager/
2025-12-28 15:37:11,022 [INFO] ApiDb:261 - Set plugin images path to: F:\Knowledge_Update\STM32CubeIDE_1.19.0\STM32CubeIDE\plugins\com.st.stm32cube.common.mx_6.15.0.202507011659\\db\/plugins/mcufinder/images/
2025-12-28 15:37:11,023 [WARN] DbFile:41 - Overriding database path with different value: C:\Users\hp\.stmcufinder\plugins\mcufinder/ => C:\Users\hp\.stmcufinder\plugins\mcufinder
2025-12-28 15:37:11,023 [INFO] ApiDb:250 - Set database path to: C:\Users\hp\.stmcufinder\plugins\mcufinder//mcu/
2025-12-28 15:37:11,023 [WARN] DbFile:41 - Overriding database path with different value: C:\Users\hp\.stmcufinder\plugins\mcufinder/ => C:\Users\hp\.stmcufinder\plugins\mcufinder
2025-12-28 15:37:11,024 [INFO] DbMcusAds:125 - Set database path to: C:\Users\hp\.stmcufinder\plugins\mcufinder//mcu/
2025-12-28 15:37:11,024 [WARN] DbFile:41 - Overriding database path with different value: C:\Users\hp\.stmcufinder\plugins\mcufinder/ => C:\Users\hp\.stmcufinder\plugins\mcufinder
2025-12-28 15:37:11,024 [WARN] DbFile:41 - Overriding database path with different value: C:\Users\hp\.stmcufinder\plugins\mcufinder/ => C:\Users\hp\.stmcufinder\plugins\mcufinder
2025-12-28 15:37:11,024 [INFO] CrossReferenceDbSqlite:203 - Set database path to: C:\Users\hp\.stmcufinder\plugins\mcufinder//mcu/cs/
2025-12-28 15:37:11,055 [INFO] ApplicationProperties:184 - Using Application install path: F:\Knowledge_Update\STM32CubeIDE_1.19.0\STM32CubeIDE\plugins\com.st.stm32cube.common.mx_6.15.0.202507011659
2025-12-28 15:37:11,056 [INFO] PluginManage:196 - Search for loadable plugins [exclusion list=, ]
2025-12-28 15:37:11,059 [INFO] PluginManage:310 - Check plugin analytics
2025-12-28 15:37:11,528 [INFO] AnalyticsPlugin:253 - Accepted Software Licenses: STM32CubeMX.6.15.0
2025-12-28 15:37:11,529 [INFO] AnalyticsPlugin:255 - Accepted CMSIS Pack Licenses: 
2025-12-28 15:37:11,529 [INFO] AnalyticsPlugin:257 - Accepted Firmware Licenses: FW.F4.1.28.0
2025-12-28 15:37:11,537 [INFO] PluginManage:359 - Loaded plugin analytics (category:tool,tabindex:-1)
2025-12-28 15:37:11,538 [INFO] PluginManage:310 - Check plugin cadmodel
2025-12-28 15:37:11,553 [INFO] CADModel:105 - Init CAD model plugin
2025-12-28 15:37:11,553 [INFO] PluginManage:359 - Loaded plugin cadmodel (category:power,tabindex:5)
2025-12-28 15:37:11,553 [INFO] PluginManage:310 - Check plugin clock
2025-12-28 15:37:11,574 [INFO] PluginManage:359 - Loaded plugin clock (category:base,tabindex:2)
2025-12-28 15:37:11,574 [INFO] PluginManage:310 - Check plugin ddr
2025-12-28 15:37:11,578 [INFO] PluginManage:359 - Loaded plugin ddr (category:tool,tabindex:6)
2025-12-28 15:37:11,578 [INFO] PluginManage:310 - Check plugin filemanager
2025-12-28 15:37:11,842 [INFO] PluginManage:359 - Loaded plugin filemanager (category:base,tabindex:10)
2025-12-28 15:37:11,842 [INFO] PluginManage:310 - Check plugin ipmanager
2025-12-28 15:37:11,855 [INFO] PluginManage:359 - Loaded plugin ipmanager (category:base,tabindex:5)
2025-12-28 15:37:11,856 [INFO] PluginManage:310 - Check plugin lpbam
2025-12-28 15:37:11,896 [INFO] PluginManage:359 - Loaded plugin lpbam (category:base,tabindex:0)
2025-12-28 15:37:11,896 [INFO] PluginManage:310 - Check plugin memorymap
2025-12-28 15:37:11,938 [INFO] PluginManage:359 - Loaded plugin memorymap (category:base,tabindex:4)
2025-12-28 15:37:11,938 [INFO] PluginManage:310 - Check plugin pinoutandconfiguration
2025-12-28 15:37:11,957 [INFO] PluginManage:359 - Loaded plugin pinoutandconfiguration (category:base,tabindex:1)
2025-12-28 15:37:11,957 [INFO] PluginManage:310 - Check plugin pinoutconfig
2025-12-28 15:37:12,168 [WARN] SupportedApi:132 - Cannot load RTOS API schema: s4s-elt-must-match.1: The content of 'definitions' must match (annotation?, (simpleType | complexType)?, (unique | key | keyref)*)). A problem was found starting at: attribute.
2025-12-28 15:37:12,451 [INFO] PluginManage:359 - Loaded plugin pinoutconfig (category:base,tabindex:0)
2025-12-28 15:37:12,451 [INFO] PluginManage:310 - Check plugin power
2025-12-28 15:37:12,469 [INFO] PluginManage:359 - Loaded plugin power (category:power,tabindex:4)
2025-12-28 15:37:12,469 [INFO] PluginManage:310 - Check plugin projectmanager
2025-12-28 15:37:12,493 [INFO] PluginManage:359 - Loaded plugin projectmanager (category:projectmanager,tabindex:4)
2025-12-28 15:37:12,494 [INFO] PluginManage:310 - Check plugin rif
2025-12-28 15:37:12,672 [INFO] PluginManage:359 - Loaded plugin rif (category:base,tabindex:3)
2025-12-28 15:37:12,673 [INFO] PluginManage:310 - Check plugin thirdparty
2025-12-28 15:37:12,887 [WARN] IntegrityCheckThread:84 - waiting for thirdparty lock release [integrity check]
2025-12-28 15:37:12,888 [INFO] PluginManage:359 - Loaded plugin thirdparty (category:base,tabindex:-1)
2025-12-28 15:37:12,888 [INFO] IntegrityCheckThread:86 - entering critical section [integrity check]
2025-12-28 15:37:12,888 [INFO] PluginManage:310 - Check plugin tools
2025-12-28 15:37:12,888 [INFO] ThirdPartyUpdaterWithRetryManager:70 - Updater plugin not ready yet. [1/15]
2025-12-28 15:37:12,893 [INFO] PluginManage:359 - Loaded plugin tools (category:base,tabindex:7)
2025-12-28 15:37:12,893 [INFO] PluginManage:310 - Check plugin tutovideos
2025-12-28 15:37:13,202 [INFO] PluginManage:359 - Loaded plugin tutovideos (category:base,tabindex:-1)
2025-12-28 15:37:13,203 [INFO] PluginManage:310 - Check plugin updater
2025-12-28 15:37:13,237 [INFO] PluginManage:359 - Loaded plugin updater (category:base,tabindex:12)
2025-12-28 15:37:13,237 [INFO] PluginManage:310 - Check plugin userauth
2025-12-28 15:37:13,242 [INFO] UserAuth:118 - Init User Auth plugin
2025-12-28 15:37:13,243 [INFO] PluginManage:359 - Loaded plugin userauth (category:base,tabindex:14)
2025-12-28 15:37:13,244 [INFO] PluginManage:283 - PluginManage : Loaded plugins [18]
2025-12-28 15:37:13,590 [INFO] PinOutPanel:1589 - setPackage(No Configuration,No Configuration)
2025-12-28 15:37:13,734 [INFO] CADModel:165 - CPN selected for project level
2025-12-28 15:37:13,734 [INFO] CADModel:114 - Register for checkConnection events
2025-12-28 15:37:13,773 [INFO] IPUIPlugin:80 - create IPUIPlugin
2025-12-28 15:37:13,773 [INFO] PluginManager:220 - loadIPPluginJar : add adc
2025-12-28 15:37:13,782 [INFO] IPUIPlugin:80 - create IPUIPlugin
2025-12-28 15:37:13,782 [INFO] PluginManager:220 - loadIPPluginJar : add aes
2025-12-28 15:37:13,788 [INFO] IPUIPlugin:80 - create IPUIPlugin
2025-12-28 15:37:13,788 [INFO] PluginManager:220 - loadIPPluginJar : add can
2025-12-28 15:37:13,792 [INFO] IPUIPlugin:80 - create IPUIPlugin
2025-12-28 15:37:13,792 [INFO] PluginManager:220 - loadIPPluginJar : add comp
2025-12-28 15:37:13,800 [INFO] IPUIPlugin:80 - create IPUIPlugin
2025-12-28 15:37:13,800 [INFO] PluginManager:220 - loadIPPluginJar : add cryp
2025-12-28 15:37:13,805 [INFO] IPUIPlugin:80 - create IPUIPlugin
2025-12-28 15:37:13,805 [INFO] PluginManager:220 - loadIPPluginJar : add ddr_ctrl_phy
2025-12-28 15:37:13,810 [INFO] IPUIPlugin:80 - create IPUIPlugin
2025-12-28 15:37:13,810 [INFO] PluginManager:220 - loadIPPluginJar : add dfsdm
2025-12-28 15:37:13,827 [INFO] IPUIPlugin:80 - create IPUIPlugin
2025-12-28 15:37:13,828 [INFO] PluginManager:220 - loadIPPluginJar : add dma
2025-12-28 15:37:13,844 [INFO] IPUIPlugin:80 - create IPUIPlugin
2025-12-28 15:37:13,844 [INFO] PluginManager:220 - loadIPPluginJar : add dma3
2025-12-28 15:37:13,853 [INFO] IPUIPlugin:80 - create IPUIPlugin
2025-12-28 15:37:13,853 [INFO] PluginManager:220 - loadIPPluginJar : add extmemmanager
2025-12-28 15:37:13,857 [INFO] IPUIPlugin:80 - create IPUIPlugin
2025-12-28 15:37:13,857 [INFO] PluginManager:220 - loadIPPluginJar : add fatfs
2025-12-28 15:37:13,868 [INFO] IPUIPlugin:80 - create IPUIPlugin
2025-12-28 15:37:13,868 [INFO] PluginManager:220 - loadIPPluginJar : add fmc
2025-12-28 15:37:13,935 [INFO] IPUIPlugin:80 - create IPUIPlugin
2025-12-28 15:37:13,936 [INFO] PluginManager:220 - loadIPPluginJar : add freertos
2025-12-28 15:37:13,939 [INFO] IPUIPlugin:80 - create IPUIPlugin
2025-12-28 15:37:13,940 [INFO] PluginManager:220 - loadIPPluginJar : add genericplugin
2025-12-28 15:37:13,950 [INFO] IPUIPlugin:80 - create IPUIPlugin
2025-12-28 15:37:13,951 [INFO] PluginManager:220 - loadIPPluginJar : add gfxmmu
2025-12-28 15:37:13,965 [INFO] IPUIPlugin:80 - create IPUIPlugin
2025-12-28 15:37:13,966 [INFO] PluginManager:220 - loadIPPluginJar : add gic
2025-12-28 15:37:13,989 [INFO] IPUIPlugin:80 - create IPUIPlugin
2025-12-28 15:37:13,990 [INFO] PluginManager:220 - loadIPPluginJar : add gpio
2025-12-28 15:37:14,002 [INFO] IPUIPlugin:80 - create IPUIPlugin
2025-12-28 15:37:14,002 [INFO] PluginManager:220 - loadIPPluginJar : add gtzc
2025-12-28 15:37:14,007 [INFO] IPUIPlugin:80 - create IPUIPlugin
2025-12-28 15:37:14,008 [INFO] PluginManager:220 - loadIPPluginJar : add hash
2025-12-28 15:37:14,016 [INFO] IPUIPlugin:80 - create IPUIPlugin
2025-12-28 15:37:14,017 [INFO] PluginManager:220 - loadIPPluginJar : add i2c
2025-12-28 15:37:14,023 [INFO] IPUIPlugin:80 - create IPUIPlugin
2025-12-28 15:37:14,024 [INFO] PluginManager:220 - loadIPPluginJar : add i2s
2025-12-28 15:37:14,032 [INFO] IPUIPlugin:80 - create IPUIPlugin
2025-12-28 15:37:14,032 [INFO] PluginManager:220 - loadIPPluginJar : add i3c
2025-12-28 15:37:14,043 [INFO] IPUIPlugin:80 - create IPUIPlugin
2025-12-28 15:37:14,044 [INFO] PluginManager:220 - loadIPPluginJar : add ipddr
2025-12-28 15:37:14,058 [INFO] IPUIPlugin:80 - create IPUIPlugin
2025-12-28 15:37:14,058 [INFO] PluginManager:220 - loadIPPluginJar : add linkedlist
2025-12-28 15:37:14,064 [INFO] IPUIPlugin:80 - create IPUIPlugin
2025-12-28 15:37:14,064 [INFO] PluginManager:220 - loadIPPluginJar : add lorawan
2025-12-28 15:37:14,069 [INFO] IPUIPlugin:80 - create IPUIPlugin
2025-12-28 15:37:14,069 [INFO] PluginManager:220 - loadIPPluginJar : add ltdc
2025-12-28 15:37:14,096 [INFO] IPUIPlugin:80 - create IPUIPlugin
2025-12-28 15:37:14,096 [INFO] PluginManager:220 - loadIPPluginJar : add mdma
2025-12-28 15:37:14,119 [INFO] IPUIPlugin:80 - create IPUIPlugin
2025-12-28 15:37:14,119 [INFO] PluginManager:220 - loadIPPluginJar : add nvic
2025-12-28 15:37:14,126 [INFO] IPUIPlugin:80 - create IPUIPlugin
2025-12-28 15:37:14,126 [INFO] PluginManager:220 - loadIPPluginJar : add opamp
2025-12-28 15:37:14,136 [INFO] IPUIPlugin:80 - create IPUIPlugin
2025-12-28 15:37:14,136 [INFO] PluginManager:220 - loadIPPluginJar : add openamp
2025-12-28 15:37:14,146 [INFO] IPUIPlugin:80 - create IPUIPlugin
2025-12-28 15:37:14,146 [INFO] PluginManager:220 - loadIPPluginJar : add pdm2pcm
2025-12-28 15:37:14,168 [INFO] IPUIPlugin:80 - create IPUIPlugin
2025-12-28 15:37:14,171 [INFO] PluginManager:220 - loadIPPluginJar : add plateformsettings
2025-12-28 15:37:14,175 [INFO] IPUIPlugin:80 - create IPUIPlugin
2025-12-28 15:37:14,176 [INFO] PluginManager:220 - loadIPPluginJar : add quadspi
2025-12-28 15:37:14,182 [INFO] IPUIPlugin:80 - create IPUIPlugin
2025-12-28 15:37:14,183 [INFO] PluginManager:220 - loadIPPluginJar : add radio
2025-12-28 15:37:14,241 [INFO] IPUIPlugin:80 - create IPUIPlugin
2025-12-28 15:37:14,241 [INFO] PluginManager:220 - loadIPPluginJar : add resmgrutility
2025-12-28 15:37:14,250 [INFO] IPUIPlugin:80 - create IPUIPlugin
2025-12-28 15:37:14,251 [INFO] PluginManager:220 - loadIPPluginJar : add sai
2025-12-28 15:37:14,259 [INFO] IPUIPlugin:80 - create IPUIPlugin
2025-12-28 15:37:14,259 [INFO] PluginManager:220 - loadIPPluginJar : add spi
2025-12-28 15:37:14,274 [INFO] IPUIPlugin:80 - create IPUIPlugin
2025-12-28 15:37:14,274 [INFO] PluginManager:220 - loadIPPluginJar : add stm32_wpan
2025-12-28 15:37:14,279 [INFO] IPUIPlugin:80 - create IPUIPlugin
2025-12-28 15:37:14,279 [INFO] PluginManager:220 - loadIPPluginJar : add tim
2025-12-28 15:37:14,289 [INFO] IPUIPlugin:80 - create IPUIPlugin
2025-12-28 15:37:14,289 [INFO] PluginManager:220 - loadIPPluginJar : add touchsensing
2025-12-28 15:37:14,295 [INFO] IPUIPlugin:80 - create IPUIPlugin
2025-12-28 15:37:14,295 [INFO] PluginManager:220 - loadIPPluginJar : add tracer_emb
2025-12-28 15:37:14,301 [INFO] IPUIPlugin:80 - create IPUIPlugin
2025-12-28 15:37:14,302 [INFO] PluginManager:220 - loadIPPluginJar : add ts
2025-12-28 15:37:14,319 [INFO] IPUIPlugin:80 - create IPUIPlugin
2025-12-28 15:37:14,319 [INFO] PluginManager:220 - loadIPPluginJar : add tsc
2025-12-28 15:37:14,325 [INFO] IPUIPlugin:80 - create IPUIPlugin
2025-12-28 15:37:14,325 [INFO] PluginManager:220 - loadIPPluginJar : add ucpd
2025-12-28 15:37:14,334 [INFO] IPUIPlugin:80 - create IPUIPlugin
2025-12-28 15:37:14,334 [INFO] PluginManager:220 - loadIPPluginJar : add usart
2025-12-28 15:37:14,342 [INFO] IPUIPlugin:80 - create IPUIPlugin
2025-12-28 15:37:14,343 [INFO] PluginManager:220 - loadIPPluginJar : add usbx
2025-12-28 15:37:14,522 [FATAL] Updater:351 - Updater called before beeing initialized
2025-12-28 15:37:14,560 [INFO] RulesReader:64 - Compatibility file has been processed (317 Rules)
2025-12-28 15:37:14,577 [INFO] RulesReader:64 - Compatibility file has been processed (317 Rules)
2025-12-28 15:37:14,589 [INFO] CADModel:165 - CPN selected for project level
2025-12-28 15:37:14,589 [INFO] CADModel:114 - Register for checkConnection events
2025-12-28 15:37:14,589 [FATAL] Updater:351 - Updater called before beeing initialized
2025-12-28 15:37:14,590 [ERROR] CADModel:125 - Updater not yet initialized, retry later 
2025-12-28 15:37:14,811 [FATAL] Updater:351 - Updater called before beeing initialized
2025-12-28 15:37:14,814 [INFO] CADModel:165 - CPN selected for project level
2025-12-28 15:37:14,814 [INFO] CADModel:114 - Register for checkConnection events
2025-12-28 15:37:14,814 [FATAL] Updater:351 - Updater called before beeing initialized
2025-12-28 15:37:14,814 [ERROR] CADModel:125 - Updater not yet initialized, retry later 
2025-12-28 15:37:14,819 [FATAL] Updater:351 - Updater called before beeing initialized
2025-12-28 15:37:14,987 [FATAL] Updater:351 - Updater called before beeing initialized
2025-12-28 15:37:14,992 [INFO] DbMcusAds:53 - JSON generation date=Tue Dec 16 00:11:46 CET 2025 (1765840306612)
2025-12-28 15:37:14,992 [FATAL] Updater:351 - Updater called before beeing initialized
2025-12-28 15:37:15,062 [WARN] DetailPanel:346 - Failed to get advertising image, set to default
2025-12-28 15:37:15,202 [FATAL] Updater:351 - Updater called before beeing initialized
2025-12-28 15:37:15,204 [FATAL] Updater:351 - Updater called before beeing initialized
2025-12-28 15:37:15,204 [FATAL] Updater:351 - Updater called before beeing initialized
2025-12-28 15:37:15,204 [WARN] DetailPanel:346 - Failed to get advertising image, set to default
2025-12-28 15:37:15,205 [FATAL] Updater:351 - Updater called before beeing initialized
2025-12-28 15:37:15,283 [ERROR] Updater:1198 - MainUpdater not yet initialized. External WinMGr cannot be set.
2025-12-28 15:37:15,287 [INFO] Updater:1134 - Updater Version found : 6.15.0
2025-12-28 15:37:15,308 [INFO] ApplicationProperties:184 - Using Application install path: F:\Knowledge_Update\STM32CubeIDE_1.19.0\STM32CubeIDE\plugins\com.st.stm32cube.common.mx_6.15.0.202507011659
2025-12-28 15:37:15,891 [INFO] ThirdPartyUpdaterWithRetryManager:70 - Updater plugin not ready yet. [2/15]
2025-12-28 15:37:16,905 [ERROR] LogOutputStream:75 - [STDERR_REDIRECT] Dec 28, 2025 3:37:16 PM java.util.prefs.WindowsPreferences <init>
2025-12-28 15:37:16,907 [ERROR] LogOutputStream:75 - [STDERR_REDIRECT] WARNING: Could not open/create prefs root node Software\JavaSoft\Prefs at root 0xffffffff80000002. Windows RegCreateKeyEx(...) returned error code 5.
2025-12-28 15:37:16,907 [ERROR] LogOutputStream:75 - [STDERR_REDIRECT] 
2025-12-28 15:37:17,359 [INFO] MainUpdater:2872 - connection check result : 10
2025-12-28 15:37:17,360 [INFO] MainUpdater:289 - Updater Check For Update Now.
2025-12-28 15:37:17,360 [INFO] MicroXplorer:498 - Change Database Version : DB.6.0.150
2025-12-28 15:37:17,371 [INFO] McuFinderGlobals:63 - Set McuFinder mode to 2 (CubeIDE integrated)
2025-12-28 15:37:17,371 [INFO] UserAuth:171 - activating auth plugin
2025-12-28 15:37:17,374 [INFO] UserAuth:487 - Internet connection configuration mode: 1
2025-12-28 15:37:17,414 [INFO] JxBrowserEngine:152 - Initiate JxBrowser Engine with user profile folder
2025-12-28 15:37:17,652 [INFO] CheckServerUpdateThread:120 - End of CheckServer Thread
2025-12-28 15:37:21,716 [INFO] WebApp:169 - Instantiating new browser for Auth
2025-12-28 15:37:23,053 [WARN] PackLoader:240 - Cannot read IP mode file for STMicroelectronics.FP-SNS-MOTENVWB1.1.4.0
2025-12-28 15:37:23,069 [WARN] PackLoader:240 - Cannot read IP mode file for STMicroelectronics.FP-ATR-ASTRA1.2.0.2
2025-12-28 15:37:23,083 [WARN] PackLoader:240 - Cannot read IP mode file for STMicroelectronics.X-CUBE-SMBUS.2.1.0
2025-12-28 15:37:23,091 [WARN] PackLoader:240 - Cannot read IP mode file for STMicroelectronics.X-CUBE-ST60.1.0.0
2025-12-28 15:37:23,174 [WARN] PackLoader:240 - Cannot read IP mode file for STMicroelectronics.X-CUBE-AZRTOS-F7.1.1.0
2025-12-28 15:37:23,198 [WARN] PackLoader:240 - Cannot read IP mode file for STMicroelectronics.FP-SNS-MOTENV1.5.1.0
2025-12-28 15:37:23,226 [WARN] PackLoader:240 - Cannot read IP mode file for WES.I-CUBE-Cesium.1.4.0
2025-12-28 15:37:23,287 [WARN] PackLoader:240 - Cannot read IP mode file for Infineon.AIROC-Wi-Fi-Bluetooth-STM32.1.7.1
2025-12-28 15:37:23,336 [WARN] PackLoader:240 - Cannot read IP mode file for STMicroelectronics.X-CUBE-AZRTOS-H7.3.4.0
2025-12-28 15:37:23,355 [WARN] PackLoader:240 - Cannot read IP mode file for STMicroelectronics.X-CUBE-DISPLAY.3.0.0
2025-12-28 15:37:23,374 [WARN] PackLoader:240 - Cannot read IP mode file for STMicroelectronics.X-CUBE-NFC10.1.0.0
2025-12-28 15:37:23,384 [WARN] PackLoader:240 - Cannot read IP mode file for STMicroelectronics.X-CUBE-ST60.1.1.0
2025-12-28 15:37:23,393 [WARN] PackLoader:240 - Cannot read IP mode file for emotas.I-CUBE-CANOPEN.1.3.0
2025-12-28 15:37:23,406 [WARN] PackLoader:240 - Cannot read IP mode file for STMicroelectronics.X-CUBE-GNSS1.7.1.0
2025-12-28 15:37:23,421 [WARN] PackLoader:240 - Cannot read IP mode file for STMicroelectronics.FP-SNS-STBOX1.2.1.0
2025-12-28 15:37:23,432 [WARN] PackLoader:240 - Cannot read IP mode file for STMicroelectronics.FP-SNS-SMARTAG2.1.2.0
2025-12-28 15:37:23,445 [WARN] PackLoader:240 - Cannot read IP mode file for STMicroelectronics.FP-SNS-FLIGHT1.5.1.0
2025-12-28 15:37:23,460 [INFO] LogOutputStream:77 - [STDOUT_REDIRECT] 1 : Invalid condition id : UX_CORESTACK_Condition cause : null
2025-12-28 15:37:23,462 [INFO] LogOutputStream:77 - [STDOUT_REDIRECT] 1 : Invalid condition id : UX_CORESTACK_Condition cause : null
2025-12-28 15:37:23,464 [INFO] LogOutputStream:77 - [STDOUT_REDIRECT] 1 : Invalid condition id : UX_CORESTACK_Condition cause : null
2025-12-28 15:37:23,466 [INFO] LogOutputStream:77 - [STDOUT_REDIRECT] 1 : Invalid condition id : UX_CORESTACK_Condition cause : null
2025-12-28 15:37:23,468 [INFO] LogOutputStream:77 - [STDOUT_REDIRECT] 1 : Invalid condition id : UX_CORESTACK_Condition cause : null
2025-12-28 15:37:23,471 [WARN] PackLoader:240 - Cannot read IP mode file for STMicroelectronics.X-CUBE-AZRTOS-WL.2.0.0
2025-12-28 15:37:23,478 [WARN] PackLoader:240 - Cannot read IP mode file for STMicroelectronics.FP-SNS-MOTENV1.5.0.0
2025-12-28 15:37:23,514 [WARN] PackLoader:240 - Cannot read IP mode file for STMicroelectronics.X-CUBE-AZRTOS-H7RS.1.2.0
2025-12-28 15:37:23,523 [WARN] PackLoader:240 - Cannot read IP mode file for WES.I-CUBE-Cesium.1.3.0
2025-12-28 15:37:23,531 [WARN] PackLoader:240 - Cannot read IP mode file for STMicroelectronics.X-CUBE-BLE2.3.3.0
2025-12-28 15:37:23,645 [WARN] PackLoader:240 - Cannot read IP mode file for STMicroelectronics.X-CUBE-NFC9.1.0.0
2025-12-28 15:37:23,666 [WARN] PackLoader:240 - Cannot read IP mode file for wolfSSL.I-CUBE-wolfSSL.5.8.2
2025-12-28 15:37:23,676 [WARN] PackLoader:240 - Cannot read IP mode file for STMicroelectronics.X-CUBE-BLE1.7.1.0
2025-12-28 15:37:23,687 [WARN] PackLoader:240 - Cannot read IP mode file for wolfSSL.I-CUBE-wolfMQTT.1.19.2
2025-12-28 15:37:23,701 [WARN] PackLoader:240 - Cannot read IP mode file for STMicroelectronics.X-CUBE-FREERTOS.1.4.0
2025-12-28 15:37:23,717 [WARN] PackLoader:240 - Cannot read IP mode file for STMicroelectronics.X-CUBE-EEPRMA1.5.2.0
2025-12-28 15:37:23,789 [WARN] PackLoader:240 - Cannot read IP mode file for STMicroelectronics.X-CUBE-ST67W61.1.1.0
2025-12-28 15:37:23,920 [WARN] PackLoader:240 - Cannot read IP mode file for STMicroelectronics.X-CUBE-MEMS1.12.0.0
2025-12-28 15:37:24,140 [WARN] PackLoader:240 - Cannot read IP mode file for STMicroelectronics.X-CUBE-AZRTOS-G0.1.1.0
2025-12-28 15:37:24,151 [WARN] PackLoader:240 - Cannot read IP mode file for STMicroelectronics.X-CUBE-SAFEA1.1.2.2
2025-12-28 15:37:24,159 [WARN] PackLoader:240 - Cannot read IP mode file for STMicroelectronics.X-CUBE-NFC4.3.0.0
2025-12-28 15:37:24,174 [WARN] PackLoader:240 - Cannot read IP mode file for EmbeddedOffice.I-CUBE-FS-RTOS.1.0.1
2025-12-28 15:37:24,185 [WARN] PackLoader:240 - Cannot read IP mode file for STMicroelectronics.X-CUBE-WB05N.2.0.0
2025-12-28 15:37:24,194 [WARN] PackLoader:240 - Cannot read IP mode file for wolfSSL.I-CUBE-wolfTPM.3.8.0
2025-12-28 15:37:24,214 [WARN] PackLoader:240 - Cannot read IP mode file for STMicroelectronics.X-CUBE-TCPP.4.2.0
2025-12-28 15:37:24,222 [WARN] PackLoader:240 - Cannot read IP mode file for RealThread.X-CUBE-RT-Thread_Nano.4.1.1
2025-12-28 15:37:24,229 [WARN] PackLoader:240 - Cannot read IP mode file for STMicroelectronics.FP-ATR-SIGFOX1.3.2.0
2025-12-28 15:37:24,238 [WARN] PackLoader:240 - Cannot read IP mode file for ITTIA_DB.I-CUBE-ITTIADB.8.9.0
2025-12-28 15:37:24,246 [WARN] PackLoader:240 - Cannot read IP mode file for STMicroelectronics.X-CUBE-ST67W61.1.0.0
2025-12-28 15:37:24,252 [WARN] PackLoader:240 - Cannot read IP mode file for STMicroelectronics.X-CUBE-AI.10.2.0
2025-12-28 15:37:24,294 [WARN] PackLoader:240 - Cannot read IP mode file for SEGGER.I-CUBE-embOS.1.3.1
2025-12-28 15:37:24,365 [WARN] PackLoader:240 - Cannot read IP mode file for STMicroelectronics.X-CUBE-ALGOBUILD.1.4.0
2025-12-28 15:37:24,684 [WARN] PackLoader:240 - Cannot read IP mode file for STMicroelectronics.X-CUBE-MEMS1.11.3.0
2025-12-28 15:37:26,196 [WARN] PackLoader:240 - Cannot read IP mode file for STMicroelectronics.X-CUBE-PM33A1.1.0.0
2025-12-28 15:37:26,267 [WARN] PackLoader:240 - Cannot read IP mode file for STMicroelectronics.X-CUBE-AZRTOS-F4.1.1.0
2025-12-28 15:37:26,279 [WARN] PackLoader:240 - Cannot read IP mode file for Avnet-IotConnect.X-CUBE-IoTC-DA16k-PMOD.1.0.0
2025-12-28 15:37:26,292 [INFO] WebApp:463 - Apply proxy settings
2025-12-28 15:37:26,297 [INFO] WebApp:548 - Chromium requires no authentication
2025-12-28 15:37:26,304 [WARN] PackLoader:240 - Cannot read IP mode file for STMicroelectronics.X-CUBE-ISPU.2.1.0
2025-12-28 15:37:26,332 [WARN] PackLoader:240 - Cannot read IP mode file for STMicroelectronics.X-CUBE-IPS.3.2.0
2025-12-28 15:37:26,362 [WARN] PackLoader:240 - Cannot read IP mode file for STMicroelectronics.X-CUBE-NFC12.1.0.0
2025-12-28 15:37:26,407 [INFO] WebApp:491 - Direct internet connection detected
2025-12-28 15:37:26,431 [WARN] PackLoader:240 - Cannot read IP mode file for STMicroelectronics.X-CUBE-AZRTOS-L5.2.0.0
2025-12-28 15:37:26,465 [WARN] PackLoader:240 - Cannot read IP mode file for STMicroelectronics.X-CUBE-NFC6.3.1.0
2025-12-28 15:37:26,501 [WARN] PackLoader:240 - Cannot read IP mode file for STMicroelectronics.X-CUBE-FREERTOS.1.3.1
2025-12-28 15:37:26,532 [WARN] PackLoader:240 - Cannot read IP mode file for STMicroelectronics.X-CUBE-TOUCHGFX.4.26.0
2025-12-28 15:37:26,541 [WARN] PackLoader:240 - Cannot read IP mode file for STMicroelectronics.FP-SNS-STAIOTCFT.1.0.0
2025-12-28 15:37:26,552 [WARN] PackLoader:240 - Cannot read IP mode file for STMicroelectronics.X-CUBE-DPower.1.3.0
2025-12-28 15:37:26,560 [INFO] WebApp:900 - Register for checkConnection events
2025-12-28 15:37:26,561 [INFO] WebApp:463 - Apply proxy settings
2025-12-28 15:37:26,562 [INFO] WebApp:548 - Chromium requires no authentication
2025-12-28 15:37:26,564 [INFO] WebApp:491 - Direct internet connection detected
2025-12-28 15:37:26,586 [WARN] ConditionMgr:438 - getConditionDescription Invalid condition id : LAN8742 Phy interface Condition cause : null
2025-12-28 15:37:26,587 [WARN] PackLoader:240 - Cannot read IP mode file for STMicroelectronics.X-CUBE-AZRTOS-L4.2.0.0
2025-12-28 15:37:26,590 [WARN] ConditionMgr:1044 - genDependencies : Invalid condition id : LAN8742 Phy interface Condition cause : null
2025-12-28 15:37:26,590 [WARN] ConditionMgr:1044 - genDependencies : Invalid condition id : LAN8742 Phy interface Condition cause : null
2025-12-28 15:37:26,592 [WARN] ConditionMgr:1044 - genDependencies : Invalid condition id : LAN8742 Phy interface Condition cause : null
2025-12-28 15:37:26,605 [WARN] PackLoader:240 - Cannot read IP mode file for STMicroelectronics.X-CUBE-SFXS2LP1.4.0.0
2025-12-28 15:37:26,629 [WARN] PackLoader:240 - Cannot read IP mode file for STMicroelectronics.X-CUBE-BLEMGR.4.1.0
2025-12-28 15:37:26,653 [WARN] ConditionMgr:438 - getConditionDescription Invalid condition id : UX DEVICE CLASS RTOS Condition cause : null
2025-12-28 15:37:26,653 [WARN] ConditionMgr:438 - getConditionDescription Invalid condition id : UX DEVICE CLASS RTOS Condition cause : null
2025-12-28 15:37:26,655 [WARN] PackLoader:240 - Cannot read IP mode file for STMicroelectronics.X-CUBE-AZRTOS-WB.2.0.0
2025-12-28 15:37:26,656 [WARN] ConditionMgr:1044 - genDependencies : Invalid condition id : UX DEVICE CLASS RTOS Condition cause : null
2025-12-28 15:37:26,656 [WARN] ConditionMgr:1044 - genDependencies : Invalid condition id : UX DEVICE CLASS RTOS Condition cause : null
2025-12-28 15:37:26,657 [WARN] ConditionMgr:1044 - genDependencies : Invalid condition id : UX DEVICE CLASS RTOS Condition cause : null
2025-12-28 15:37:26,657 [WARN] ConditionMgr:1044 - genDependencies : Invalid condition id : UX DEVICE CLASS RTOS Condition cause : null
2025-12-28 15:37:26,657 [WARN] ConditionMgr:1044 - genDependencies : Invalid condition id : UX DEVICE CLASS RTOS Condition cause : null
2025-12-28 15:37:26,668 [WARN] PackLoader:240 - Cannot read IP mode file for STMicroelectronics.X-CUBE-GNSS1.7.0.1
2025-12-28 15:37:26,675 [WARN] PackLoader:240 - Cannot read IP mode file for STMicroelectronics.X-CUBE-TOUCHGFX.4.25.0
2025-12-28 15:37:26,682 [WARN] ConditionMgr:438 - getConditionDescription Invalid condition id : Cortex-A Device cause : null
2025-12-28 15:37:26,725 [WARN] ConditionMgr:1044 - genDependencies : Invalid condition id : Cortex-A Device cause : null
2025-12-28 15:37:26,725 [WARN] ConditionMgr:1044 - genDependencies : Invalid condition id : Cortex-A Device cause : null
2025-12-28 15:37:26,725 [WARN] ConditionMgr:1044 - genDependencies : Invalid condition id : Cortex-A Device cause : null
2025-12-28 15:37:26,754 [WARN] PackLoader:240 - Cannot read IP mode file for STMicroelectronics.X-CUBE-SUBG2.5.0.0
2025-12-28 15:37:26,836 [INFO] WebApp:191 - Connection restablished
2025-12-28 15:37:26,852 [WARN] PackLoader:240 - Cannot read IP mode file for STMicroelectronics.X-CUBE-AZRTOS-H7RS.1.1.0
2025-12-28 15:37:26,901 [WARN] PackLoader:240 - Cannot read IP mode file for Cesanta.I-CUBE-Mongoose.7.13.0
2025-12-28 15:37:26,961 [WARN] PackLoader:240 - Cannot read IP mode file for STMicroelectronics.X-CUBE-AZRTOS-G4.2.0.0
2025-12-28 15:37:26,982 [WARN] PackLoader:240 - Cannot read IP mode file for wolfSSL.I-CUBE-wolfSSH.1.4.20
2025-12-28 15:37:26,991 [WARN] PackLoader:240 - Cannot read IP mode file for STMicroelectronics.X-CUBE-NFC7.2.0.0
2025-12-28 15:37:27,015 [WARN] PackLoader:240 - Cannot read IP mode file for STMicroelectronics.X-CUBE-IPS.3.1.0
2025-12-28 15:37:27,054 [WARN] PackLoader:240 - Cannot read IP mode file for STMicroelectronics.X-CUBE-ALS.1.0.2
2025-12-28 15:37:27,079 [WARN] PackLoader:240 - Cannot read IP mode file for STMicroelectronics.X-CUBE-STSE01.1.0.0
2025-12-28 15:37:27,108 [WARN] PackLoader:240 - Cannot read IP mode file for portGmbH.I-Cube-SoM-uGOAL.1.1.0
2025-12-28 15:37:27,131 [WARN] PackLoader:240 - Cannot read IP mode file for STMicroelectronics.X-CUBE-TOF1.3.4.3
2025-12-28 15:37:27,151 [INFO] ThirdParty:978 - Integrity check success = true
2025-12-28 15:37:27,153 [INFO] IntegrityCheckThread:100 - exiting critical section [integrity check]
2025-12-28 15:37:27,154 [INFO] IntegrityCheckThread:103 - End integrity checks thread
2025-12-28 15:37:27,354 [INFO] WebApp:225 - Starting web application
2025-12-28 15:37:27,354 [INFO] WebApp:593 - Web application path used F:\Knowledge_Update\STM32CubeIDE_1.19.0\STM32CubeIDE\plugins\com.st.stm32cube.common.mx_6.15.0.202507011659\db\plugins\mcufinder\reactClient1\index.html
2025-12-28 15:49:28,773 [ERROR] LogOutputStream:75 - [STDERR_REDIRECT] 
2025-12-28 22:27:23,140 [INFO] Activator:176 - 


2025-12-28 22:27:23,143 [INFO] Activator:177 - !SESSION log4j initialized
2025-12-28 22:27:40,786 [INFO] LogOutputStream:77 - [STDOUT_REDIRECT] 
2025-12-28 22:27:44,916 [INFO] ApplicationProperties:184 - Using Application install path: F:\Knowledge_Update\STM32CubeIDE_1.19.0\STM32CubeIDE\plugins\com.st.stm32cube.common.mx_6.15.0.202507011659
2025-12-28 22:27:44,970 [INFO] DbMcusXml:78 - Set database path to: F:\Knowledge_Update\STM32CubeIDE_1.19.0\STM32CubeIDE\plugins\com.st.stm32cube.common.mx_6.15.0.202507011659\\db\/mcu/
2025-12-28 22:27:44,971 [INFO] ApiDb:274 - Set plugin database path to: F:\Knowledge_Update\STM32CubeIDE_1.19.0\STM32CubeIDE\plugins\com.st.stm32cube.common.mx_6.15.0.202507011659\\db\/plugins/boardmanager/
2025-12-28 22:27:44,971 [WARN] ApiDb:259 - Overriding images path with different value:  => F:\Knowledge_Update\STM32CubeIDE_1.19.0\STM32CubeIDE\plugins\com.st.stm32cube.common.mx_6.15.0.202507011659\\db\/plugins/mcufinder/images/
2025-12-28 22:27:44,990 [INFO] ApiDb:250 - Set database path to: C:\Users\hp\.stmcufinder\plugins\mcufinder//mcu/
2025-12-28 22:27:44,995 [INFO] DbMcusAds:125 - Set database path to: C:\Users\hp\.stmcufinder\plugins\mcufinder//mcu/
2025-12-28 22:27:45,001 [INFO] CrossReferenceDbSqlite:203 - Set database path to: C:\Users\hp\.stmcufinder\plugins\mcufinder//mcu/cs/
2025-12-28 22:27:45,361 [INFO] RulesReader:64 - Compatibility file has been processed (317 Rules)
2025-12-28 22:27:45,631 [INFO] DbMcusXml:78 - Set database path to: F:\Knowledge_Update\STM32CubeIDE_1.19.0\STM32CubeIDE\plugins\com.st.stm32cube.common.mx_6.15.0.202507011659\\db\/mcu/
2025-12-28 22:27:45,632 [INFO] ApiDb:274 - Set plugin database path to: F:\Knowledge_Update\STM32CubeIDE_1.19.0\STM32CubeIDE\plugins\com.st.stm32cube.common.mx_6.15.0.202507011659\\db\/plugins/boardmanager/
2025-12-28 22:27:45,632 [INFO] ApiDb:261 - Set plugin images path to: F:\Knowledge_Update\STM32CubeIDE_1.19.0\STM32CubeIDE\plugins\com.st.stm32cube.common.mx_6.15.0.202507011659\\db\/plugins/mcufinder/images/
2025-12-28 22:27:45,633 [WARN] DbFile:41 - Overriding database path with different value: C:\Users\hp\.stmcufinder\plugins\mcufinder/ => C:\Users\hp\.stmcufinder\plugins\mcufinder
2025-12-28 22:27:45,633 [INFO] ApiDb:250 - Set database path to: C:\Users\hp\.stmcufinder\plugins\mcufinder//mcu/
2025-12-28 22:27:45,633 [WARN] DbFile:41 - Overriding database path with different value: C:\Users\hp\.stmcufinder\plugins\mcufinder/ => C:\Users\hp\.stmcufinder\plugins\mcufinder
2025-12-28 22:27:45,633 [INFO] DbMcusAds:125 - Set database path to: C:\Users\hp\.stmcufinder\plugins\mcufinder//mcu/
2025-12-28 22:27:45,634 [WARN] DbFile:41 - Overriding database path with different value: C:\Users\hp\.stmcufinder\plugins\mcufinder/ => C:\Users\hp\.stmcufinder\plugins\mcufinder
2025-12-28 22:27:45,634 [WARN] DbFile:41 - Overriding database path with different value: C:\Users\hp\.stmcufinder\plugins\mcufinder/ => C:\Users\hp\.stmcufinder\plugins\mcufinder
2025-12-28 22:27:45,634 [INFO] CrossReferenceDbSqlite:203 - Set database path to: C:\Users\hp\.stmcufinder\plugins\mcufinder//mcu/cs/
2025-12-28 22:27:45,898 [INFO] MainPanel:274 - HeapMemory: 268435456
2025-12-28 22:27:46,229 [INFO] DbMcusXml:78 - Set database path to: F:\Knowledge_Update\STM32CubeIDE_1.19.0\STM32CubeIDE\plugins\com.st.stm32cube.common.mx_6.15.0.202507011659\\db\/mcu/
2025-12-28 22:27:46,230 [INFO] ApiDb:274 - Set plugin database path to: F:\Knowledge_Update\STM32CubeIDE_1.19.0\STM32CubeIDE\plugins\com.st.stm32cube.common.mx_6.15.0.202507011659\\db\/plugins/boardmanager/
2025-12-28 22:27:46,230 [INFO] ApiDb:261 - Set plugin images path to: F:\Knowledge_Update\STM32CubeIDE_1.19.0\STM32CubeIDE\plugins\com.st.stm32cube.common.mx_6.15.0.202507011659\\db\/plugins/mcufinder/images/
2025-12-28 22:27:46,231 [WARN] DbFile:41 - Overriding database path with different value: C:\Users\hp\.stmcufinder\plugins\mcufinder/ => C:\Users\hp\.stmcufinder\plugins\mcufinder
2025-12-28 22:27:46,232 [INFO] ApiDb:250 - Set database path to: C:\Users\hp\.stmcufinder\plugins\mcufinder//mcu/
2025-12-28 22:27:46,232 [WARN] DbFile:41 - Overriding database path with different value: C:\Users\hp\.stmcufinder\plugins\mcufinder/ => C:\Users\hp\.stmcufinder\plugins\mcufinder
2025-12-28 22:27:46,233 [INFO] DbMcusAds:125 - Set database path to: C:\Users\hp\.stmcufinder\plugins\mcufinder//mcu/
2025-12-28 22:27:46,233 [WARN] DbFile:41 - Overriding database path with different value: C:\Users\hp\.stmcufinder\plugins\mcufinder/ => C:\Users\hp\.stmcufinder\plugins\mcufinder
2025-12-28 22:27:46,233 [WARN] DbFile:41 - Overriding database path with different value: C:\Users\hp\.stmcufinder\plugins\mcufinder/ => C:\Users\hp\.stmcufinder\plugins\mcufinder
2025-12-28 22:27:46,233 [INFO] CrossReferenceDbSqlite:203 - Set database path to: C:\Users\hp\.stmcufinder\plugins\mcufinder//mcu/cs/
2025-12-28 22:27:46,287 [INFO] ApplicationProperties:184 - Using Application install path: F:\Knowledge_Update\STM32CubeIDE_1.19.0\STM32CubeIDE\plugins\com.st.stm32cube.common.mx_6.15.0.202507011659
2025-12-28 22:27:46,290 [INFO] PluginManage:196 - Search for loadable plugins [exclusion list=, ]
2025-12-28 22:27:46,295 [INFO] PluginManage:310 - Check plugin analytics
2025-12-28 22:27:46,852 [INFO] AnalyticsPlugin:253 - Accepted Software Licenses: STM32CubeMX.6.15.0
2025-12-28 22:27:46,853 [INFO] AnalyticsPlugin:255 - Accepted CMSIS Pack Licenses: 
2025-12-28 22:27:46,853 [INFO] AnalyticsPlugin:257 - Accepted Firmware Licenses: FW.F4.1.28.0
2025-12-28 22:27:46,863 [INFO] PluginManage:359 - Loaded plugin analytics (category:tool,tabindex:-1)
2025-12-28 22:27:46,863 [INFO] PluginManage:310 - Check plugin cadmodel
2025-12-28 22:27:46,876 [INFO] CADModel:105 - Init CAD model plugin
2025-12-28 22:27:46,877 [INFO] PluginManage:359 - Loaded plugin cadmodel (category:power,tabindex:5)
2025-12-28 22:27:46,878 [INFO] PluginManage:310 - Check plugin clock
2025-12-28 22:27:46,903 [INFO] PluginManage:359 - Loaded plugin clock (category:base,tabindex:2)
2025-12-28 22:27:46,904 [INFO] PluginManage:310 - Check plugin ddr
2025-12-28 22:27:46,911 [INFO] PluginManage:359 - Loaded plugin ddr (category:tool,tabindex:6)
2025-12-28 22:27:46,911 [INFO] PluginManage:310 - Check plugin filemanager
2025-12-28 22:27:47,320 [INFO] PluginManage:359 - Loaded plugin filemanager (category:base,tabindex:10)
2025-12-28 22:27:47,320 [INFO] PluginManage:310 - Check plugin ipmanager
2025-12-28 22:27:47,343 [INFO] PluginManage:359 - Loaded plugin ipmanager (category:base,tabindex:5)
2025-12-28 22:27:47,344 [INFO] PluginManage:310 - Check plugin lpbam
2025-12-28 22:27:47,365 [INFO] PluginManage:359 - Loaded plugin lpbam (category:base,tabindex:0)
2025-12-28 22:27:47,366 [INFO] PluginManage:310 - Check plugin memorymap
2025-12-28 22:27:47,409 [INFO] PluginManage:359 - Loaded plugin memorymap (category:base,tabindex:4)
2025-12-28 22:27:47,410 [INFO] PluginManage:310 - Check plugin pinoutandconfiguration
2025-12-28 22:27:47,434 [INFO] PluginManage:359 - Loaded plugin pinoutandconfiguration (category:base,tabindex:1)
2025-12-28 22:27:47,434 [INFO] PluginManage:310 - Check plugin pinoutconfig
2025-12-28 22:27:47,734 [WARN] SupportedApi:132 - Cannot load RTOS API schema: s4s-elt-must-match.1: The content of 'definitions' must match (annotation?, (simpleType | complexType)?, (unique | key | keyref)*)). A problem was found starting at: attribute.
2025-12-28 22:27:48,066 [INFO] PluginManage:359 - Loaded plugin pinoutconfig (category:base,tabindex:0)
2025-12-28 22:27:48,066 [INFO] PluginManage:310 - Check plugin power
2025-12-28 22:27:48,089 [INFO] PluginManage:359 - Loaded plugin power (category:power,tabindex:4)
2025-12-28 22:27:48,090 [INFO] PluginManage:310 - Check plugin projectmanager
2025-12-28 22:27:48,127 [INFO] PluginManage:359 - Loaded plugin projectmanager (category:projectmanager,tabindex:4)
2025-12-28 22:27:48,128 [INFO] PluginManage:310 - Check plugin rif
2025-12-28 22:27:48,149 [INFO] PluginManage:359 - Loaded plugin rif (category:base,tabindex:3)
2025-12-28 22:27:48,150 [INFO] PluginManage:310 - Check plugin thirdparty
2025-12-28 22:27:48,513 [INFO] PluginManage:359 - Loaded plugin thirdparty (category:base,tabindex:-1)
2025-12-28 22:27:48,513 [WARN] IntegrityCheckThread:84 - waiting for thirdparty lock release [integrity check]
2025-12-28 22:27:48,514 [INFO] PluginManage:310 - Check plugin tools
2025-12-28 22:27:48,514 [INFO] IntegrityCheckThread:86 - entering critical section [integrity check]
2025-12-28 22:27:48,515 [INFO] ThirdPartyUpdaterWithRetryManager:70 - Updater plugin not ready yet. [1/15]
2025-12-28 22:27:48,519 [INFO] PluginManage:359 - Loaded plugin tools (category:base,tabindex:7)
2025-12-28 22:27:48,520 [INFO] PluginManage:310 - Check plugin tutovideos
2025-12-28 22:27:49,093 [INFO] PluginManage:359 - Loaded plugin tutovideos (category:base,tabindex:-1)
2025-12-28 22:27:49,094 [INFO] PluginManage:310 - Check plugin updater
2025-12-28 22:27:49,157 [INFO] PluginManage:359 - Loaded plugin updater (category:base,tabindex:12)
2025-12-28 22:27:49,158 [INFO] PluginManage:310 - Check plugin userauth
2025-12-28 22:27:49,167 [INFO] UserAuth:118 - Init User Auth plugin
2025-12-28 22:27:49,169 [INFO] PluginManage:359 - Loaded plugin userauth (category:base,tabindex:14)
2025-12-28 22:27:49,170 [INFO] PluginManage:283 - PluginManage : Loaded plugins [18]
2025-12-28 22:27:49,815 [INFO] PinOutPanel:1589 - setPackage(No Configuration,No Configuration)
2025-12-28 22:27:50,093 [INFO] CADModel:165 - CPN selected for project level
2025-12-28 22:27:50,094 [INFO] CADModel:114 - Register for checkConnection events
2025-12-28 22:27:50,138 [INFO] IPUIPlugin:80 - create IPUIPlugin
2025-12-28 22:27:50,139 [INFO] PluginManager:220 - loadIPPluginJar : add adc
2025-12-28 22:27:50,148 [INFO] IPUIPlugin:80 - create IPUIPlugin
2025-12-28 22:27:50,149 [INFO] PluginManager:220 - loadIPPluginJar : add aes
2025-12-28 22:27:50,155 [INFO] IPUIPlugin:80 - create IPUIPlugin
2025-12-28 22:27:50,156 [INFO] PluginManager:220 - loadIPPluginJar : add can
2025-12-28 22:27:50,162 [INFO] IPUIPlugin:80 - create IPUIPlugin
2025-12-28 22:27:50,162 [INFO] PluginManager:220 - loadIPPluginJar : add comp
2025-12-28 22:27:50,167 [INFO] IPUIPlugin:80 - create IPUIPlugin
2025-12-28 22:27:50,167 [INFO] PluginManager:220 - loadIPPluginJar : add cryp
2025-12-28 22:27:50,177 [INFO] IPUIPlugin:80 - create IPUIPlugin
2025-12-28 22:27:50,177 [INFO] PluginManager:220 - loadIPPluginJar : add ddr_ctrl_phy
2025-12-28 22:27:50,182 [INFO] IPUIPlugin:80 - create IPUIPlugin
2025-12-28 22:27:50,182 [INFO] PluginManager:220 - loadIPPluginJar : add dfsdm
2025-12-28 22:27:50,195 [INFO] IPUIPlugin:80 - create IPUIPlugin
2025-12-28 22:27:50,196 [INFO] PluginManager:220 - loadIPPluginJar : add dma
2025-12-28 22:27:50,201 [INFO] IPUIPlugin:80 - create IPUIPlugin
2025-12-28 22:27:50,202 [INFO] PluginManager:220 - loadIPPluginJar : add dma3
2025-12-28 22:27:50,209 [INFO] IPUIPlugin:80 - create IPUIPlugin
2025-12-28 22:27:50,210 [INFO] PluginManager:220 - loadIPPluginJar : add extmemmanager
2025-12-28 22:27:50,213 [INFO] IPUIPlugin:80 - create IPUIPlugin
2025-12-28 22:27:50,213 [INFO] PluginManager:220 - loadIPPluginJar : add fatfs
2025-12-28 22:27:50,226 [INFO] IPUIPlugin:80 - create IPUIPlugin
2025-12-28 22:27:50,227 [INFO] PluginManager:220 - loadIPPluginJar : add fmc
2025-12-28 22:27:50,242 [INFO] IPUIPlugin:80 - create IPUIPlugin
2025-12-28 22:27:50,243 [INFO] PluginManager:220 - loadIPPluginJar : add freertos
2025-12-28 22:27:50,247 [INFO] IPUIPlugin:80 - create IPUIPlugin
2025-12-28 22:27:50,247 [INFO] PluginManager:220 - loadIPPluginJar : add genericplugin
2025-12-28 22:27:50,254 [INFO] IPUIPlugin:80 - create IPUIPlugin
2025-12-28 22:27:50,254 [INFO] PluginManager:220 - loadIPPluginJar : add gfxmmu
2025-12-28 22:27:50,268 [INFO] IPUIPlugin:80 - create IPUIPlugin
2025-12-28 22:27:50,268 [INFO] PluginManager:220 - loadIPPluginJar : add gic
2025-12-28 22:27:50,281 [INFO] IPUIPlugin:80 - create IPUIPlugin
2025-12-28 22:27:50,281 [INFO] PluginManager:220 - loadIPPluginJar : add gpio
2025-12-28 22:27:50,287 [INFO] IPUIPlugin:80 - create IPUIPlugin
2025-12-28 22:27:50,288 [INFO] PluginManager:220 - loadIPPluginJar : add gtzc
2025-12-28 22:27:50,295 [INFO] IPUIPlugin:80 - create IPUIPlugin
2025-12-28 22:27:50,295 [INFO] PluginManager:220 - loadIPPluginJar : add hash
2025-12-28 22:27:50,302 [INFO] IPUIPlugin:80 - create IPUIPlugin
2025-12-28 22:27:50,302 [INFO] PluginManager:220 - loadIPPluginJar : add i2c
2025-12-28 22:27:50,309 [INFO] IPUIPlugin:80 - create IPUIPlugin
2025-12-28 22:27:50,310 [INFO] PluginManager:220 - loadIPPluginJar : add i2s
2025-12-28 22:27:50,319 [INFO] IPUIPlugin:80 - create IPUIPlugin
2025-12-28 22:27:50,319 [INFO] PluginManager:220 - loadIPPluginJar : add i3c
2025-12-28 22:27:50,329 [INFO] IPUIPlugin:80 - create IPUIPlugin
2025-12-28 22:27:50,330 [INFO] PluginManager:220 - loadIPPluginJar : add ipddr
2025-12-28 22:27:50,343 [INFO] IPUIPlugin:80 - create IPUIPlugin
2025-12-28 22:27:50,344 [INFO] PluginManager:220 - loadIPPluginJar : add linkedlist
2025-12-28 22:27:50,351 [INFO] IPUIPlugin:80 - create IPUIPlugin
2025-12-28 22:27:50,351 [INFO] PluginManager:220 - loadIPPluginJar : add lorawan
2025-12-28 22:27:50,354 [INFO] IPUIPlugin:80 - create IPUIPlugin
2025-12-28 22:27:50,354 [INFO] PluginManager:220 - loadIPPluginJar : add ltdc
2025-12-28 22:27:50,365 [INFO] IPUIPlugin:80 - create IPUIPlugin
2025-12-28 22:27:50,365 [INFO] PluginManager:220 - loadIPPluginJar : add mdma
2025-12-28 22:27:50,371 [INFO] IPUIPlugin:80 - create IPUIPlugin
2025-12-28 22:27:50,372 [INFO] PluginManager:220 - loadIPPluginJar : add nvic
2025-12-28 22:27:50,379 [INFO] IPUIPlugin:80 - create IPUIPlugin
2025-12-28 22:27:50,379 [INFO] PluginManager:220 - loadIPPluginJar : add opamp
2025-12-28 22:27:50,386 [INFO] IPUIPlugin:80 - create IPUIPlugin
2025-12-28 22:27:50,386 [INFO] PluginManager:220 - loadIPPluginJar : add openamp
2025-12-28 22:27:50,394 [INFO] IPUIPlugin:80 - create IPUIPlugin
2025-12-28 22:27:50,394 [INFO] PluginManager:220 - loadIPPluginJar : add pdm2pcm
2025-12-28 22:27:50,404 [INFO] IPUIPlugin:80 - create IPUIPlugin
2025-12-28 22:27:50,412 [INFO] PluginManager:220 - loadIPPluginJar : add plateformsettings
2025-12-28 22:27:50,416 [INFO] IPUIPlugin:80 - create IPUIPlugin
2025-12-28 22:27:50,416 [INFO] PluginManager:220 - loadIPPluginJar : add quadspi
2025-12-28 22:27:50,422 [INFO] IPUIPlugin:80 - create IPUIPlugin
2025-12-28 22:27:50,423 [INFO] PluginManager:220 - loadIPPluginJar : add radio
2025-12-28 22:27:50,432 [INFO] IPUIPlugin:80 - create IPUIPlugin
2025-12-28 22:27:50,432 [INFO] PluginManager:220 - loadIPPluginJar : add resmgrutility
2025-12-28 22:27:50,437 [INFO] IPUIPlugin:80 - create IPUIPlugin
2025-12-28 22:27:50,437 [INFO] PluginManager:220 - loadIPPluginJar : add sai
2025-12-28 22:27:50,444 [INFO] IPUIPlugin:80 - create IPUIPlugin
2025-12-28 22:27:50,445 [INFO] PluginManager:220 - loadIPPluginJar : add spi
2025-12-28 22:27:50,460 [INFO] IPUIPlugin:80 - create IPUIPlugin
2025-12-28 22:27:50,461 [INFO] PluginManager:220 - loadIPPluginJar : add stm32_wpan
2025-12-28 22:27:50,464 [INFO] IPUIPlugin:80 - create IPUIPlugin
2025-12-28 22:27:50,464 [INFO] PluginManager:220 - loadIPPluginJar : add tim
2025-12-28 22:27:50,471 [INFO] IPUIPlugin:80 - create IPUIPlugin
2025-12-28 22:27:50,472 [INFO] PluginManager:220 - loadIPPluginJar : add touchsensing
2025-12-28 22:27:50,480 [INFO] IPUIPlugin:80 - create IPUIPlugin
2025-12-28 22:27:50,481 [INFO] PluginManager:220 - loadIPPluginJar : add tracer_emb
2025-12-28 22:27:50,486 [INFO] IPUIPlugin:80 - create IPUIPlugin
2025-12-28 22:27:50,486 [INFO] PluginManager:220 - loadIPPluginJar : add ts
2025-12-28 22:27:50,491 [INFO] IPUIPlugin:80 - create IPUIPlugin
2025-12-28 22:27:50,492 [INFO] PluginManager:220 - loadIPPluginJar : add tsc
2025-12-28 22:27:50,497 [INFO] IPUIPlugin:80 - create IPUIPlugin
2025-12-28 22:27:50,498 [INFO] PluginManager:220 - loadIPPluginJar : add ucpd
2025-12-28 22:27:50,504 [INFO] IPUIPlugin:80 - create IPUIPlugin
2025-12-28 22:27:50,504 [INFO] PluginManager:220 - loadIPPluginJar : add usart
2025-12-28 22:27:50,513 [INFO] IPUIPlugin:80 - create IPUIPlugin
2025-12-28 22:27:50,514 [INFO] PluginManager:220 - loadIPPluginJar : add usbx
2025-12-28 22:27:50,754 [FATAL] Updater:351 - Updater called before beeing initialized
2025-12-28 22:27:50,831 [INFO] RulesReader:64 - Compatibility file has been processed (317 Rules)
2025-12-28 22:27:50,864 [INFO] RulesReader:64 - Compatibility file has been processed (317 Rules)
2025-12-28 22:27:50,879 [INFO] CADModel:165 - CPN selected for project level
2025-12-28 22:27:50,880 [INFO] CADModel:114 - Register for checkConnection events
2025-12-28 22:27:50,880 [FATAL] Updater:351 - Updater called before beeing initialized
2025-12-28 22:27:50,880 [ERROR] CADModel:125 - Updater not yet initialized, retry later 
2025-12-28 22:27:51,286 [FATAL] Updater:351 - Updater called before beeing initialized
2025-12-28 22:27:51,292 [INFO] CADModel:165 - CPN selected for project level
2025-12-28 22:27:51,292 [INFO] CADModel:114 - Register for checkConnection events
2025-12-28 22:27:51,293 [FATAL] Updater:351 - Updater called before beeing initialized
2025-12-28 22:27:51,293 [ERROR] CADModel:125 - Updater not yet initialized, retry later 
2025-12-28 22:27:51,302 [FATAL] Updater:351 - Updater called before beeing initialized
2025-12-28 22:27:51,516 [INFO] ThirdPartyUpdaterWithRetryManager:70 - Updater plugin not ready yet. [2/15]
2025-12-28 22:27:51,613 [FATAL] Updater:351 - Updater called before beeing initialized
2025-12-28 22:27:51,625 [INFO] DbMcusAds:53 - JSON generation date=Tue Dec 16 00:11:46 CET 2025 (1765840306612)
2025-12-28 22:27:51,625 [FATAL] Updater:351 - Updater called before beeing initialized
2025-12-28 22:27:51,767 [WARN] DetailPanel:346 - Failed to get advertising image, set to default
2025-12-28 22:27:52,015 [FATAL] Updater:351 - Updater called before beeing initialized
2025-12-28 22:27:52,020 [FATAL] Updater:351 - Updater called before beeing initialized
2025-12-28 22:27:52,021 [FATAL] Updater:351 - Updater called before beeing initialized
2025-12-28 22:27:52,021 [WARN] DetailPanel:346 - Failed to get advertising image, set to default
2025-12-28 22:27:52,027 [FATAL] Updater:351 - Updater called before beeing initialized
2025-12-28 22:27:52,184 [ERROR] Updater:1198 - MainUpdater not yet initialized. External WinMGr cannot be set.
2025-12-28 22:27:52,187 [INFO] Updater:1134 - Updater Version found : 6.15.0
2025-12-28 22:27:52,531 [INFO] ApplicationProperties:184 - Using Application install path: F:\Knowledge_Update\STM32CubeIDE_1.19.0\STM32CubeIDE\plugins\com.st.stm32cube.common.mx_6.15.0.202507011659
2025-12-28 22:27:54,165 [ERROR] LogOutputStream:75 - [STDERR_REDIRECT] Dec 28, 2025 10:27:54 PM java.util.prefs.WindowsPreferences <init>
2025-12-28 22:27:54,170 [ERROR] LogOutputStream:75 - [STDERR_REDIRECT] WARNING: Could not open/create prefs root node Software\JavaSoft\Prefs at root 0xffffffff80000002. Windows RegCreateKeyEx(...) returned error code 5.
2025-12-28 22:27:54,170 [ERROR] LogOutputStream:75 - [STDERR_REDIRECT] 
2025-12-28 22:27:54,518 [FATAL] Updater:351 - Updater called before beeing initialized
2025-12-28 22:27:54,518 [ERROR] IntegrityCheckThread:130 - Cannot retrieve database content from updater: error 21
2025-12-28 22:27:54,519 [INFO] ThirdParty:978 - Integrity check success = false
2025-12-28 22:27:54,519 [INFO] IntegrityCheckThread:100 - exiting critical section [integrity check]
2025-12-28 22:27:54,519 [INFO] IntegrityCheckThread:103 - End integrity checks thread
2025-12-28 22:27:54,835 [INFO] MainUpdater:2872 - connection check result : 10
2025-12-28 22:27:54,837 [INFO] MainUpdater:289 - Updater Check For Update Now.
2025-12-28 22:27:54,837 [INFO] MicroXplorer:498 - Change Database Version : DB.6.0.150
2025-12-28 22:27:54,855 [INFO] McuFinderGlobals:63 - Set McuFinder mode to 2 (CubeIDE integrated)
2025-12-28 22:27:54,857 [INFO] UserAuth:171 - activating auth plugin
2025-12-28 22:27:54,866 [INFO] UserAuth:487 - Internet connection configuration mode: 1
2025-12-28 22:27:54,918 [INFO] JxBrowserEngine:152 - Initiate JxBrowser Engine with user profile folder
2025-12-28 22:27:55,187 [INFO] CheckServerUpdateThread:120 - End of CheckServer Thread
2025-12-28 22:27:58,228 [INFO] WebApp:169 - Instantiating new browser for Auth
2025-12-28 22:28:00,799 [INFO] WebApp:463 - Apply proxy settings
2025-12-28 22:28:00,801 [INFO] WebApp:548 - Chromium requires no authentication
2025-12-28 22:28:00,815 [INFO] WebApp:491 - Direct internet connection detected
2025-12-28 22:28:00,853 [INFO] WebApp:900 - Register for checkConnection events
2025-12-28 22:28:00,854 [INFO] WebApp:463 - Apply proxy settings
2025-12-28 22:28:00,855 [INFO] WebApp:548 - Chromium requires no authentication
2025-12-28 22:28:00,856 [INFO] WebApp:491 - Direct internet connection detected
2025-12-28 22:28:01,093 [INFO] WebApp:191 - Connection restablished
2025-12-28 22:28:01,364 [INFO] WebApp:225 - Starting web application
2025-12-28 22:28:01,365 [INFO] WebApp:593 - Web application path used F:\Knowledge_Update\STM32CubeIDE_1.19.0\STM32CubeIDE\plugins\com.st.stm32cube.common.mx_6.15.0.202507011659\db\plugins\mcufinder\reactClient1\index.html
2025-12-28 22:28:16,051 [INFO] WebApp:194 - Connection lost
2025-12-28 22:28:16,181 [INFO] WebApp:191 - Connection restablished
2025-12-28 22:36:10,099 [INFO] WebApp:194 - Connection lost
2025-12-28 22:36:11,482 [INFO] WebApp:191 - Connection restablished
2025-12-28 22:36:54,038 [INFO] WebApp:194 - Connection lost
2025-12-28 22:36:54,296 [INFO] WebApp:191 - Connection restablished
2025-12-28 22:44:33,061 [INFO] WebApp:194 - Connection lost
2025-12-28 22:44:34,315 [INFO] WebApp:191 - Connection restablished
2025-12-28 22:44:45,510 [INFO] WebApp:194 - Connection lost
2025-12-28 22:44:45,650 [INFO] WebApp:191 - Connection restablished
2025-12-28 22:45:21,487 [INFO] WebApp:194 - Connection lost
2025-12-28 22:45:21,682 [INFO] WebApp:191 - Connection restablished
2025-12-28 22:45:30,485 [INFO] WebApp:194 - Connection lost
2025-12-28 22:45:30,630 [INFO] WebApp:191 - Connection restablished
2025-12-28 22:57:03,473 [INFO] WebApp:194 - Connection lost
2025-12-28 22:57:03,676 [INFO] WebApp:191 - Connection restablished
2025-12-28 23:27:31,480 [ERROR] LogOutputStream:75 - [STDERR_REDIRECT] 
2025-12-28 23:27:31,486 [ERROR] LogOutputStream:75 - [STDERR_REDIRECT] 
