21:25:59 **** Incremental Build of configuration Debug for project Timer_OC ****
make -j8 all 
arm-none-eabi-gcc "../Core/Src/main.c" -mcpu=cortex-m4 -std=gnu11 -g3 -DDEBUG -DUSE_HAL_DRIVER -DSTM32F446xx -c -I../Core/Inc -I../Drivers/STM32F4xx_HAL_Driver/Inc -I../Drivers/STM32F4xx_HAL_Driver/Inc/Legacy -I../Drivers/CMSIS/Device/ST/STM32F4xx/Include -I../Drivers/CMSIS/Include -O0 -ffunction-sections -fdata-sections -Wall -fstack-usage -fcyclomatic-complexity -MMD -MP -MF"Core/Src/main.d" -MT"Core/Src/main.o" --specs=nano.specs -mfpu=fpv4-sp-d16 -mfloat-abi=hard -mthumb -o "Core/Src/main.o"
arm-none-eabi-gcc -o "Timer_OC.elf" @"objects.list"   -mcpu=cortex-m4 -T"F:\Knowledge_Update\workspace_1.19.0\HAL\Timer_OC\STM32F446RETX_FLASH.ld" --specs=nosys.specs -Wl,-Map="Timer_OC.map" -Wl,--gc-sections -static --specs=nano.specs -mfpu=fpv4-sp-d16 -mfloat-abi=hard -mthumb -Wl,--start-group -lc -lm -Wl,--end-group
Finished building target: Timer_OC.elf
 
arm-none-eabi-size  Timer_OC.elf 
arm-none-eabi-objdump -h -S Timer_OC.elf  > "Timer_OC.list"
   text	   data	    bss	    dec	    hex	filename
  12008	     28	   1716	  13752	   35b8	Timer_OC.elf
Finished building: default.size.stdout
 
Finished building: Timer_OC.list
 
