22:12:27 **** Incremental Build of configuration Debug for project Orientation and LED Control with MPU6050 and STM32 ****
make -j8 all 
arm-none-eabi-gcc "../Core/Src/main.c" -mcpu=cortex-m4 -std=gnu11 -g3 -DDEBUG -DUSE_HAL_DRIVER -DSTM32F446xx -c -I../Core/Inc -I../Drivers/STM32F4xx_HAL_Driver/Inc -I../Drivers/STM32F4xx_HAL_Driver/Inc/Legacy -I../Drivers/CMSIS/Device/ST/STM32F4xx/Include -I../Drivers/CMSIS/Include -O0 -ffunction-sections -fdata-sections -Wall -fstack-usage -fcyclomatic-complexity -MMD -MP -MF"Core/Src/main.d" -MT"Core/Src/main.o" --specs=nano.specs -mfpu=fpv4-sp-d16 -mfloat-abi=hard -mthumb -o "Core/Src/main.o"
../Core/Src/main.c: In function 'main':
../Core/Src/main.c:133:68: warning: passing argument 3 of 'mpu_read_accelerometer_data' discards 'volatile' qualifier from pointer target type [-Wdiscarded-qualifiers]
  133 |           if(mpu_read_accelerometer_data(&hi2c1, MPU6050_I2C_ADDR, &g_accel_data) != MPU6050_OK)
      |                                                                    ^~~~~~~~~~~~~
In file included from ../Core/Src/main.c:25:
../Core/Src/MPU6050_Data.h:33:112: note: expected 'mpu_accelerometer_data_t *' but argument is of type 'volatile mpu_accelerometer_data_t *'
   33 | mpu6050_status_t mpu_read_accelerometer_data(I2C_HandleTypeDef *i2c,uint8_t i2c_addr,mpu_accelerometer_data_t *accel_data);
      |                                                                                      ~~~~~~~~~~~~~~~~~~~~~~~~~~^~~~~~~~~~
../Core/Src/main.c:138:72: warning: passing argument 2 of 'mpu6050_accelaration_calibration' discards 'volatile' qualifier from pointer target type [-Wdiscarded-qualifiers]
  138 |           g_accel_data=mpu6050_accelaration_calibration(&error_offset, &g_accel_data);
      |                                                                        ^~~~~~~~~~~~~
../Core/Src/MPU6050_Data.h:34:130: note: expected 'mpu_accelerometer_data_t *' but argument is of type 'volatile mpu_accelerometer_data_t *'
   34 | mpu_accelerometer_data_t mpu6050_accelaration_calibration(const mpu_accelerometer_data_t *error_offset,mpu_accelerometer_data_t *raw_data);
      |                                                                                                        ~~~~~~~~~~~~~~~~~~~~~~~~~~^~~~~~~~
arm-none-eabi-gcc -o "Orientation and LED Control with MPU6050 and STM32.elf" @"objects.list"   -mcpu=cortex-m4 -T"F:\Knowledge_Update\workspace_1.19.0\HAL\Orientation and LED Control with MPU6050 and STM32\STM32F446RETX_FLASH.ld" --specs=nosys.specs -Wl,-Map="Orientation and LED Control with MPU6050 and STM32.map" -Wl,--gc-sections -static --specs=nano.specs -mfpu=fpv4-sp-d16 -mfloat-abi=hard -mthumb -Wl,--start-group -lc -lm -Wl,--end-group
Finished building target: Orientation and LED Control with MPU6050 and STM32.elf
 
arm-none-eabi-size  Orientation\ and\ LED\ Control\ with\ MPU6050\ and\ STM32.elf 
arm-none-eabi-objdump -h -S Orientation\ and\ LED\ Control\ with\ MPU6050\ and\ STM32.elf  > "Orientation and LED Control with MPU6050 and STM32.list"
   text	   data	    bss	    dec	    hex	filename
  23480	    104	   2152	  25736	   6488	Orientation and LED Control with MPU6050 and STM32.elf
Finished building: default.size.stdout
 
Finished building: Orientation and LED Control with MPU6050 and STM32.list
 
