14:52:26 **** Incremental Build of configuration Debug for project UART_HAL ****
make -j8 all 
arm-none-eabi-gcc "../Core/Src/main.c" -mcpu=cortex-m4 -std=gnu11 -g3 -DDEBUG -DUSE_HAL_DRIVER -DSTM32F446xx -c -I../Core/Inc -I../Drivers/STM32F4xx_HAL_Driver/Inc -I../Drivers/STM32F4xx_HAL_Driver/Inc/Legacy -I../Drivers/CMSIS/Device/ST/STM32F4xx/Include -I../Drivers/CMSIS/Include -O0 -ffunction-sections -fdata-sections -Wall -fstack-usage -fcyclomatic-complexity -MMD -MP -MF"Core/Src/main.d" -MT"Core/Src/main.o" --specs=nano.specs -mfpu=fpv4-sp-d16 -mfloat-abi=hard -mthumb -o "Core/Src/main.o"
../Core/Src/main.c: In function 'UART2_Init':
../Core/Src/main.c:26:25: warning: assignment to 'USART_TypeDef *' from 'long unsigned int' makes pointer from integer without a cast [-Wint-conversion]
   26 |         huart2.Instance = USART2_BASE;  // base address of the UART2 peripheral - this is the typedef in the handle - always has the base address of peripheral
      |                         ^
arm-none-eabi-gcc -o "UART_HAL.elf" @"objects.list"   -mcpu=cortex-m4 -T"F:\Knowledge_Update\workspace_1.19.0\HAL\UART_HAL\STM32F446RETX_FLASH.ld" --specs=nosys.specs -Wl,-Map="UART_HAL.map" -Wl,--gc-sections -static --specs=nano.specs -mfpu=fpv4-sp-d16 -mfloat-abi=hard -mthumb -Wl,--start-group -lc -lm -Wl,--end-group
Finished building target: UART_HAL.elf
 
arm-none-eabi-size  UART_HAL.elf 
arm-none-eabi-objdump -h -S UART_HAL.elf  > "UART_HAL.list"
   text	   data	    bss	    dec	    hex	filename
   4984	     12	   1644	   6640	   19f0	UART_HAL.elf
Finished building: default.size.stdout
 
Finished building: UART_HAL.list
 
