14:27:27 **** Incremental Build of configuration Debug for project HSI_Calibration ****
make -j8 all 
arm-none-eabi-gcc "../Core/Src/main.c" -mcpu=cortex-m4 -std=gnu11 -g3 -DDEBUG -DUSE_HAL_DRIVER -DSTM32F446xx -c -I../Core/Inc -I../Drivers/STM32F4xx_HAL_Driver/Inc -I../Drivers/STM32F4xx_HAL_Driver/Inc/Legacy -I../Drivers/CMSIS/Device/ST/STM32F4xx/Include -I../Drivers/CMSIS/Include -O0 -ffunction-sections -fdata-sections -Wall -fstack-usage -fcyclomatic-complexity -MMD -MP -MF"Core/Src/main.d" -MT"Core/Src/main.o" --specs=nano.specs -mfpu=fpv4-sp-d16 -mfloat-abi=hard -mthumb -o "Core/Src/main.o"
arm-none-eabi-gcc -o "HSI_Calibration.elf" @"objects.list"   -mcpu=cortex-m4 -T"F:\Knowledge_Update\workspace_1.19.0\HAL\HSI_Calibration\STM32F446RETX_FLASH.ld" --specs=nosys.specs -Wl,-Map="HSI_Calibration.map" -Wl,--gc-sections -static --specs=nano.specs -mfpu=fpv4-sp-d16 -mfloat-abi=hard -mthumb -Wl,--start-group -lc -lm -Wl,--end-group
Finished building target: HSI_Calibration.elf
 
arm-none-eabi-size  HSI_Calibration.elf 
arm-none-eabi-objdump -h -S HSI_Calibration.elf  > "HSI_Calibration.list"
   text	   data	    bss	    dec	    hex	filename
  14088	     92	   1972	  16152	   3f18	HSI_Calibration.elf
Finished building: default.size.stdout
 
Finished building: HSI_Calibration.list
 

14:27:29 Build Finished. 0 errors, 0 warnings. (took 1s.239ms)

