17:02:20 **** Incremental Build of configuration Debug for project IMU-Based Roll Angle Estimation STM32 and FreeRTOS ****
make -j8 all 
arm-none-eabi-gcc "../Core/Src/main.c" -mcpu=cortex-m4 -std=gnu11 -g3 -DDEBUG -DUSE_HAL_DRIVER -DSTM32F446xx -c -I../Core/Inc -I../Drivers/STM32F4xx_HAL_Driver/Inc -I../Drivers/STM32F4xx_HAL_Driver/Inc/Legacy -I../Drivers/CMSIS/Device/ST/STM32F4xx/Include -I../Drivers/CMSIS/Include -I../Middlewares/Third_Party/FreeRTOS/Source/include -I../Middlewares/Third_Party/FreeRTOS/Source/CMSIS_RTOS_V2 -I../Middlewares/Third_Party/FreeRTOS/Source/portable/GCC/ARM_CM4F -O0 -ffunction-sections -fdata-sections -Wall -fstack-usage -fcyclomatic-complexity -MMD -MP -MF"Core/Src/main.d" -MT"Core/Src/main.o" --specs=nano.specs -mfpu=fpv4-sp-d16 -mfloat-abi=hard -mthumb -o "Core/Src/main.o"
arm-none-eabi-gcc "../Core/Src/syscalls.c" -mcpu=cortex-m4 -std=gnu11 -g3 -DDEBUG -DUSE_HAL_DRIVER -DSTM32F446xx -c -I../Core/Inc -I../Drivers/STM32F4xx_HAL_Driver/Inc -I../Drivers/STM32F4xx_HAL_Driver/Inc/Legacy -I../Drivers/CMSIS/Device/ST/STM32F4xx/Include -I../Drivers/CMSIS/Include -I../Middlewares/Third_Party/FreeRTOS/Source/include -I../Middlewares/Third_Party/FreeRTOS/Source/CMSIS_RTOS_V2 -I../Middlewares/Third_Party/FreeRTOS/Source/portable/GCC/ARM_CM4F -O0 -ffunction-sections -fdata-sections -Wall -fstack-usage -fcyclomatic-complexity -MMD -MP -MF"Core/Src/syscalls.d" -MT"Core/Src/syscalls.o" --specs=nano.specs -mfpu=fpv4-sp-d16 -mfloat-abi=hard -mthumb -o "Core/Src/syscalls.o"
arm-none-eabi-gcc "../Core/Src/sysmem.c" -mcpu=cortex-m4 -std=gnu11 -g3 -DDEBUG -DUSE_HAL_DRIVER -DSTM32F446xx -c -I../Core/Inc -I../Drivers/STM32F4xx_HAL_Driver/Inc -I../Drivers/STM32F4xx_HAL_Driver/Inc/Legacy -I../Drivers/CMSIS/Device/ST/STM32F4xx/Include -I../Drivers/CMSIS/Include -I../Middlewares/Third_Party/FreeRTOS/Source/include -I../Middlewares/Third_Party/FreeRTOS/Source/CMSIS_RTOS_V2 -I../Middlewares/Third_Party/FreeRTOS/Source/portable/GCC/ARM_CM4F -O0 -ffunction-sections -fdata-sections -Wall -fstack-usage -fcyclomatic-complexity -MMD -MP -MF"Core/Src/sysmem.d" -MT"Core/Src/sysmem.o" --specs=nano.specs -mfpu=fpv4-sp-d16 -mfloat-abi=hard -mthumb -o "Core/Src/sysmem.o"
arm-none-eabi-gcc "../Core/Src/system_stm32f4xx.c" -mcpu=cortex-m4 -std=gnu11 -g3 -DDEBUG -DUSE_HAL_DRIVER -DSTM32F446xx -c -I../Core/Inc -I../Drivers/STM32F4xx_HAL_Driver/Inc -I../Drivers/STM32F4xx_HAL_Driver/Inc/Legacy -I../Drivers/CMSIS/Device/ST/STM32F4xx/Include -I../Drivers/CMSIS/Include -I../Middlewares/Third_Party/FreeRTOS/Source/include -I../Middlewares/Third_Party/FreeRTOS/Source/CMSIS_RTOS_V2 -I../Middlewares/Third_Party/FreeRTOS/Source/portable/GCC/ARM_CM4F -O0 -ffunction-sections -fdata-sections -Wall -fstack-usage -fcyclomatic-complexity -MMD -MP -MF"Core/Src/system_stm32f4xx.d" -MT"Core/Src/system_stm32f4xx.o" --specs=nano.specs -mfpu=fpv4-sp-d16 -mfloat-abi=hard -mthumb -o "Core/Src/system_stm32f4xx.o"
../Core/Src/main.c: In function 'pwm_control_task':
../Core/Src/main.c:516:20: warning: variable 'accel_x' set but not used [-Wunused-but-set-variable]
  516 |   volatile int16_t accel_x, accel_y, accel_z=0;
      |                    ^~~~~~~
../Core/Src/main.c:527:33: warning: 'g_accel_data.x' is used uninitialized [-Wuninitialized]
  527 |           accel_x = g_accel_data.x;
      |                     ~~~~~~~~~~~~^~
../Core/Src/main.c:515:28: note: 'g_accel_data' declared here
  515 |   mpu_accelerometer_data_t g_accel_data;
      |                            ^~~~~~~~~~~~
../Core/Src/main.c:528:33: warning: 'g_accel_data.y' is used uninitialized [-Wuninitialized]
  528 |           accel_y = g_accel_data.y;
      |                     ~~~~~~~~~~~~^~
../Core/Src/main.c:515:28: note: 'g_accel_data' declared here
  515 |   mpu_accelerometer_data_t g_accel_data;
      |                            ^~~~~~~~~~~~
../Core/Src/main.c:529:33: warning: 'g_accel_data.z' is used uninitialized [-Wuninitialized]
  529 |           accel_z = g_accel_data.z;
      |                     ~~~~~~~~~~~~^~
../Core/Src/main.c:515:28: note: 'g_accel_data' declared here
  515 |   mpu_accelerometer_data_t g_accel_data;
      |                            ^~~~~~~~~~~~
arm-none-eabi-gcc -o "IMU-Based Roll Angle Estimation STM32 and FreeRTOS.elf" @"objects.list"   -mcpu=cortex-m4 -T"F:\Knowledge_Update\workspace_1.19.0\HAL\Orientation and LED Control with MPU6050 and STM32\STM32F446RETX_FLASH.ld" --specs=nosys.specs -Wl,-Map="IMU-Based Roll Angle Estimation STM32 and FreeRTOS.map" -Wl,--gc-sections -static --specs=nano.specs -mfpu=fpv4-sp-d16 -mfloat-abi=hard -mthumb -Wl,--start-group -lc -lm -Wl,--end-group
Finished building target: IMU-Based Roll Angle Estimation STM32 and FreeRTOS.elf
 
arm-none-eabi-size  IMU-Based\ Roll\ Angle\ Estimation\ STM32\ and\ FreeRTOS.elf 
arm-none-eabi-objdump -h -S IMU-Based\ Roll\ Angle\ Estimation\ STM32\ and\ FreeRTOS.elf  > "IMU-Based Roll Angle Estimation STM32 and FreeRTOS.list"
   text	   data	    bss	    dec	    hex	filename
  35896	    108	  21140	  57144	   df38	IMU-Based Roll Angle Estimation STM32 and FreeRTOS.elf
Finished building: default.size.stdout
 
Finished building: IMU-Based Roll Angle Estimation STM32 and FreeRTOS.list
 

17:02:23 Build Finished. 0 errors, 4 warnings. (took 2s.664ms)

