09:44:04 **** Build of configuration Debug for project PLL_MaxFrequency ****
make -j8 all 
arm-none-eabi-gcc "../Core/Src/main.c" -mcpu=cortex-m4 -std=gnu11 -g3 -DDEBUG -DUSE_HAL_DRIVER -DSTM32F446xx -c -I../Core/Inc -I../Drivers/STM32F4xx_HAL_Driver/Inc -I../Drivers/STM32F4xx_HAL_Driver/Inc/Legacy -I../Drivers/CMSIS/Device/ST/STM32F4xx/Include -I../Drivers/CMSIS/Include -O0 -ffunction-sections -fdata-sections -Wall -fstack-usage -fcyclomatic-complexity -MMD -MP -MF"Core/Src/main.d" -MT"Core/Src/main.o" --specs=nano.specs -mfpu=fpv4-sp-d16 -mfloat-abi=hard -mthumb -o "Core/Src/main.o"
../Core/Src/main.c: In function 'main':
../Core/Src/main.c:23:17: warning: pointer targets in passing argument 1 of 'sprintf' differ in signedness [-Wpointer-sign]
   23 |         sprintf(msg,"HCLK Frequency before changing source %ld\r\n",HAL_RCC_GetHCLKFreq());
      |                 ^~~
      |                 |
      |                 uint8_t * {aka unsigned char *}
In file included from ../Core/Src/main.c:4:
F:\Knowledge_Update\STM32CubeIDE_1.19.0\STM32CubeIDE\plugins\com.st.stm32cube.ide.mcu.externaltools.gnu-tools-for-stm32.13.3.rel1.win32_1.0.0.202411081344\tools\bin/../lib/gcc/arm-none-eabi/13.3.1/../../../../arm-none-eabi/include/stdio.h:250:18: note: expected 'char * restrict' but argument is of type 'uint8_t *' {aka 'unsigned char *'}
  250 | int     sprintf (char *__restrict, const char *__restrict, ...)
      |                  ^
../Core/Src/main.c:24:59: warning: pointer targets in passing argument 1 of 'strlen' differ in signedness [-Wpointer-sign]
   24 |         HAL_UART_Transmit(&huart2, (uint8_t *)msg, strlen(msg), HAL_MAX_DELAY);
      |                                                           ^~~
      |                                                           |
      |                                                           uint8_t * {aka unsigned char *}
In file included from ../Core/Src/main.c:1:
F:\Knowledge_Update\STM32CubeIDE_1.19.0\STM32CubeIDE\plugins\com.st.stm32cube.ide.mcu.externaltools.gnu-tools-for-stm32.13.3.rel1.win32_1.0.0.202411081344\tools\bin/../lib/gcc/arm-none-eabi/13.3.1/../../../../arm-none-eabi/include/string.h:41:18: note: expected 'const char *' but argument is of type 'uint8_t *' {aka 'unsigned char *'}
   41 | size_t   strlen (const char *);
      |                  ^~~~~~~~~~~~
../Core/Src/main.c:30:17: warning: pointer targets in passing argument 1 of 'sprintf' differ in signedness [-Wpointer-sign]
   30 |         sprintf(msg,"HCLK Frequency after changing source to PLL(from HSE) %ld\r\n",HAL_RCC_GetHCLKFreq());
      |                 ^~~
      |                 |
      |                 uint8_t * {aka unsigned char *}
F:\Knowledge_Update\STM32CubeIDE_1.19.0\STM32CubeIDE\plugins\com.st.stm32cube.ide.mcu.externaltools.gnu-tools-for-stm32.13.3.rel1.win32_1.0.0.202411081344\tools\bin/../lib/gcc/arm-none-eabi/13.3.1/../../../../arm-none-eabi/include/stdio.h:250:18: note: expected 'char * restrict' but argument is of type 'uint8_t *' {aka 'unsigned char *'}
  250 | int     sprintf (char *__restrict, const char *__restrict, ...)
      |                  ^
../Core/Src/main.c:31:59: warning: pointer targets in passing argument 1 of 'strlen' differ in signedness [-Wpointer-sign]
   31 |         HAL_UART_Transmit(&huart2, (uint8_t *)msg, strlen(msg), HAL_MAX_DELAY);
      |                                                           ^~~
      |                                                           |
      |                                                           uint8_t * {aka unsigned char *}
F:\Knowledge_Update\STM32CubeIDE_1.19.0\STM32CubeIDE\plugins\com.st.stm32cube.ide.mcu.externaltools.gnu-tools-for-stm32.13.3.rel1.win32_1.0.0.202411081344\tools\bin/../lib/gcc/arm-none-eabi/13.3.1/../../../../arm-none-eabi/include/string.h:41:18: note: expected 'const char *' but argument is of type 'uint8_t *' {aka 'unsigned char *'}
   41 | size_t   strlen (const char *);
      |                  ^~~~~~~~~~~~
arm-none-eabi-gcc -o "PLL_MaxFrequency.elf" @"objects.list"   -mcpu=cortex-m4 -T"F:\Knowledge_Update\workspace_1.19.0\HAL\PLL_MaxFrequency\STM32F446RETX_FLASH.ld" --specs=nosys.specs -Wl,-Map="PLL_MaxFrequency.map" -Wl,--gc-sections -static --specs=nano.specs -mfpu=fpv4-sp-d16 -mfloat-abi=hard -mthumb -Wl,--start-group -lc -lm -Wl,--end-group
Finished building target: PLL_MaxFrequency.elf
 
arm-none-eabi-size  PLL_MaxFrequency.elf 
arm-none-eabi-objdump -h -S PLL_MaxFrequency.elf  > "PLL_MaxFrequency.list"
   text	   data	    bss	    dec	    hex	filename
  14180	     92	   2076	  16348	   3fdc	PLL_MaxFrequency.elf
Finished building: default.size.stdout
 
Finished building: PLL_MaxFrequency.list
 

09:44:06 Build Finished. 0 errors, 4 warnings. (took 2s.213ms)

