16:58:48 **** Incremental Build of configuration Debug for project Timers_Basic_Interrupt ****
make -j8 all 
arm-none-eabi-gcc "../Core/Src/main.c" -mcpu=cortex-m4 -std=gnu11 -g3 -DDEBUG -DUSE_HAL_DRIVER -DSTM32F446xx -c -I../Core/Inc -I../Drivers/STM32F4xx_HAL_Driver/Inc -I../Drivers/STM32F4xx_HAL_Driver/Inc/Legacy -I../Drivers/CMSIS/Device/ST/STM32F4xx/Include -I../Drivers/CMSIS/Include -O0 -ffunction-sections -fdata-sections -Wall -fstack-usage -fcyclomatic-complexity -MMD -MP -MF"Core/Src/main.d" -MT"Core/Src/main.o" --specs=nano.specs -mfpu=fpv4-sp-d16 -mfloat-abi=hard -mthumb -o "Core/Src/main.o"
arm-none-eabi-gcc -o "Timers_Basic_Interrupt.elf" @"objects.list"   -mcpu=cortex-m4 -T"F:\Knowledge_Update\workspace_1.19.0\HAL\Timers_Basic_Interrupt\STM32F446RETX_FLASH.ld" --specs=nosys.specs -Wl,-Map="Timers_Basic_Interrupt.map" -Wl,--gc-sections -static --specs=nano.specs -mfpu=fpv4-sp-d16 -mfloat-abi=hard -mthumb -Wl,--start-group -lc -lm -Wl,--end-group
Finished building target: Timers_Basic_Interrupt.elf
 
arm-none-eabi-size  Timers_Basic_Interrupt.elf 
arm-none-eabi-objdump -h -S Timers_Basic_Interrupt.elf  > "Timers_Basic_Interrupt.list"
   text	   data	    bss	    dec	    hex	filename
   4088	     12	   1644	   5744	   1670	Timers_Basic_Interrupt.elf
Finished building: default.size.stdout
 
Finished building: Timers_Basic_Interrupt.list
 

16:58:50 Build Finished. 0 errors, 0 warnings. (took 1s.216ms)

